eeschema (2010-05-05 BZR 2356)-stable  >> Creation date: 18.08.2010 16:47:45

#Cmp ( Sortiert nach Referenz )
| C1         100nF       ;             
| C2         100nF       ;             
| C3         100nF       ;             
| C4         100nF       ;             
| C5         100nF       ;             
| C6         100nF       ;             
| P1         2v9         ;             
| P2         3v3         ;             
| P3         Bordnetz    ;             
| P4         5V          ;             
| R1         150         ;             
| R3         160         ;             
| R4         220         ;             
| R5         240         ;             
| U1         LM317 (2v9) ;             
| U2         LM317 (3v3) ;             
| U3         7805        ;             
#Ende Cmp

#Cmp ( Sortiert nach Wert )
| 100nF        C1        ;             
| 100nF        C2        ;             
| 100nF        C3        ;             
| 100nF        C4        ;             
| 100nF        C5        ;             
| 100nF        C6        ;             
| 150          R1        ;             
| 160          R3        ;             
| 220          R4        ;             
| 240          R5        ;             
| 2v9          P1        ;             
| 3v3          P2        ;             
| 5V           P4        ;             
| 7805         U3        ;             
| Bordnetz     P3        ;             
| LM317 (2v9)  U1        ;             
| LM317 (3v3)  U2        ;             
#Ende Cmp

#Ende der Liste
