Archive member included because of file (symbol)

/home/irrenhaus/Dropbox/_apps/CodeSourcery/bin/../lib/gcc/arm-none-eabi/4.5.1/../../../../arm-none-eabi/lib/thumb2/libc.a(lib_a-init.o)
                              Debug/firmware/CMSIS/CM3/DeviceSupport/ST/STM32F10x/startup/TrueSTUDIO/startup_stm32f10x_cl.o (__libc_init_array)
/home/irrenhaus/Dropbox/_apps/CodeSourcery/bin/../lib/gcc/arm-none-eabi/4.5.1/../../../../arm-none-eabi/lib/thumb2/libc.a(lib_a-memcmp.o)
                              Debug/FreeRTOS/tasks.o (memcmp)
/home/irrenhaus/Dropbox/_apps/CodeSourcery/bin/../lib/gcc/arm-none-eabi/4.5.1/../../../../arm-none-eabi/lib/thumb2/libc.a(lib_a-memcpy.o)
                              Debug/src/main.o (memcpy)
/home/irrenhaus/Dropbox/_apps/CodeSourcery/bin/../lib/gcc/arm-none-eabi/4.5.1/../../../../arm-none-eabi/lib/thumb2/libc.a(lib_a-memset.o)
                              Debug/FreeRTOS/tasks.o (memset)
/home/irrenhaus/Dropbox/_apps/CodeSourcery/bin/../lib/gcc/arm-none-eabi/4.5.1/../../../../arm-none-eabi/lib/thumb2/libc.a(lib_a-strchr.o)
                              Debug/src/lib/minIni/minIni.o (strchr)
/home/irrenhaus/Dropbox/_apps/CodeSourcery/bin/../lib/gcc/arm-none-eabi/4.5.1/../../../../arm-none-eabi/lib/thumb2/libc.a(lib_a-strcmp.o)
                              Debug/src/lib/minIni/minIni.o (strcmp)
/home/irrenhaus/Dropbox/_apps/CodeSourcery/bin/../lib/gcc/arm-none-eabi/4.5.1/../../../../arm-none-eabi/lib/thumb2/libc.a(lib_a-strlen.o)
                              Debug/src/lib/minIni/minIni.o (strlen)
/home/irrenhaus/Dropbox/_apps/CodeSourcery/bin/../lib/gcc/arm-none-eabi/4.5.1/../../../../arm-none-eabi/lib/thumb2/libc.a(lib_a-strncasecmp.o)
                              Debug/src/lib/minIni/minIni.o (strncasecmp)
/home/irrenhaus/Dropbox/_apps/CodeSourcery/bin/../lib/gcc/arm-none-eabi/4.5.1/../../../../arm-none-eabi/lib/thumb2/libc.a(lib_a-strncpy.o)
                              Debug/FreeRTOS/tasks.o (strncpy)
/home/irrenhaus/Dropbox/_apps/CodeSourcery/bin/../lib/gcc/arm-none-eabi/4.5.1/../../../../arm-none-eabi/lib/thumb2/libc.a(lib_a-strtol.o)
                              Debug/src/lib/minIni/minIni.o (strtol)
/home/irrenhaus/Dropbox/_apps/CodeSourcery/bin/../lib/gcc/arm-none-eabi/4.5.1/../../../../arm-none-eabi/lib/thumb2/libc.a(lib_a-ctype_.o)
                              /home/irrenhaus/Dropbox/_apps/CodeSourcery/bin/../lib/gcc/arm-none-eabi/4.5.1/../../../../arm-none-eabi/lib/thumb2/libc.a(lib_a-strncasecmp.o) (__ctype_ptr__)
/home/irrenhaus/Dropbox/_apps/CodeSourcery/bin/../lib/gcc/arm-none-eabi/4.5.1/../../../../arm-none-eabi/lib/thumb2/libc.a(lib_a-impure.o)
                              /home/irrenhaus/Dropbox/_apps/CodeSourcery/bin/../lib/gcc/arm-none-eabi/4.5.1/../../../../arm-none-eabi/lib/thumb2/libc.a(lib_a-strtol.o) (_impure_ptr)
/home/irrenhaus/Dropbox/_apps/CodeSourcery/bin/../lib/gcc/arm-none-eabi/4.5.1/thumb2/libgcc.a(_udivsi3.o)
                              /home/irrenhaus/Dropbox/_apps/CodeSourcery/bin/../lib/gcc/arm-none-eabi/4.5.1/../../../../arm-none-eabi/lib/thumb2/libc.a(lib_a-strtol.o) (__aeabi_uidiv)
/home/irrenhaus/Dropbox/_apps/CodeSourcery/bin/../lib/gcc/arm-none-eabi/4.5.1/thumb2/libgcc.a(_dvmd_tls.o)
                              /home/irrenhaus/Dropbox/_apps/CodeSourcery/bin/../lib/gcc/arm-none-eabi/4.5.1/thumb2/libgcc.a(_udivsi3.o) (__aeabi_idiv0)

Allocating common symbols
Common symbol       size              file

dbgMessage          0x20              Debug/src/dbgMsg.o

Discarded input sections

 .text          0x00000000        0x0 /home/irrenhaus/Dropbox/_apps/CodeSourcery/bin/../lib/gcc/arm-none-eabi/4.5.1/thumb2/crti.o
 .data          0x00000000        0x0 /home/irrenhaus/Dropbox/_apps/CodeSourcery/bin/../lib/gcc/arm-none-eabi/4.5.1/thumb2/crti.o
 .bss           0x00000000        0x0 /home/irrenhaus/Dropbox/_apps/CodeSourcery/bin/../lib/gcc/arm-none-eabi/4.5.1/thumb2/crti.o
 .data          0x00000000        0x4 /home/irrenhaus/Dropbox/_apps/CodeSourcery/bin/../lib/gcc/arm-none-eabi/4.5.1/thumb2/crtbegin.o
 .text          0x00000000        0x0 Debug/src/ad7843.o
 .data          0x00000000        0x0 Debug/src/ad7843.o
 .bss           0x00000000        0x0 Debug/src/ad7843.o
 .text.initTouchscreenController
                0x00000000       0xc4 Debug/src/ad7843.o
 .text          0x00000000        0x0 Debug/src/config.o
 .data          0x00000000        0x0 Debug/src/config.o
 .bss           0x00000000        0x0 Debug/src/config.o
 .bss.sysTick   0x00000000        0x4 Debug/src/config.o
 .bss.lastFATCall
                0x00000000        0x4 Debug/src/config.o
 .text          0x00000000        0x0 Debug/src/dbgMsg.o
 .data          0x00000000        0x0 Debug/src/dbgMsg.o
 .bss           0x00000000        0x0 Debug/src/dbgMsg.o
 .text          0x00000000        0x0 Debug/src/displayTask.o
 .data          0x00000000        0x0 Debug/src/displayTask.o
 .bss           0x00000000        0x0 Debug/src/displayTask.o
[...]
Memory Configuration

Name             Origin             Length             Attributes
FLASH            0x08000000         0x00010000         xr
RAM              0x20000000         0x00005000         xrw
MEMORY_B1        0x60000000         0x00000000         xr
*default*        0x00000000         0xffffffff

Linker script and memory map

LOAD /home/irrenhaus/Dropbox/_apps/CodeSourcery/bin/../lib/gcc/arm-none-eabi/4.5.1/thumb2/crti.o
LOAD /home/irrenhaus/Dropbox/_apps/CodeSourcery/bin/../lib/gcc/arm-none-eabi/4.5.1/thumb2/crtbegin.o
LOAD Debug/src/ad7843.o
LOAD Debug/src/config.o
LOAD Debug/src/dbgMsg.o
LOAD Debug/src/displayTask.o
LOAD Debug/src/main.o
LOAD Debug/src/rtc.o
LOAD Debug/src/stm32f10x_it.o
LOAD Debug/src/syscalls.o
LOAD Debug/src/util.o
LOAD Debug/FreeRTOS/heap_2.o
LOAD Debug/FreeRTOS/list.o
LOAD Debug/FreeRTOS/port.o
LOAD Debug/FreeRTOS/queue.o
LOAD Debug/FreeRTOS/tasks.o
LOAD Debug/src/font/font_8x12.o
LOAD Debug/src/font/font_8x8.o
LOAD Debug/src/font/font_clock.o
LOAD Debug/src/lib/lcd/lcd.o
LOAD Debug/src/lib/lcd/MI0283QT-2.o
LOAD Debug/src/lib/fat_sd/fattime.o
LOAD Debug/src/lib/fat_sd/ff.o
LOAD Debug/src/lib/fat_sd/sd_spi_stm32.o
LOAD Debug/src/lib/minIni/minIni.o
LOAD Debug/firmware/STM32F10x_StdPeriph_Driver/src/misc.o
LOAD Debug/firmware/STM32F10x_StdPeriph_Driver/src/stm32f10x_adc.o
LOAD Debug/firmware/STM32F10x_StdPeriph_Driver/src/stm32f10x_bkp.o
LOAD Debug/firmware/STM32F10x_StdPeriph_Driver/src/stm32f10x_can.o
LOAD Debug/firmware/STM32F10x_StdPeriph_Driver/src/stm32f10x_cec.o
LOAD Debug/firmware/STM32F10x_StdPeriph_Driver/src/stm32f10x_crc.o
LOAD Debug/firmware/STM32F10x_StdPeriph_Driver/src/stm32f10x_dac.o
LOAD Debug/firmware/STM32F10x_StdPeriph_Driver/src/stm32f10x_dbgmcu.o
LOAD Debug/firmware/STM32F10x_StdPeriph_Driver/src/stm32f10x_dma.o
LOAD Debug/firmware/STM32F10x_StdPeriph_Driver/src/stm32f10x_exti.o
LOAD Debug/firmware/STM32F10x_StdPeriph_Driver/src/stm32f10x_flash.o
LOAD Debug/firmware/STM32F10x_StdPeriph_Driver/src/stm32f10x_fsmc.o
LOAD Debug/firmware/STM32F10x_StdPeriph_Driver/src/stm32f10x_gpio.o
LOAD Debug/firmware/STM32F10x_StdPeriph_Driver/src/stm32f10x_i2c.o
LOAD Debug/firmware/STM32F10x_StdPeriph_Driver/src/stm32f10x_iwdg.o
LOAD Debug/firmware/STM32F10x_StdPeriph_Driver/src/stm32f10x_pwr.o
LOAD Debug/firmware/STM32F10x_StdPeriph_Driver/src/stm32f10x_rcc.o
LOAD Debug/firmware/STM32F10x_StdPeriph_Driver/src/stm32f10x_rtc.o
LOAD Debug/firmware/STM32F10x_StdPeriph_Driver/src/stm32f10x_sdio.o
LOAD Debug/firmware/STM32F10x_StdPeriph_Driver/src/stm32f10x_spi.o
LOAD Debug/firmware/STM32F10x_StdPeriph_Driver/src/stm32f10x_tim.o
LOAD Debug/firmware/STM32F10x_StdPeriph_Driver/src/stm32f10x_usart.o
LOAD Debug/firmware/STM32F10x_StdPeriph_Driver/src/stm32f10x_wwdg.o
LOAD Debug/firmware/CMSIS/CM3/CoreSupport/core_cm3.o
LOAD Debug/firmware/CMSIS/CM3/DeviceSupport/ST/STM32F10x/system_stm32f10x.o
LOAD Debug/firmware/CMSIS/CM3/DeviceSupport/ST/STM32F10x/startup/TrueSTUDIO/startup_stm32f10x_cl.o
START GROUP
LOAD /home/irrenhaus/Dropbox/_apps/CodeSourcery/bin/../lib/gcc/arm-none-eabi/4.5.1/thumb2/libgcc.a
LOAD /home/irrenhaus/Dropbox/_apps/CodeSourcery/bin/../lib/gcc/arm-none-eabi/4.5.1/../../../../arm-none-eabi/lib/thumb2/libc.a
END GROUP
LOAD /home/irrenhaus/Dropbox/_apps/CodeSourcery/bin/../lib/gcc/arm-none-eabi/4.5.1/thumb2/crtend.o
LOAD /home/irrenhaus/Dropbox/_apps/CodeSourcery/bin/../lib/gcc/arm-none-eabi/4.5.1/thumb2/crtn.o
                0x20005000                _estack = 0x20005000
                0x00000000                _Min_Heap_Size = 0x0
                0x00000100                _Min_Stack_Size = 0x100

.isr_vector     0x08000000      0x1e4
                0x08000000                . = ALIGN (0x4)
 *(.isr_vector)
 .isr_vector    0x08000000      0x1e4 Debug/firmware/CMSIS/CM3/DeviceSupport/ST/STM32F10x/startup/TrueSTUDIO/startup_stm32f10x_cl.o
                0x08000000                g_pfnVectors
                0x080001e4                . = ALIGN (0x4)

.text           0x080001e4     0x4afc
                0x080001e4                . = ALIGN (0x4)
 *(.text)
 .text          0x080001e4       0x30 /home/irrenhaus/Dropbox/_apps/CodeSourcery/bin/../lib/gcc/arm-none-eabi/4.5.1/thumb2/crtbegin.o
 .text          0x08000214       0x50 /home/irrenhaus/Dropbox/_apps/CodeSourcery/bin/../lib/gcc/arm-none-eabi/4.5.1/../../../../arm-none-eabi/lib/thumb2/libc.a(lib_a-init.o)
                0x08000214                __libc_init_array
 .text          0x08000264       0x58 /home/irrenhaus/Dropbox/_apps/CodeSourcery/bin/../lib/gcc/arm-none-eabi/4.5.1/../../../../arm-none-eabi/lib/thumb2/libc.a(lib_a-memcmp.o)
                0x08000264                memcmp
 .text          0x080002bc      0x150 /home/irrenhaus/Dropbox/_apps/CodeSourcery/bin/../lib/gcc/arm-none-eabi/4.5.1/../../../../arm-none-eabi/lib/thumb2/libc.a(lib_a-memcpy.o)
                0x080002bc                memcpy
 .text          0x0800040c       0xb4 /home/irrenhaus/Dropbox/_apps/CodeSourcery/bin/../lib/gcc/arm-none-eabi/4.5.1/../../../../arm-none-eabi/lib/thumb2/libc.a(lib_a-memset.o)
                0x0800040c                memset
 .text          0x080004c0       0x7c /home/irrenhaus/Dropbox/_apps/CodeSourcery/bin/../lib/gcc/arm-none-eabi/4.5.1/../../../../arm-none-eabi/lib/thumb2/libc.a(lib_a-strncpy.o)
                0x080004c0                strncpy
 *(.text*)
 .text.NVIC_SetPriority
                0x0800053c       0x5c Debug/src/config.o
 .text.SysTick_Config
                0x08000598       0x64 Debug/src/config.o
 .text.configureNVIC
                0x080005fc        0xc Debug/src/config.o
                0x080005fc                configureNVIC
 .text.configureSystem
                0x08000608      0x10c Debug/src/config.o
                0x08000608                configureSystem
 .text.initDisplay
                0x08000714       0x98 Debug/src/displayTask.o
                0x08000714                initDisplay
 .text.displayTask
                0x080007ac      0x290 Debug/src/displayTask.o
                0x080007ac                displayTask
 .text.vApplicationTickHook
                0x08000a3c       0x58 Debug/src/main.o
                0x08000a3c                vApplicationTickHook
 .text.EXTI15_10_IRQHandler
                0x08000a94       0x68 Debug/src/main.o
                0x08000a94                EXTI15_10_IRQHandler
 .text.touchTask
                0x08000afc      0x1b4 Debug/src/main.o
                0x08000afc                touchTask
 .text.main     0x08000cb0      0x214 Debug/src/main.o
                0x08000cb0                main
 .text.rtc_init
                0x08000ec4       0xa8 Debug/src/rtc.o
                0x08000ec4                rtc_init
 .text.NMI_Handler
                0x08000f6c        0xc Debug/src/stm32f10x_it.o
                0x08000f6c                NMI_Handler
 .text.HardFault_Handler
                0x08000f78       0x18 Debug/src/stm32f10x_it.o
                0x08000f78                HardFault_Handler
 .text.MemManage_Handler
                0x08000f90        0x8 Debug/src/stm32f10x_it.o
                0x08000f90                MemManage_Handler
 .text.BusFault_Handler
                0x08000f98        0x8 Debug/src/stm32f10x_it.o
                0x08000f98                BusFault_Handler
 .text.UsageFault_Handler
                0x08000fa0        0x8 Debug/src/stm32f10x_it.o
                0x08000fa0                UsageFault_Handler
 .text.DebugMon_Handler
                0x08000fa8        0xc Debug/src/stm32f10x_it.o
                0x08000fa8                DebugMon_Handler
 .text.vApplicationStackOverflowHook
                0x08000fb4        0x8 Debug/src/stm32f10x_it.o
                0x08000fb4                vApplicationStackOverflowHook
 .text.delay_ms
                0x08000fbc       0x18 Debug/src/util.o
                0x08000fbc                delay_ms
 .text.pvPortMalloc
                0x08000fd4      0x1b0 Debug/FreeRTOS/heap_2.o
                0x08000fd4                pvPortMalloc
 .text.vPortFree
                0x08001184       0x88 Debug/FreeRTOS/heap_2.o
                0x08001184                vPortFree
 .text.vListInitialise
                0x0800120c       0x48 Debug/FreeRTOS/list.o
                0x0800120c                vListInitialise
 .text.vListInitialiseItem
                0x08001254       0x1c Debug/FreeRTOS/list.o
                0x08001254                vListInitialiseItem
 .text.vListInsertEnd
                0x08001270       0x54 Debug/FreeRTOS/list.o
                0x08001270                vListInsertEnd
 .text.vListInsert
                0x080012c4       0x78 Debug/FreeRTOS/list.o
                0x080012c4                vListInsert
 .text.vListRemove
                0x0800133c       0x54 Debug/FreeRTOS/list.o
                0x0800133c                vListRemove
 .text.pxPortInitialiseStack
                0x08001390       0x60 Debug/FreeRTOS/port.o
                0x08001390                pxPortInitialiseStack
 .text.SVC_Handler
                0x080013f0       0x20 Debug/FreeRTOS/port.o
                0x080013f0                SVC_Handler
 .text.vPortStartFirstTask
                0x08001410       0x10 Debug/FreeRTOS/port.o
                0x08001410                vPortStartFirstTask
 .text.xPortStartScheduler
                0x08001420       0x54 Debug/FreeRTOS/port.o
                0x08001420                xPortStartScheduler
 .text.vPortYieldFromISR
                0x08001474       0x18 Debug/FreeRTOS/port.o
                0x08001474                vPortYieldFromISR
 .text.vPortEnterCritical
                0x0800148c       0x2c Debug/FreeRTOS/port.o
                0x0800148c                vPortEnterCritical
 .text.vPortExitCritical
                0x080014b8       0x38 Debug/FreeRTOS/port.o
                0x080014b8                vPortExitCritical
 .text.PendSV_Handler
                0x080014f0       0x3c Debug/FreeRTOS/port.o
                0x080014f0                PendSV_Handler
 .text.SysTick_Handler
                0x0800152c       0x38 Debug/FreeRTOS/port.o
                0x0800152c                SysTick_Handler
 .text.prvSetupTimerInterrupt
                0x08001564       0x40 Debug/FreeRTOS/port.o
 .text.xTaskGenericCreate
                0x080015a4      0x1a0 Debug/FreeRTOS/tasks.o
                0x080015a4                xTaskGenericCreate
 .text.vTaskDelay
                0x08001744       0xb4 Debug/FreeRTOS/tasks.o
                0x08001744                vTaskDelay
 .text.vTaskStartScheduler
                0x080017f8       0x74 Debug/FreeRTOS/tasks.o
                0x080017f8                vTaskStartScheduler
 .text.vTaskSuspendAll
                0x0800186c       0x24 Debug/FreeRTOS/tasks.o
                0x0800186c                vTaskSuspendAll
 .text.xTaskResumeAll
                0x08001890      0x160 Debug/FreeRTOS/tasks.o
                0x08001890                xTaskResumeAll
 .text.vTaskIncrementTick
                0x080019f0      0x150 Debug/FreeRTOS/tasks.o
                0x080019f0                vTaskIncrementTick
 .text.vTaskSwitchContext
                0x08001b40      0x154 Debug/FreeRTOS/tasks.o
                0x08001b40                vTaskSwitchContext
 .text.prvIdleTask
                0x08001c94       0x24 Debug/FreeRTOS/tasks.o
 .text.prvInitialiseTCBVariables
                0x08001cb8       0x7c Debug/FreeRTOS/tasks.o
 .text.prvInitialiseTaskLists
                0x08001d34       0xa4 Debug/FreeRTOS/tasks.o
 .text.prvCheckTasksWaitingTermination
                0x08001dd8       0xa8 Debug/FreeRTOS/tasks.o
 .text.prvAllocateTCBAndStack
                0x08001e80       0x74 Debug/FreeRTOS/tasks.o
 .text.prvDeleteTCB
                0x08001ef4       0x20 Debug/FreeRTOS/tasks.o
 .text.lcd_checkbit
                0x08001f14       0x38 Debug/src/lib/lcd/lcd.o
                0x08001f14                lcd_checkbit
 .text.lcd_puts
                0x08001f4c       0x60 Debug/src/lib/lcd/lcd.o
                0x08001f4c                lcd_puts
 .text.lcd_putc
                0x08001fac      0x228 Debug/src/lib/lcd/lcd.o
                0x08001fac                lcd_putc
 .text.lcd_clear
                0x080021d4       0x48 Debug/src/lib/lcd/lcd.o
                0x080021d4                lcd_clear
 .text.lcd_init
                0x0800221c        0xc Debug/src/lib/lcd/lcd.o
                0x0800221c                lcd_init
 .text.ssi_write
                0x08002228       0x24 Debug/src/lib/lcd/MI0283QT-2.o
                0x08002228                ssi_write
 .text.lcd_draw
                0x0800224c       0x28 Debug/src/lib/lcd/MI0283QT-2.o
                0x0800224c                lcd_draw
 .text.lcd_drawstop
                0x08002274       0x1c Debug/src/lib/lcd/MI0283QT-2.o
                0x08002274                lcd_drawstop
 .text.lcd_drawstart
                0x08002290       0x5c Debug/src/lib/lcd/MI0283QT-2.o
                0x08002290                lcd_drawstart
 .text.lcd_setarea
                0x080022ec       0x80 Debug/src/lib/lcd/MI0283QT-2.o
                0x080022ec                lcd_setarea
 .text.lcd_cmd  0x0800236c       0x88 Debug/src/lib/lcd/MI0283QT-2.o
                0x0800236c                lcd_cmd
 .text.lcd_reset
                0x080023f4      0x1c8 Debug/src/lib/lcd/MI0283QT-2.o
                0x080023f4                lcd_reset
 .text.socket_is_write_protected
                0x080025bc       0x10 Debug/src/lib/fat_sd/sd_spi_stm32.o
 .text.socket_is_empty
                0x080025cc       0x10 Debug/src/lib/fat_sd/sd_spi_stm32.o
 .text.disk_timerproc
                0x080025dc      0x104 Debug/src/lib/fat_sd/sd_spi_stm32.o
                0x080025dc                disk_timerproc
 .text.NVIC_PriorityGroupConfig
                0x080026e0       0x28 Debug/firmware/STM32F10x_StdPeriph_Driver/src/misc.o
                0x080026e0                NVIC_PriorityGroupConfig
 .text.NVIC_Init
                0x08002708       0xec Debug/firmware/STM32F10x_StdPeriph_Driver/src/misc.o
                0x08002708                NVIC_Init
 .text.BKP_DeInit
                0x080027f4       0x18 Debug/firmware/STM32F10x_StdPeriph_Driver/src/stm32f10x_bkp.o
                0x080027f4                BKP_DeInit
 .text.BKP_WriteBackupRegister
                0x0800280c       0x38 Debug/firmware/STM32F10x_StdPeriph_Driver/src/stm32f10x_bkp.o
                0x0800280c                BKP_WriteBackupRegister
 .text.EXTI_Init
                0x08002844      0x158 Debug/firmware/STM32F10x_StdPeriph_Driver/src/stm32f10x_exti.o
                0x08002844                EXTI_Init
 .text.EXTI_GetITStatus
                0x0800299c       0x60 Debug/firmware/STM32F10x_StdPeriph_Driver/src/stm32f10x_exti.o
                0x0800299c                EXTI_GetITStatus
 .text.EXTI_ClearITPendingBit
                0x080029fc       0x20 Debug/firmware/STM32F10x_StdPeriph_Driver/src/stm32f10x_exti.o
                0x080029fc                EXTI_ClearITPendingBit
 .text.GPIO_Init
                0x08002a1c      0x1c0 Debug/firmware/STM32F10x_StdPeriph_Driver/src/stm32f10x_gpio.o
                0x08002a1c                GPIO_Init
 .text.GPIO_SetBits
                0x08002bdc       0x1c Debug/firmware/STM32F10x_StdPeriph_Driver/src/stm32f10x_gpio.o
                0x08002bdc                GPIO_SetBits
 .text.GPIO_ResetBits
                0x08002bf8       0x1c Debug/firmware/STM32F10x_StdPeriph_Driver/src/stm32f10x_gpio.o
                0x08002bf8                GPIO_ResetBits
 .text.GPIO_WriteBit
                0x08002c14       0x30 Debug/firmware/STM32F10x_StdPeriph_Driver/src/stm32f10x_gpio.o
                0x08002c14                GPIO_WriteBit
 .text.GPIO_EXTILineConfig
                0x08002c44       0xb4 Debug/firmware/STM32F10x_StdPeriph_Driver/src/stm32f10x_gpio.o
                0x08002c44                GPIO_EXTILineConfig
 .text.PWR_BackupAccessCmd
                0x08002cf8       0x20 Debug/firmware/STM32F10x_StdPeriph_Driver/src/stm32f10x_pwr.o
                0x08002cf8                PWR_BackupAccessCmd
 .text.RCC_DeInit
                0x08002d18       0xc4 Debug/firmware/STM32F10x_StdPeriph_Driver/src/stm32f10x_rcc.o
                0x08002d18                RCC_DeInit
 .text.RCC_HSEConfig
                0x08002ddc       0x88 Debug/firmware/STM32F10x_StdPeriph_Driver/src/stm32f10x_rcc.o
                0x08002ddc                RCC_HSEConfig
 .text.RCC_WaitForHSEStartUp
                0x08002e64       0x64 Debug/firmware/STM32F10x_StdPeriph_Driver/src/stm32f10x_rcc.o
                0x08002e64                RCC_WaitForHSEStartUp
 .text.RCC_PLLConfig
                0x08002ec8       0x4c Debug/firmware/STM32F10x_StdPeriph_Driver/src/stm32f10x_rcc.o
                0x08002ec8                RCC_PLLConfig
 .text.RCC_PLLCmd
                0x08002f14       0x20 Debug/firmware/STM32F10x_StdPeriph_Driver/src/stm32f10x_rcc.o
                0x08002f14                RCC_PLLCmd
 .text.RCC_PREDIV1Config
                0x08002f34       0x50 Debug/firmware/STM32F10x_StdPeriph_Driver/src/stm32f10x_rcc.o
                0x08002f34                RCC_PREDIV1Config
 .text.RCC_PREDIV2Config
                0x08002f84       0x44 Debug/firmware/STM32F10x_StdPeriph_Driver/src/stm32f10x_rcc.o
                0x08002f84                RCC_PREDIV2Config
 .text.RCC_PLL2Config
                0x08002fc8       0x44 Debug/firmware/STM32F10x_StdPeriph_Driver/src/stm32f10x_rcc.o
                0x08002fc8                RCC_PLL2Config
 .text.RCC_PLL2Cmd
                0x0800300c       0x20 Debug/firmware/STM32F10x_StdPeriph_Driver/src/stm32f10x_rcc.o
                0x0800300c                RCC_PLL2Cmd
 .text.RCC_SYSCLKConfig
                0x0800302c       0x44 Debug/firmware/STM32F10x_StdPeriph_Driver/src/stm32f10x_rcc.o
                0x0800302c                RCC_SYSCLKConfig
 .text.RCC_GetSYSCLKSource
                0x08003070       0x20 Debug/firmware/STM32F10x_StdPeriph_Driver/src/stm32f10x_rcc.o
                0x08003070                RCC_GetSYSCLKSource
 .text.RCC_HCLKConfig
                0x08003090       0x44 Debug/firmware/STM32F10x_StdPeriph_Driver/src/stm32f10x_rcc.o
                0x08003090                RCC_HCLKConfig
 .text.RCC_PCLK1Config
                0x080030d4       0x44 Debug/firmware/STM32F10x_StdPeriph_Driver/src/stm32f10x_rcc.o
                0x080030d4                RCC_PCLK1Config
 .text.RCC_PCLK2Config
                0x08003118       0x48 Debug/firmware/STM32F10x_StdPeriph_Driver/src/stm32f10x_rcc.o
                0x08003118                RCC_PCLK2Config
 .text.RCC_LSICmd
                0x08003160       0x20 Debug/firmware/STM32F10x_StdPeriph_Driver/src/stm32f10x_rcc.o
                0x08003160                RCC_LSICmd
 .text.RCC_RTCCLKConfig
                0x08003180       0x30 Debug/firmware/STM32F10x_StdPeriph_Driver/src/stm32f10x_rcc.o
                0x08003180                RCC_RTCCLKConfig
 .text.RCC_RTCCLKCmd
                0x080031b0       0x20 Debug/firmware/STM32F10x_StdPeriph_Driver/src/stm32f10x_rcc.o
                0x080031b0                RCC_RTCCLKCmd
 .text.RCC_APB2PeriphClockCmd
                0x080031d0       0x5c Debug/firmware/STM32F10x_StdPeriph_Driver/src/stm32f10x_rcc.o
                0x080031d0                RCC_APB2PeriphClockCmd
 .text.RCC_APB1PeriphClockCmd
                0x0800322c       0x5c Debug/firmware/STM32F10x_StdPeriph_Driver/src/stm32f10x_rcc.o
                0x0800322c                RCC_APB1PeriphClockCmd
 .text.RCC_BackupResetCmd
                0x08003288       0x20 Debug/firmware/STM32F10x_StdPeriph_Driver/src/stm32f10x_rcc.o
                0x08003288                RCC_BackupResetCmd
 .text.RCC_GetFlagStatus
                0x080032a8       0x90 Debug/firmware/STM32F10x_StdPeriph_Driver/src/stm32f10x_rcc.o
                0x080032a8                RCC_GetFlagStatus
 .text.RTC_EnterConfigMode
                0x08003338       0x28 Debug/firmware/STM32F10x_StdPeriph_Driver/src/stm32f10x_rtc.o
                0x08003338                RTC_EnterConfigMode
 .text.RTC_ExitConfigMode
                0x08003360       0x28 Debug/firmware/STM32F10x_StdPeriph_Driver/src/stm32f10x_rtc.o
                0x08003360                RTC_ExitConfigMode
 .text.RTC_GetCounter
                0x08003388       0x3c Debug/firmware/STM32F10x_StdPeriph_Driver/src/stm32f10x_rtc.o
                0x08003388                RTC_GetCounter
 .text.RTC_SetCounter
                0x080033c4       0x38 Debug/firmware/STM32F10x_StdPeriph_Driver/src/stm32f10x_rtc.o
                0x080033c4                RTC_SetCounter
 .text.RTC_SetPrescaler
                0x080033fc       0x3c Debug/firmware/STM32F10x_StdPeriph_Driver/src/stm32f10x_rtc.o
                0x080033fc                RTC_SetPrescaler
 .text.RTC_WaitForLastTask
                0x08003438       0x20 Debug/firmware/STM32F10x_StdPeriph_Driver/src/stm32f10x_rtc.o
                0x08003438                RTC_WaitForLastTask
 .text.RTC_WaitForSynchro
                0x08003458       0x3c Debug/firmware/STM32F10x_StdPeriph_Driver/src/stm32f10x_rtc.o
                0x08003458                RTC_WaitForSynchro
 .text.SPI_Init
                0x08003494       0x98 Debug/firmware/STM32F10x_StdPeriph_Driver/src/stm32f10x_spi.o
                0x08003494                SPI_Init
 .text.SPI_Cmd  0x0800352c       0x40 Debug/firmware/STM32F10x_StdPeriph_Driver/src/stm32f10x_spi.o
                0x0800352c                SPI_Cmd
 .text.SPI_I2S_SendData
                0x0800356c       0x1c Debug/firmware/STM32F10x_StdPeriph_Driver/src/stm32f10x_spi.o
                0x0800356c                SPI_I2S_SendData
 .text.SPI_I2S_ReceiveData
                0x08003588       0x1c Debug/firmware/STM32F10x_StdPeriph_Driver/src/stm32f10x_spi.o
                0x08003588                SPI_I2S_ReceiveData
 .text.SPI_I2S_GetFlagStatus
                0x080035a4       0x40 Debug/firmware/STM32F10x_StdPeriph_Driver/src/stm32f10x_spi.o
                0x080035a4                SPI_I2S_GetFlagStatus
 .text.SystemInit
                0x080035e4       0xc4 Debug/firmware/CMSIS/CM3/DeviceSupport/ST/STM32F10x/system_stm32f10x.o
                0x080035e4                SystemInit
 .text.SetSysClock
                0x080036a8        0xc Debug/firmware/CMSIS/CM3/DeviceSupport/ST/STM32F10x/system_stm32f10x.o
 .text.SetSysClockTo72
                0x080036b4      0x214 Debug/firmware/CMSIS/CM3/DeviceSupport/ST/STM32F10x/system_stm32f10x.o
 .text.Reset_Handler
                0x080038c8       0x48 Debug/firmware/CMSIS/CM3/DeviceSupport/ST/STM32F10x/startup/TrueSTUDIO/startup_stm32f10x_cl.o
                0x080038c8                Reset_Handler
 .text.Default_Handler
                0x08003910        0x2 Debug/firmware/CMSIS/CM3/DeviceSupport/ST/STM32F10x/startup/TrueSTUDIO/startup_stm32f10x_cl.o
                0x08003910                EXTI2_IRQHandler
                0x08003910                TIM1_CC_IRQHandler
                0x08003910                TIM6_IRQHandler
                0x08003910                PVD_IRQHandler
                0x08003910                CAN2_RX1_IRQHandler
                0x08003910                EXTI3_IRQHandler
                0x08003910                EXTI0_IRQHandler
                0x08003910                I2C2_EV_IRQHandler
                0x08003910                CAN1_RX0_IRQHandler
                0x08003910                CAN2_SCE_IRQHandler
                0x08003910                ADC1_2_IRQHandler
                0x08003910                SPI1_IRQHandler
                0x08003910                TAMPER_IRQHandler
                0x08003910                CAN2_RX0_IRQHandler
                0x08003910                DMA2_Channel2_IRQHandler
                0x08003910                DMA1_Channel4_IRQHandler
                0x08003910                USART3_IRQHandler
                0x08003910                RTC_IRQHandler
                0x08003910                DMA1_Channel7_IRQHandler
                0x08003910                CAN1_RX1_IRQHandler
                0x08003910                UART5_IRQHandler
                0x08003910                TIM4_IRQHandler
                0x08003910                DMA2_Channel1_IRQHandler
                0x08003910                I2C1_EV_IRQHandler
                0x08003910                DMA1_Channel6_IRQHandler
                0x08003910                UART4_IRQHandler
                0x08003910                DMA2_Channel4_IRQHandler
                0x08003910                TIM3_IRQHandler
                0x08003910                RCC_IRQHandler
                0x08003910                TIM1_TRG_COM_IRQHandler
                0x08003910                DMA1_Channel1_IRQHandler
                0x08003910                Default_Handler
                0x08003910                TIM7_IRQHandler
                0x08003910                CAN2_TX_IRQHandler
                0x08003910                TIM5_IRQHandler
                0x08003910                EXTI9_5_IRQHandler
                0x08003910                ETH_WKUP_IRQHandler
                0x08003910                SPI2_IRQHandler
                0x08003910                CAN1_TX_IRQHandler
                0x08003910                DMA2_Channel5_IRQHandler
                0x08003910                DMA1_Channel5_IRQHandler
                0x08003910                EXTI4_IRQHandler
                0x08003910                DMA1_Channel3_IRQHandler
                0x08003910                ETH_IRQHandler
                0x08003910                TIM1_UP_IRQHandler
                0x08003910                WWDG_IRQHandler
                0x08003910                TIM2_IRQHandler
                0x08003910                OTG_FS_WKUP_IRQHandler
                0x08003910                TIM1_BRK_IRQHandler
                0x08003910                EXTI1_IRQHandler
                0x08003910                RTCAlarm_IRQHandler
                0x08003910                USART2_IRQHandler
                0x08003910                I2C2_ER_IRQHandler
                0x08003910                DMA1_Channel2_IRQHandler
                0x08003910                CAN1_SCE_IRQHandler
                0x08003910                FLASH_IRQHandler
                0x08003910                USART1_IRQHandler
                0x08003910                OTG_FS_IRQHandler
                0x08003910                SPI3_IRQHandler
                0x08003910                I2C1_ER_IRQHandler
                0x08003910                DMA2_Channel3_IRQHandler
 *(.rodata)
 *fill*         0x08003912        0x2 00
 .rodata        0x08003914       0x34 Debug/src/main.o
 .rodata        0x08003948        0x8 Debug/FreeRTOS/tasks.o
 *(.rodata*)
 .rodata.C.0.6162
                0x08003950       0x20 Debug/src/displayTask.o
 .rodata.heapSTRUCT_SIZE
                0x08003970        0x2 Debug/FreeRTOS/heap_2.o
 *fill*         0x08003972        0x2 00
 .rodata.ucExpectedStackBytes.3053
                0x08003974       0x14 Debug/FreeRTOS/tasks.o
 .rodata.font2  0x08003988      0xa80 Debug/src/font/font_8x12.o
                0x08003988                font2
 .rodata.font1  0x08004408      0x700 Debug/src/font/font_8x8.o
                0x08004408                font1
 .rodata.font3  0x08004b08      0x1b8 Debug/src/font/font_clock.o
                0x08004b08                font3
 .rodata.socket_state_mask_cp
                0x08004cc0        0x4 Debug/src/lib/fat_sd/sd_spi_stm32.o
 .rodata.socket_state_mask_wp
                0x08004cc4        0x4 Debug/src/lib/fat_sd/sd_spi_stm32.o
 *(.glue_7)
 .glue_7        0x00000000        0x0 linker stubs
 *(.glue_7t)
 .glue_7t       0x00000000        0x0 linker stubs
 *(.eh_frame)
 *(.init)
 .init          0x08004cc8        0x4 /home/irrenhaus/Dropbox/_apps/CodeSourcery/bin/../lib/gcc/arm-none-eabi/4.5.1/thumb2/crti.o
                0x08004cc8                _init
 .init          0x08004ccc        0x8 /home/irrenhaus/Dropbox/_apps/CodeSourcery/bin/../lib/gcc/arm-none-eabi/4.5.1/thumb2/crtn.o
 *(.fini)
 .fini          0x08004cd4        0x4 /home/irrenhaus/Dropbox/_apps/CodeSourcery/bin/../lib/gcc/arm-none-eabi/4.5.1/thumb2/crti.o
                0x08004cd4                _fini
 .fini          0x08004cd8        0x8 /home/irrenhaus/Dropbox/_apps/CodeSourcery/bin/../lib/gcc/arm-none-eabi/4.5.1/thumb2/crtn.o
                0x08004ce0                . = ALIGN (0x4)
                0x08004ce0                _etext = .

.vfp11_veneer   0x08004ce0        0x0
 .vfp11_veneer  0x00000000        0x0 linker stubs

.v4_bx          0x08004ce0        0x0
 .v4_bx         0x00000000        0x0 linker stubs

.ARM.extab
 *(.ARM.extab* .gnu.linkonce.armextab.*)

.ARM            0x08004ce0        0x0
                0x08004ce0                __exidx_start = .
 *(.ARM.exidx*)
                0x08004ce0                __exidx_end = .

.preinit_array  0x08004ce0        0x0
                0x08004ce0                PROVIDE (__preinit_array_start, .)
 *(.preinit_array*)
                0x08004ce0                PROVIDE (__preinit_array_end, .)

.init_array     0x08004ce0        0x4
                0x08004ce0                PROVIDE (__init_array_start, .)
 *(SORT(.init_array.*))
 *(.init_array*)
 .init_array    0x08004ce0        0x4 /home/irrenhaus/Dropbox/_apps/CodeSourcery/bin/../lib/gcc/arm-none-eabi/4.5.1/thumb2/crtbegin.o
                0x08004ce4                PROVIDE (__init_array_end, .)

.fini_array     0x08004ce4        0x4
                0x08004ce4                PROVIDE (__fini_array_start, .)
 *(.fini_array*)
 .fini_array    0x08004ce4        0x4 /home/irrenhaus/Dropbox/_apps/CodeSourcery/bin/../lib/gcc/arm-none-eabi/4.5.1/thumb2/crtbegin.o
 *(SORT(.fini_array.*))
                0x08004ce8                PROVIDE (__fini_array_end, .)
                0x08004ce8                _sidata = .

.data           0x20000000       0x10 load address 0x08004ce8
                0x20000000                . = ALIGN (0x4)
                0x20000000                _sdata = .
 *(.data)
 *(.data*)
 .data.xFreeBytesRemaining
                0x20000000        0x4 Debug/FreeRTOS/heap_2.o
 .data.uxCriticalNesting
                0x20000004        0x4 Debug/FreeRTOS/port.o
 .data.Stat     0x20000008        0x1 Debug/src/lib/fat_sd/sd_spi_stm32.o
 *fill*         0x20000009        0x3 00
 .data.SystemCoreClock
                0x2000000c        0x4 Debug/firmware/CMSIS/CM3/DeviceSupport/ST/STM32F10x/system_stm32f10x.o
                0x2000000c                SystemCoreClock
                0x20000010                . = ALIGN (0x4)
                0x20000010                _edata = .

.jcr            0x20000010        0x0 load address 0x08004cf8
 .jcr           0x20000010        0x0 /home/irrenhaus/Dropbox/_apps/CodeSourcery/bin/../lib/gcc/arm-none-eabi/4.5.1/thumb2/crtbegin.o
                0x20000010                . = ALIGN (0x4)

.bss            0x20000010     0x4558 load address 0x08004cf8
                0x20000010                _sbss = .
                0x20000010                __bss_start__ = _sbss
 *(.bss)
 .bss           0x20000010        0x1 /home/irrenhaus/Dropbox/_apps/CodeSourcery/bin/../lib/gcc/arm-none-eabi/4.5.1/thumb2/crtbegin.o
 *(.bss*)
 *fill*         0x20000011        0x3 00
 .bss.SysTickCounter
                0x20000014        0x4 Debug/src/main.o
 .bss.lastDiskTimerCall
                0x20000018        0x4 Debug/src/main.o
                0x20000018                lastDiskTimerCall
 .bss.reed      0x2000001c        0x4 Debug/src/main.o
                0x2000001c                reed
 .bss.lastOccured
                0x20000020        0x4 Debug/src/main.o
                0x20000020                lastOccured
 .bss.touchX    0x20000024        0x1 Debug/src/main.o
                0x20000024                touchX
 .bss.touchY    0x20000025        0x1 Debug/src/main.o
                0x20000025                touchY
 *fill*         0x20000026        0x2 00
 .bss.xHeap     0x20000028     0x4400 Debug/FreeRTOS/heap_2.o
 .bss.xStart    0x20004428        0x8 Debug/FreeRTOS/heap_2.o
 .bss.xEnd      0x20004430        0x8 Debug/FreeRTOS/heap_2.o
 .bss.xHeapHasBeenInitialised.2027
                0x20004438        0x4 Debug/FreeRTOS/heap_2.o
 .bss.pxCurrentTCB
                0x2000443c        0x4 Debug/FreeRTOS/tasks.o
                0x2000443c                pxCurrentTCB
 .bss.pxReadyTasksLists
                0x20004440       0x64 Debug/FreeRTOS/tasks.o
 .bss.xDelayedTaskList1
                0x200044a4       0x14 Debug/FreeRTOS/tasks.o
 .bss.xDelayedTaskList2
                0x200044b8       0x14 Debug/FreeRTOS/tasks.o
 .bss.pxDelayedTaskList
                0x200044cc        0x4 Debug/FreeRTOS/tasks.o
 .bss.pxOverflowDelayedTaskList
                0x200044d0        0x4 Debug/FreeRTOS/tasks.o
 .bss.xPendingReadyList
                0x200044d4       0x14 Debug/FreeRTOS/tasks.o
 .bss.xTasksWaitingTermination
                0x200044e8       0x14 Debug/FreeRTOS/tasks.o
 .bss.uxTasksDeleted
                0x200044fc        0x4 Debug/FreeRTOS/tasks.o
 .bss.xSuspendedTaskList
                0x20004500       0x14 Debug/FreeRTOS/tasks.o
 .bss.uxCurrentNumberOfTasks
                0x20004514        0x4 Debug/FreeRTOS/tasks.o
 .bss.xTickCount
                0x20004518        0x4 Debug/FreeRTOS/tasks.o
 .bss.uxTopUsedPriority
                0x2000451c        0x4 Debug/FreeRTOS/tasks.o
 .bss.uxTopReadyPriority
                0x20004520        0x4 Debug/FreeRTOS/tasks.o
 .bss.xSchedulerRunning
                0x20004524        0x4 Debug/FreeRTOS/tasks.o
 .bss.uxSchedulerSuspended
                0x20004528        0x4 Debug/FreeRTOS/tasks.o
 .bss.uxMissedTicks
                0x2000452c        0x4 Debug/FreeRTOS/tasks.o
 .bss.xMissedYield
                0x20004530        0x4 Debug/FreeRTOS/tasks.o
 .bss.xNumOfOverflows
                0x20004534        0x4 Debug/FreeRTOS/tasks.o
 .bss.uxTaskNumber
                0x20004538        0x4 Debug/FreeRTOS/tasks.o
 .bss.Timer1    0x2000453c        0x4 Debug/src/lib/fat_sd/sd_spi_stm32.o
 .bss.Timer2    0x20004540        0x4 Debug/src/lib/fat_sd/sd_spi_stm32.o
 .bss.pv.3843   0x20004544        0x4 Debug/src/lib/fat_sd/sd_spi_stm32.o
 *(COMMON)
 COMMON         0x20004548       0x20 Debug/src/dbgMsg.o
                0x20004548                dbgMessage
                0x20004568                . = ALIGN (0x4)
                0x20004568                _ebss = .
                0x20004568                __bss_end__ = _ebss
                0x20004568                PROVIDE (end, _ebss)
                0x20004568                PROVIDE (_end, _ebss)

._user_heap_stack
                0x20004568      0x100 load address 0x08009250
                0x20004568                . = ALIGN (0x4)
                0x20004568                . = (. + _Min_Heap_Size)
                0x20004668                . = (. + _Min_Stack_Size)
 *fill*         0x20004568      0x100 00
                0x20004668                . = ALIGN (0x4)

.memory_b1_text
 *(.mb1text)
 *(.mb1text*)
 *(.mb1rodata)
 *(.mb1rodata*)

/DISCARD/
 libc.a(*)
 libm.a(*)
 libgcc.a(*)

.ARM.attributes
                0x00000000       0x25
 *(.ARM.attributes)
 .ARM.attributes
                0x00000000       0x19 /home/irrenhaus/Dropbox/_apps/CodeSourcery/bin/../lib/gcc/arm-none-eabi/4.5.1/thumb2/crti.o
 .ARM.attributes
                0x00000019       0x29 /home/irrenhaus/Dropbox/_apps/CodeSourcery/bin/../lib/gcc/arm-none-eabi/4.5.1/thumb2/crtbegin.o
 .ARM.attributes
                0x00000042       0x31 Debug/src/ad7843.o
 .ARM.attributes
                0x00000073       0x31 Debug/src/config.o
 .ARM.attributes
                0x000000a4       0x31 Debug/src/dbgMsg.o
 .ARM.attributes
                0x000000d5       0x31 Debug/src/displayTask.o
 .ARM.attributes
                0x00000106       0x31 Debug/src/main.o
 .ARM.attributes
                0x00000137       0x31 Debug/src/rtc.o
 .ARM.attributes
                0x00000168       0x31 Debug/src/stm32f10x_it.o
 .ARM.attributes
                0x00000199       0x31 Debug/src/syscalls.o
 .ARM.attributes
                0x000001ca       0x31 Debug/src/util.o
 .ARM.attributes
                0x000001fb       0x31 Debug/FreeRTOS/heap_2.o
 .ARM.attributes
                0x0000022c       0x31 Debug/FreeRTOS/list.o
 .ARM.attributes
                0x0000025d       0x31 Debug/FreeRTOS/port.o
 .ARM.attributes
                0x0000028e       0x31 Debug/FreeRTOS/queue.o
 .ARM.attributes
                0x000002bf       0x31 Debug/FreeRTOS/tasks.o
 .ARM.attributes
                0x000002f0       0x31 Debug/src/font/font_8x12.o
 .ARM.attributes
                0x00000321       0x31 Debug/src/font/font_8x8.o
 .ARM.attributes
                0x00000352       0x31 Debug/src/font/font_clock.o
 .ARM.attributes
                0x00000383       0x31 Debug/src/lib/lcd/lcd.o
 .ARM.attributes
                0x000003b4       0x31 Debug/src/lib/lcd/MI0283QT-2.o
 .ARM.attributes
                0x000003e5       0x31 Debug/src/lib/fat_sd/fattime.o
 .ARM.attributes
                0x00000416       0x31 Debug/src/lib/fat_sd/ff.o
 .ARM.attributes
                0x00000447       0x31 Debug/src/lib/fat_sd/sd_spi_stm32.o
 .ARM.attributes
                0x00000478       0x31 Debug/src/lib/minIni/minIni.o
 .ARM.attributes
                0x000004a9       0x31 Debug/firmware/STM32F10x_StdPeriph_Driver/src/misc.o
 .ARM.attributes
                0x000004da       0x31 Debug/firmware/STM32F10x_StdPeriph_Driver/src/stm32f10x_adc.o
 .ARM.attributes
                0x0000050b       0x31 Debug/firmware/STM32F10x_StdPeriph_Driver/src/stm32f10x_bkp.o
 .ARM.attributes
                0x0000053c       0x31 Debug/firmware/STM32F10x_StdPeriph_Driver/src/stm32f10x_can.o
 .ARM.attributes
                0x0000056d       0x31 Debug/firmware/STM32F10x_StdPeriph_Driver/src/stm32f10x_cec.o
 .ARM.attributes
                0x0000059e       0x31 Debug/firmware/STM32F10x_StdPeriph_Driver/src/stm32f10x_crc.o
 .ARM.attributes
                0x000005cf       0x31 Debug/firmware/STM32F10x_StdPeriph_Driver/src/stm32f10x_dac.o
 .ARM.attributes
                0x00000600       0x31 Debug/firmware/STM32F10x_StdPeriph_Driver/src/stm32f10x_dbgmcu.o
 .ARM.attributes
                0x00000631       0x31 Debug/firmware/STM32F10x_StdPeriph_Driver/src/stm32f10x_dma.o
 .ARM.attributes
                0x00000662       0x31 Debug/firmware/STM32F10x_StdPeriph_Driver/src/stm32f10x_exti.o
 .ARM.attributes
                0x00000693       0x31 Debug/firmware/STM32F10x_StdPeriph_Driver/src/stm32f10x_flash.o
 .ARM.attributes
                0x000006c4       0x31 Debug/firmware/STM32F10x_StdPeriph_Driver/src/stm32f10x_fsmc.o
 .ARM.attributes
                0x000006f5       0x31 Debug/firmware/STM32F10x_StdPeriph_Driver/src/stm32f10x_gpio.o
 .ARM.attributes
                0x00000726       0x31 Debug/firmware/STM32F10x_StdPeriph_Driver/src/stm32f10x_i2c.o
 .ARM.attributes
                0x00000757       0x31 Debug/firmware/STM32F10x_StdPeriph_Driver/src/stm32f10x_iwdg.o
 .ARM.attributes
                0x00000788       0x31 Debug/firmware/STM32F10x_StdPeriph_Driver/src/stm32f10x_pwr.o
 .ARM.attributes
                0x000007b9       0x31 Debug/firmware/STM32F10x_StdPeriph_Driver/src/stm32f10x_rcc.o
 .ARM.attributes
                0x000007ea       0x31 Debug/firmware/STM32F10x_StdPeriph_Driver/src/stm32f10x_rtc.o
 .ARM.attributes
                0x0000081b       0x31 Debug/firmware/STM32F10x_StdPeriph_Driver/src/stm32f10x_sdio.o
 .ARM.attributes
                0x0000084c       0x31 Debug/firmware/STM32F10x_StdPeriph_Driver/src/stm32f10x_spi.o
 .ARM.attributes
                0x0000087d       0x31 Debug/firmware/STM32F10x_StdPeriph_Driver/src/stm32f10x_tim.o
 .ARM.attributes
                0x000008ae       0x31 Debug/firmware/STM32F10x_StdPeriph_Driver/src/stm32f10x_usart.o
 .ARM.attributes
                0x000008df       0x31 Debug/firmware/STM32F10x_StdPeriph_Driver/src/stm32f10x_wwdg.o
 .ARM.attributes
                0x00000910       0x31 Debug/firmware/CMSIS/CM3/CoreSupport/core_cm3.o
 .ARM.attributes
                0x00000941       0x31 Debug/firmware/CMSIS/CM3/DeviceSupport/ST/STM32F10x/system_stm32f10x.o
 .ARM.attributes
                0x00000972       0x21 Debug/firmware/CMSIS/CM3/DeviceSupport/ST/STM32F10x/startup/TrueSTUDIO/startup_stm32f10x_cl.o
 .ARM.attributes
                0x00000993       0x29 /home/irrenhaus/Dropbox/_apps/CodeSourcery/bin/../lib/gcc/arm-none-eabi/4.5.1/../../../../arm-none-eabi/lib/thumb2/libc.a(lib_a-init.o)
 .ARM.attributes
                0x000009bc       0x29 /home/irrenhaus/Dropbox/_apps/CodeSourcery/bin/../lib/gcc/arm-none-eabi/4.5.1/../../../../arm-none-eabi/lib/thumb2/libc.a(lib_a-memcmp.o)
 .ARM.attributes
                0x000009e5       0x29 /home/irrenhaus/Dropbox/_apps/CodeSourcery/bin/../lib/gcc/arm-none-eabi/4.5.1/../../../../arm-none-eabi/lib/thumb2/libc.a(lib_a-memcpy.o)
 .ARM.attributes
                0x00000a0e       0x29 /home/irrenhaus/Dropbox/_apps/CodeSourcery/bin/../lib/gcc/arm-none-eabi/4.5.1/../../../../arm-none-eabi/lib/thumb2/libc.a(lib_a-memset.o)
 .ARM.attributes
                0x00000a37       0x29 /home/irrenhaus/Dropbox/_apps/CodeSourcery/bin/../lib/gcc/arm-none-eabi/4.5.1/../../../../arm-none-eabi/lib/thumb2/libc.a(lib_a-strchr.o)
 .ARM.attributes
                0x00000a60       0x29 /home/irrenhaus/Dropbox/_apps/CodeSourcery/bin/../lib/gcc/arm-none-eabi/4.5.1/../../../../arm-none-eabi/lib/thumb2/libc.a(lib_a-strcmp.o)
 .ARM.attributes
                0x00000a89       0x29 /home/irrenhaus/Dropbox/_apps/CodeSourcery/bin/../lib/gcc/arm-none-eabi/4.5.1/../../../../arm-none-eabi/lib/thumb2/libc.a(lib_a-strlen.o)
 .ARM.attributes
                0x00000ab2       0x29 /home/irrenhaus/Dropbox/_apps/CodeSourcery/bin/../lib/gcc/arm-none-eabi/4.5.1/../../../../arm-none-eabi/lib/thumb2/libc.a(lib_a-strncasecmp.o)
 .ARM.attributes
                0x00000adb       0x29 /home/irrenhaus/Dropbox/_apps/CodeSourcery/bin/../lib/gcc/arm-none-eabi/4.5.1/../../../../arm-none-eabi/lib/thumb2/libc.a(lib_a-strncpy.o)
 .ARM.attributes
                0x00000b04       0x29 /home/irrenhaus/Dropbox/_apps/CodeSourcery/bin/../lib/gcc/arm-none-eabi/4.5.1/../../../../arm-none-eabi/lib/thumb2/libc.a(lib_a-strtol.o)
 .ARM.attributes
                0x00000b2d       0x29 /home/irrenhaus/Dropbox/_apps/CodeSourcery/bin/../lib/gcc/arm-none-eabi/4.5.1/../../../../arm-none-eabi/lib/thumb2/libc.a(lib_a-ctype_.o)
 .ARM.attributes
                0x00000b56       0x29 /home/irrenhaus/Dropbox/_apps/CodeSourcery/bin/../lib/gcc/arm-none-eabi/4.5.1/../../../../arm-none-eabi/lib/thumb2/libc.a(lib_a-impure.o)
 .ARM.attributes
                0x00000b7f       0x1b /home/irrenhaus/Dropbox/_apps/CodeSourcery/bin/../lib/gcc/arm-none-eabi/4.5.1/thumb2/libgcc.a(_udivsi3.o)
 .ARM.attributes
                0x00000b9a       0x1b /home/irrenhaus/Dropbox/_apps/CodeSourcery/bin/../lib/gcc/arm-none-eabi/4.5.1/thumb2/libgcc.a(_dvmd_tls.o)
 .ARM.attributes
                0x00000bb5       0x29 /home/irrenhaus/Dropbox/_apps/CodeSourcery/bin/../lib/gcc/arm-none-eabi/4.5.1/thumb2/crtend.o
 .ARM.attributes
                0x00000bde       0x19 /home/irrenhaus/Dropbox/_apps/CodeSourcery/bin/../lib/gcc/arm-none-eabi/4.5.1/thumb2/crtn.o
OUTPUT(Debug/Bordcomputer.elf elf32-littlearm)

.debug_abbrev   0x00000000     0x3b36
 .debug_abbrev  0x00000000       0xee Debug/src/ad7843.o
 .debug_abbrev  0x000000ee      0x198 Debug/src/config.o
 .debug_abbrev  0x00000286       0x65 Debug/src/dbgMsg.o
 .debug_abbrev  0x000002eb      0x132 Debug/src/displayTask.o
 .debug_abbrev  0x0000041d      0x1db Debug/src/main.o
 .debug_abbrev  0x000005f8      0x157 Debug/src/rtc.o
 .debug_abbrev  0x0000074f       0x9e Debug/src/stm32f10x_it.o
 .debug_abbrev  0x000007ed       0x7d Debug/src/syscalls.o
 .debug_abbrev  0x0000086a       0x77 Debug/src/util.o
 .debug_abbrev  0x000008e1      0x15e Debug/FreeRTOS/heap_2.o
 .debug_abbrev  0x00000a3f       0xb8 Debug/FreeRTOS/list.o
 .debug_abbrev  0x00000af7      0x14b Debug/FreeRTOS/port.o
 .debug_abbrev  0x00000c42      0x142 Debug/FreeRTOS/queue.o
 .debug_abbrev  0x00000d84      0x1b7 Debug/FreeRTOS/tasks.o
 .debug_abbrev  0x00000f3b       0x49 Debug/src/font/font_8x12.o
 .debug_abbrev  0x00000f84       0x49 Debug/src/font/font_8x8.o
 .debug_abbrev  0x00000fcd       0x49 Debug/src/font/font_clock.o
 .debug_abbrev  0x00001016      0x20c Debug/src/lib/lcd/lcd.o
 .debug_abbrev  0x00001222      0x10c Debug/src/lib/lcd/MI0283QT-2.o
 .debug_abbrev  0x0000132e       0xa4 Debug/src/lib/fat_sd/fattime.o
 .debug_abbrev  0x000013d2      0x221 Debug/src/lib/fat_sd/ff.o
 .debug_abbrev  0x000015f3      0x233 Debug/src/lib/fat_sd/sd_spi_stm32.o
 .debug_abbrev  0x00001826      0x1af Debug/src/lib/minIni/minIni.o
 .debug_abbrev  0x000019d5      0x137 Debug/firmware/STM32F10x_StdPeriph_Driver/src/misc.o
 .debug_abbrev  0x00001b0c      0x176 Debug/firmware/STM32F10x_StdPeriph_Driver/src/stm32f10x_adc.o
 .debug_abbrev  0x00001c82      0x158 Debug/firmware/STM32F10x_StdPeriph_Driver/src/stm32f10x_bkp.o
 .debug_abbrev  0x00001dda      0x1ae Debug/firmware/STM32F10x_StdPeriph_Driver/src/stm32f10x_can.o
 .debug_abbrev  0x00001f88      0x18b Debug/firmware/STM32F10x_StdPeriph_Driver/src/stm32f10x_cec.o
 .debug_abbrev  0x00002113      0x10c Debug/firmware/STM32F10x_StdPeriph_Driver/src/stm32f10x_crc.o
 .debug_abbrev  0x0000221f      0x16b Debug/firmware/STM32F10x_StdPeriph_Driver/src/stm32f10x_dac.o
 .debug_abbrev  0x0000238a       0xdc Debug/firmware/STM32F10x_StdPeriph_Driver/src/stm32f10x_dbgmcu.o
 .debug_abbrev  0x00002466      0x150 Debug/firmware/STM32F10x_StdPeriph_Driver/src/stm32f10x_dma.o
 .debug_abbrev  0x000025b6      0x14c Debug/firmware/STM32F10x_StdPeriph_Driver/src/stm32f10x_exti.o
 .debug_abbrev  0x00002702      0x173 Debug/firmware/STM32F10x_StdPeriph_Driver/src/stm32f10x_flash.o
 .debug_abbrev  0x00002875      0x168 Debug/firmware/STM32F10x_StdPeriph_Driver/src/stm32f10x_fsmc.o
 .debug_abbrev  0x000029dd      0x1a6 Debug/firmware/STM32F10x_StdPeriph_Driver/src/stm32f10x_gpio.o
 .debug_abbrev  0x00002b83      0x15f Debug/firmware/STM32F10x_StdPeriph_Driver/src/stm32f10x_i2c.o
 .debug_abbrev  0x00002ce2       0xfc Debug/firmware/STM32F10x_StdPeriph_Driver/src/stm32f10x_iwdg.o
 .debug_abbrev  0x00002dde      0x142 Debug/firmware/STM32F10x_StdPeriph_Driver/src/stm32f10x_pwr.o
 .debug_abbrev  0x00002f20      0x193 Debug/firmware/STM32F10x_StdPeriph_Driver/src/stm32f10x_rcc.o
 .debug_abbrev  0x000030b3      0x168 Debug/firmware/STM32F10x_StdPeriph_Driver/src/stm32f10x_rtc.o
 .debug_abbrev  0x0000321b      0x1a4 Debug/firmware/STM32F10x_StdPeriph_Driver/src/stm32f10x_sdio.o
 .debug_abbrev  0x000033bf      0x15f Debug/firmware/STM32F10x_StdPeriph_Driver/src/stm32f10x_spi.o
 .debug_abbrev  0x0000351e      0x174 Debug/firmware/STM32F10x_StdPeriph_Driver/src/stm32f10x_tim.o
 .debug_abbrev  0x00003692      0x15d Debug/firmware/STM32F10x_StdPeriph_Driver/src/stm32f10x_usart.o
 .debug_abbrev  0x000037ef       0xfa Debug/firmware/STM32F10x_StdPeriph_Driver/src/stm32f10x_wwdg.o
 .debug_abbrev  0x000038e9       0xd7 Debug/firmware/CMSIS/CM3/CoreSupport/core_cm3.o
 .debug_abbrev  0x000039c0      0x164 Debug/firmware/CMSIS/CM3/DeviceSupport/ST/STM32F10x/system_stm32f10x.o
 .debug_abbrev  0x00003b24       0x12 Debug/firmware/CMSIS/CM3/DeviceSupport/ST/STM32F10x/startup/TrueSTUDIO/startup_stm32f10x_cl.o

.debug_info     0x00000000    0x13bd9
 .debug_info    0x00000000      0x3d9 Debug/src/ad7843.o
 .debug_info    0x000003d9      0x731 Debug/src/config.o
 .debug_info    0x00000b0a       0xb6 Debug/src/dbgMsg.o
 .debug_info    0x00000bc0      0x48e Debug/src/displayTask.o
 .debug_info    0x0000104e      0x9fb Debug/src/main.o
 .debug_info    0x00001a49      0x3f5 Debug/src/rtc.o
 .debug_info    0x00001e3e      0x1be Debug/src/stm32f10x_it.o
 .debug_info    0x00001ffc       0xa3 Debug/src/syscalls.o
 .debug_info    0x0000209f       0xc3 Debug/src/util.o
 .debug_info    0x00002162      0x2b7 Debug/FreeRTOS/heap_2.o
 .debug_info    0x00002419      0x2aa Debug/FreeRTOS/list.o
 .debug_info    0x000026c3      0x23e Debug/FreeRTOS/port.o
 .debug_info    0x00002901      0x7da Debug/FreeRTOS/queue.o
 .debug_info    0x000030db      0xe38 Debug/FreeRTOS/tasks.o
 .debug_info    0x00003f13       0x5c Debug/src/font/font_8x12.o
 .debug_info    0x00003f6f       0x5c Debug/src/font/font_8x8.o
 .debug_info    0x00003fcb       0x5c Debug/src/font/font_clock.o
 .debug_info    0x00004027      0xdb9 Debug/src/lib/lcd/lcd.o
 .debug_info    0x00004de0      0x401 Debug/src/lib/lcd/MI0283QT-2.o
 .debug_info    0x000051e1      0x182 Debug/src/lib/fat_sd/fattime.o
 .debug_info    0x00005363     0x1ac7 Debug/src/lib/fat_sd/ff.o
 .debug_info    0x00006e2a      0x9f2 Debug/src/lib/fat_sd/sd_spi_stm32.o
 .debug_info    0x0000781c      0xaf4 Debug/src/lib/minIni/minIni.o
 .debug_info    0x00008310      0x54a Debug/firmware/STM32F10x_StdPeriph_Driver/src/misc.o
 .debug_info    0x0000885a      0xc12 Debug/firmware/STM32F10x_StdPeriph_Driver/src/stm32f10x_adc.o
 .debug_info    0x0000946c      0x87d Debug/firmware/STM32F10x_StdPeriph_Driver/src/stm32f10x_bkp.o
 .debug_info    0x00009ce9      0xb01 Debug/firmware/STM32F10x_StdPeriph_Driver/src/stm32f10x_can.o
 .debug_info    0x0000a7ea      0x440 Debug/firmware/STM32F10x_StdPeriph_Driver/src/stm32f10x_cec.o
 .debug_info    0x0000ac2a      0x204 Debug/firmware/STM32F10x_StdPeriph_Driver/src/stm32f10x_crc.o
 .debug_info    0x0000ae2e      0x4d1 Debug/firmware/STM32F10x_StdPeriph_Driver/src/stm32f10x_dac.o
 .debug_info    0x0000b2ff      0x15e Debug/firmware/STM32F10x_StdPeriph_Driver/src/stm32f10x_dbgmcu.o
 .debug_info    0x0000b45d      0x46d Debug/firmware/STM32F10x_StdPeriph_Driver/src/stm32f10x_dma.o
 .debug_info    0x0000b8ca      0x365 Debug/firmware/STM32F10x_StdPeriph_Driver/src/stm32f10x_exti.o
 .debug_info    0x0000bc2f      0x81c Debug/firmware/STM32F10x_StdPeriph_Driver/src/stm32f10x_flash.o
 .debug_info    0x0000c44b      0x98f Debug/firmware/STM32F10x_StdPeriph_Driver/src/stm32f10x_fsmc.o
 .debug_info    0x0000cdda      0x727 Debug/firmware/STM32F10x_StdPeriph_Driver/src/stm32f10x_gpio.o
 .debug_info    0x0000d501      0xb5f Debug/firmware/STM32F10x_StdPeriph_Driver/src/stm32f10x_i2c.o
 .debug_info    0x0000e060      0x204 Debug/firmware/STM32F10x_StdPeriph_Driver/src/stm32f10x_iwdg.o
 .debug_info    0x0000e264      0x2ce Debug/firmware/STM32F10x_StdPeriph_Driver/src/stm32f10x_pwr.o
 .debug_info    0x0000e532      0xb33 Debug/firmware/STM32F10x_StdPeriph_Driver/src/stm32f10x_rcc.o
 .debug_info    0x0000f065      0x463 Debug/firmware/STM32F10x_StdPeriph_Driver/src/stm32f10x_rtc.o
 .debug_info    0x0000f4c8      0x893 Debug/firmware/STM32F10x_StdPeriph_Driver/src/stm32f10x_sdio.o
 .debug_info    0x0000fd5b      0xa43 Debug/firmware/STM32F10x_StdPeriph_Driver/src/stm32f10x_spi.o
 .debug_info    0x0001079e     0x1e1c Debug/firmware/STM32F10x_StdPeriph_Driver/src/stm32f10x_tim.o
 .debug_info    0x000125ba      0xa70 Debug/firmware/STM32F10x_StdPeriph_Driver/src/stm32f10x_usart.o
 .debug_info    0x0001302a      0x239 Debug/firmware/STM32F10x_StdPeriph_Driver/src/stm32f10x_wwdg.o
 .debug_info    0x00013263      0x54c Debug/firmware/CMSIS/CM3/CoreSupport/core_cm3.o
 .debug_info    0x000137af      0x370 Debug/firmware/CMSIS/CM3/DeviceSupport/ST/STM32F10x/system_stm32f10x.o
 .debug_info    0x00013b1f       0xba Debug/firmware/CMSIS/CM3/DeviceSupport/ST/STM32F10x/startup/TrueSTUDIO/startup_stm32f10x_cl.o

.debug_line     0x00000000     0x8e7d
 .debug_line    0x00000000      0x187 Debug/src/ad7843.o
 .debug_line    0x00000187      0x19c Debug/src/config.o
 .debug_line    0x00000323       0x5a Debug/src/dbgMsg.o
 .debug_line    0x0000037d      0x1ba Debug/src/displayTask.o
 .debug_line    0x00000537      0x282 Debug/src/main.o
 .debug_line    0x000007b9      0x271 Debug/src/rtc.o
 .debug_line    0x00000a2a      0x1a3 Debug/src/stm32f10x_it.o
 .debug_line    0x00000bcd       0x42 Debug/src/syscalls.o
 .debug_line    0x00000c0f       0x88 Debug/src/util.o
 .debug_line    0x00000c97      0x13c Debug/FreeRTOS/heap_2.o
 .debug_line    0x00000dd3       0xcc Debug/FreeRTOS/list.o
 .debug_line    0x00000e9f      0x215 Debug/FreeRTOS/port.o
 .debug_line    0x000010b4      0x321 Debug/FreeRTOS/queue.o
 .debug_line    0x000013d5      0x66d Debug/FreeRTOS/tasks.o
 .debug_line    0x00001a42       0x35 Debug/src/font/font_8x12.o
 .debug_line    0x00001a77       0x34 Debug/src/font/font_8x8.o
 .debug_line    0x00001aab       0x36 Debug/src/font/font_clock.o
 .debug_line    0x00001ae1      0x497 Debug/src/lib/lcd/lcd.o
 .debug_line    0x00001f78      0x235 Debug/src/lib/lcd/MI0283QT-2.o
 .debug_line    0x000021ad      0x113 Debug/src/lib/fat_sd/fattime.o
 .debug_line    0x000022c0      0xf26 Debug/src/lib/fat_sd/ff.o
 .debug_line    0x000031e6      0x592 Debug/src/lib/fat_sd/sd_spi_stm32.o
 .debug_line    0x00003778      0x545 Debug/src/lib/minIni/minIni.o
 .debug_line    0x00003cbd      0x1d3 Debug/firmware/STM32F10x_StdPeriph_Driver/src/misc.o
 .debug_line    0x00003e90      0x4b2 Debug/firmware/STM32F10x_StdPeriph_Driver/src/stm32f10x_adc.o
 .debug_line    0x00004342      0x225 Debug/firmware/STM32F10x_StdPeriph_Driver/src/stm32f10x_bkp.o
 .debug_line    0x00004567      0x42e Debug/firmware/STM32F10x_StdPeriph_Driver/src/stm32f10x_can.o
 .debug_line    0x00004995      0x2a2 Debug/firmware/STM32F10x_StdPeriph_Driver/src/stm32f10x_cec.o
 .debug_line    0x00004c37      0x1be Debug/firmware/STM32F10x_StdPeriph_Driver/src/stm32f10x_crc.o
 .debug_line    0x00004df5      0x27f Debug/firmware/STM32F10x_StdPeriph_Driver/src/stm32f10x_dac.o
 .debug_line    0x00005074      0x179 Debug/firmware/STM32F10x_StdPeriph_Driver/src/stm32f10x_dbgmcu.o
 .debug_line    0x000051ed      0x280 Debug/firmware/STM32F10x_StdPeriph_Driver/src/stm32f10x_dma.o
 .debug_line    0x0000546d      0x237 Debug/firmware/STM32F10x_StdPeriph_Driver/src/stm32f10x_exti.o
 .debug_line    0x000056a4      0x46f Debug/firmware/STM32F10x_StdPeriph_Driver/src/stm32f10x_flash.o
 .debug_line    0x00005b13      0x3ec Debug/firmware/STM32F10x_StdPeriph_Driver/src/stm32f10x_fsmc.o
 .debug_line    0x00005eff      0x33e Debug/firmware/STM32F10x_StdPeriph_Driver/src/stm32f10x_gpio.o
 .debug_line    0x0000623d      0x452 Debug/firmware/STM32F10x_StdPeriph_Driver/src/stm32f10x_i2c.o
 .debug_line    0x0000668f      0x1af Debug/firmware/STM32F10x_StdPeriph_Driver/src/stm32f10x_iwdg.o
 .debug_line    0x0000683e      0x229 Debug/firmware/STM32F10x_StdPeriph_Driver/src/stm32f10x_pwr.o
 .debug_line    0x00006a67      0x512 Debug/firmware/STM32F10x_StdPeriph_Driver/src/stm32f10x_rcc.o
 .debug_line    0x00006f79      0x26c Debug/firmware/STM32F10x_StdPeriph_Driver/src/stm32f10x_rtc.o
 .debug_line    0x000071e5      0x3da Debug/firmware/STM32F10x_StdPeriph_Driver/src/stm32f10x_sdio.o
 .debug_line    0x000075bf      0x3c0 Debug/firmware/STM32F10x_StdPeriph_Driver/src/stm32f10x_spi.o
 .debug_line    0x0000797f      0x9f2 Debug/firmware/STM32F10x_StdPeriph_Driver/src/stm32f10x_tim.o
 .debug_line    0x00008371      0x42a Debug/firmware/STM32F10x_StdPeriph_Driver/src/stm32f10x_usart.o
 .debug_line    0x0000879b      0x1d6 Debug/firmware/STM32F10x_StdPeriph_Driver/src/stm32f10x_wwdg.o
 .debug_line    0x00008971      0x276 Debug/firmware/CMSIS/CM3/CoreSupport/core_cm3.o
 .debug_line    0x00008be7      0x1e9 Debug/firmware/CMSIS/CM3/DeviceSupport/ST/STM32F10x/system_stm32f10x.o
 .debug_line    0x00008dd0       0xad Debug/firmware/CMSIS/CM3/DeviceSupport/ST/STM32F10x/startup/TrueSTUDIO/startup_stm32f10x_cl.o

.debug_loc      0x00000000     0x96dd
 .debug_loc     0x00000000       0x38 Debug/src/ad7843.o
 .debug_loc     0x00000038       0xd4 Debug/src/config.o
 .debug_loc     0x0000010c       0x72 Debug/src/displayTask.o
 .debug_loc     0x0000017e      0x102 Debug/src/main.o
 .debug_loc     0x00000280      0x1c0 Debug/src/rtc.o
 .debug_loc     0x00000440      0x134 Debug/src/stm32f10x_it.o
 .debug_loc     0x00000574       0x38 Debug/src/syscalls.o
 .debug_loc     0x000005ac       0x38 Debug/src/util.o
 .debug_loc     0x000005e4       0xc8 Debug/FreeRTOS/heap_2.o
 .debug_loc     0x000006ac      0x118 Debug/FreeRTOS/list.o
 .debug_loc     0x000007c4      0x178 Debug/FreeRTOS/port.o
 .debug_loc     0x0000093c      0x3f0 Debug/FreeRTOS/queue.o
 .debug_loc     0x00000d2c      0x740 Debug/FreeRTOS/tasks.o
 .debug_loc     0x0000146c      0x344 Debug/src/lib/lcd/lcd.o
 .debug_loc     0x000017b0      0x1d4 Debug/src/lib/lcd/MI0283QT-2.o
 .debug_loc     0x00001984       0x38 Debug/src/lib/fat_sd/fattime.o
 .debug_loc     0x000019bc      0x9f8 Debug/src/lib/fat_sd/ff.o
 .debug_loc     0x000023b4      0x47c Debug/src/lib/fat_sd/sd_spi_stm32.o
 .debug_loc     0x00002830      0x409 Debug/src/lib/minIni/minIni.o
 .debug_loc     0x00002c39      0x118 Debug/firmware/STM32F10x_StdPeriph_Driver/src/misc.o
 .debug_loc     0x00002d51      0x7d4 Debug/firmware/STM32F10x_StdPeriph_Driver/src/stm32f10x_adc.o
 .debug_loc     0x00003525      0x264 Debug/firmware/STM32F10x_StdPeriph_Driver/src/stm32f10x_bkp.o
 .debug_loc     0x00003789      0x460 Debug/firmware/STM32F10x_StdPeriph_Driver/src/stm32f10x_can.o
 .debug_loc     0x00003be9      0x2ec Debug/firmware/STM32F10x_StdPeriph_Driver/src/stm32f10x_cec.o
 .debug_loc     0x00003ed5      0x12c Debug/firmware/STM32F10x_StdPeriph_Driver/src/stm32f10x_crc.o
 .debug_loc     0x00004001      0x294 Debug/firmware/STM32F10x_StdPeriph_Driver/src/stm32f10x_dac.o
 .debug_loc     0x00004295       0x90 Debug/firmware/STM32F10x_StdPeriph_Driver/src/stm32f10x_dbgmcu.o
 .debug_loc     0x00004325      0x230 Debug/firmware/STM32F10x_StdPeriph_Driver/src/stm32f10x_dma.o
 .debug_loc     0x00004555      0x1b4 Debug/firmware/STM32F10x_StdPeriph_Driver/src/stm32f10x_exti.o
 .debug_loc     0x00004709      0x5d8 Debug/firmware/STM32F10x_StdPeriph_Driver/src/stm32f10x_flash.o
 .debug_loc     0x00004ce1      0x41c Debug/firmware/STM32F10x_StdPeriph_Driver/src/stm32f10x_fsmc.o
 .debug_loc     0x000050fd      0x3e4 Debug/firmware/STM32F10x_StdPeriph_Driver/src/stm32f10x_gpio.o
 .debug_loc     0x000054e1      0x700 Debug/firmware/STM32F10x_StdPeriph_Driver/src/stm32f10x_i2c.o
 .debug_loc     0x00005be1      0x138 Debug/firmware/STM32F10x_StdPeriph_Driver/src/stm32f10x_iwdg.o
 .debug_loc     0x00005d19      0x238 Debug/firmware/STM32F10x_StdPeriph_Driver/src/stm32f10x_pwr.o
 .debug_loc     0x00005f51      0x8d4 Debug/firmware/STM32F10x_StdPeriph_Driver/src/stm32f10x_rcc.o
 .debug_loc     0x00006825      0x2e0 Debug/firmware/STM32F10x_StdPeriph_Driver/src/stm32f10x_rtc.o
 .debug_loc     0x00006b05      0x648 Debug/firmware/STM32F10x_StdPeriph_Driver/src/stm32f10x_sdio.o
 .debug_loc     0x0000714d      0x508 Debug/firmware/STM32F10x_StdPeriph_Driver/src/stm32f10x_spi.o
 .debug_loc     0x00007655     0x13e8 Debug/firmware/STM32F10x_StdPeriph_Driver/src/stm32f10x_tim.o
 .debug_loc     0x00008a3d      0x658 Debug/firmware/STM32F10x_StdPeriph_Driver/src/stm32f10x_usart.o
 .debug_loc     0x00009095      0x190 Debug/firmware/STM32F10x_StdPeriph_Driver/src/stm32f10x_wwdg.o
 .debug_loc     0x00009225      0x3f0 Debug/firmware/CMSIS/CM3/CoreSupport/core_cm3.o
 .debug_loc     0x00009615       0xc8 Debug/firmware/CMSIS/CM3/DeviceSupport/ST/STM32F10x/system_stm32f10x.o

.debug_pubnames
                0x00000000     0x38c3
 .debug_pubnames
                0x00000000       0x30 Debug/src/ad7843.o
 .debug_pubnames
                0x00000030       0x54 Debug/src/config.o
 .debug_pubnames
                0x00000084       0x21 Debug/src/dbgMsg.o
 .debug_pubnames
                0x000000a5       0x32 Debug/src/displayTask.o
 .debug_pubnames
                0x000000d7       0xac Debug/src/main.o
 .debug_pubnames
                0x00000183       0x3f Debug/src/rtc.o
 .debug_pubnames
                0x000001c2       0xb1 Debug/src/stm32f10x_it.o
 .debug_pubnames
                0x00000273       0x1c Debug/src/syscalls.o
 .debug_pubnames
                0x0000028f       0x1f Debug/src/util.o
 .debug_pubnames
                0x000002ae       0x64 Debug/FreeRTOS/heap_2.o
 .debug_pubnames
                0x00000312       0x71 Debug/FreeRTOS/list.o
 .debug_pubnames
                0x00000383      0x101 Debug/FreeRTOS/port.o
 .debug_pubnames
                0x00000484      0x161 Debug/FreeRTOS/queue.o
 .debug_pubnames
                0x000005e5      0x28e Debug/FreeRTOS/tasks.o
 .debug_pubnames
                0x00000873       0x1c Debug/src/font/font_8x12.o
 .debug_pubnames
                0x0000088f       0x1c Debug/src/font/font_8x8.o
 .debug_pubnames
                0x000008ab       0x1c Debug/src/font/font_clock.o
 .debug_pubnames
                0x000008c7      0x107 Debug/src/lib/lcd/lcd.o
 .debug_pubnames
                0x000009ce       0x99 Debug/src/lib/lcd/MI0283QT-2.o
 .debug_pubnames
                0x00000a67       0x22 Debug/src/lib/fat_sd/fattime.o
 .debug_pubnames
                0x00000a89      0x155 Debug/src/lib/fat_sd/ff.o
 .debug_pubnames
                0x00000bde       0x75 Debug/src/lib/fat_sd/sd_spi_stm32.o
 .debug_pubnames
                0x00000c53       0x68 Debug/src/lib/minIni/minIni.o
 .debug_pubnames
                0x00000cbb       0x89 Debug/firmware/STM32F10x_StdPeriph_Driver/src/misc.o
 .debug_pubnames
                0x00000d44      0x401 Debug/firmware/STM32F10x_StdPeriph_Driver/src/stm32f10x_adc.o
 .debug_pubnames
                0x00001145      0x128 Debug/firmware/STM32F10x_StdPeriph_Driver/src/stm32f10x_bkp.o
 .debug_pubnames
                0x0000126d      0x17b Debug/firmware/STM32F10x_StdPeriph_Driver/src/stm32f10x_can.o
 .debug_pubnames
                0x000013e8      0x12b Debug/firmware/STM32F10x_StdPeriph_Driver/src/stm32f10x_cec.o
 .debug_pubnames
                0x00001513       0x82 Debug/firmware/STM32F10x_StdPeriph_Driver/src/stm32f10x_crc.o
 .debug_pubnames
                0x00001595      0x116 Debug/firmware/STM32F10x_StdPeriph_Driver/src/stm32f10x_dac.o
 .debug_pubnames
                0x000016ab       0x4c Debug/firmware/STM32F10x_StdPeriph_Driver/src/stm32f10x_dbgmcu.o
 .debug_pubnames
                0x000016f7       0xcf Debug/firmware/STM32F10x_StdPeriph_Driver/src/stm32f10x_dma.o
 .debug_pubnames
                0x000017c6       0xbb Debug/firmware/STM32F10x_StdPeriph_Driver/src/stm32f10x_exti.o
 .debug_pubnames
                0x00001881      0x2f2 Debug/firmware/STM32F10x_StdPeriph_Driver/src/stm32f10x_flash.o
 .debug_pubnames
                0x00001b73      0x1a3 Debug/firmware/STM32F10x_StdPeriph_Driver/src/stm32f10x_fsmc.o
 .debug_pubnames
                0x00001d16      0x19d Debug/firmware/STM32F10x_StdPeriph_Driver/src/stm32f10x_gpio.o
 .debug_pubnames
                0x00001eb3      0x2b0 Debug/firmware/STM32F10x_StdPeriph_Driver/src/stm32f10x_i2c.o
 .debug_pubnames
                0x00002163       0x91 Debug/firmware/STM32F10x_StdPeriph_Driver/src/stm32f10x_iwdg.o
 .debug_pubnames
                0x000021f4       0xcb Debug/firmware/STM32F10x_StdPeriph_Driver/src/stm32f10x_pwr.o
 .debug_pubnames
                0x000022bf      0x37e Debug/firmware/STM32F10x_StdPeriph_Driver/src/stm32f10x_rcc.o
 .debug_pubnames
                0x0000263d      0x136 Debug/firmware/STM32F10x_StdPeriph_Driver/src/stm32f10x_rtc.o
 .debug_pubnames
                0x00002773      0x2ac Debug/firmware/STM32F10x_StdPeriph_Driver/src/stm32f10x_sdio.o
 .debug_pubnames
                0x00002a1f      0x1f6 Debug/firmware/STM32F10x_StdPeriph_Driver/src/stm32f10x_spi.o
 .debug_pubnames
                0x00002c15      0x7b0 Debug/firmware/STM32F10x_StdPeriph_Driver/src/stm32f10x_tim.o
 .debug_pubnames
                0x000033c5      0x294 Debug/firmware/STM32F10x_StdPeriph_Driver/src/stm32f10x_usart.o
 .debug_pubnames
                0x00003659       0xb0 Debug/firmware/STM32F10x_StdPeriph_Driver/src/stm32f10x_wwdg.o
 .debug_pubnames
                0x00003709      0x159 Debug/firmware/CMSIS/CM3/CoreSupport/core_cm3.o
 .debug_pubnames
                0x00003862       0x61 Debug/firmware/CMSIS/CM3/DeviceSupport/ST/STM32F10x/system_stm32f10x.o

.debug_pubtypes
                0x00000000     0x191d
 .debug_pubtypes
                0x00000000       0xa1 Debug/src/ad7843.o
 .debug_pubtypes
                0x000000a1       0x90 Debug/src/config.o
 .debug_pubtypes
                0x00000131       0x12 Debug/src/dbgMsg.o
 .debug_pubtypes
                0x00000143       0xb4 Debug/src/displayTask.o
 .debug_pubtypes
                0x000001f7      0x15a Debug/src/main.o
 .debug_pubtypes
                0x00000351       0x42 Debug/src/rtc.o
 .debug_pubtypes
                0x00000393       0x3d Debug/src/stm32f10x_it.o
 .debug_pubtypes
                0x000003d0       0x23 Debug/src/util.o
 .debug_pubtypes
                0x000003f3       0x4c Debug/FreeRTOS/heap_2.o
 .debug_pubtypes
                0x0000043f       0x7a Debug/FreeRTOS/list.o
 .debug_pubtypes
                0x000004b9       0x40 Debug/FreeRTOS/port.o
 .debug_pubtypes
                0x000004f9       0xd4 Debug/FreeRTOS/queue.o
 .debug_pubtypes
                0x000005cd      0x10c Debug/FreeRTOS/tasks.o
 .debug_pubtypes
                0x000006d9       0xb2 Debug/src/lib/lcd/lcd.o
 .debug_pubtypes
                0x0000078b       0x55 Debug/src/lib/lcd/MI0283QT-2.o
 .debug_pubtypes
                0x000007e0       0x48 Debug/src/lib/fat_sd/fattime.o
 .debug_pubtypes
                0x00000828       0xf7 Debug/src/lib/fat_sd/ff.o
 .debug_pubtypes
                0x0000091f       0xf9 Debug/src/lib/fat_sd/sd_spi_stm32.o
 .debug_pubtypes
                0x00000a18       0x7c Debug/src/lib/minIni/minIni.o
 .debug_pubtypes
                0x00000a94       0x80 Debug/firmware/STM32F10x_StdPeriph_Driver/src/misc.o
 .debug_pubtypes
                0x00000b14       0x8c Debug/firmware/STM32F10x_StdPeriph_Driver/src/stm32f10x_adc.o
 .debug_pubtypes
                0x00000ba0       0x78 Debug/firmware/STM32F10x_StdPeriph_Driver/src/stm32f10x_bkp.o
 .debug_pubtypes
                0x00000c18      0x115 Debug/firmware/STM32F10x_StdPeriph_Driver/src/stm32f10x_can.o
 .debug_pubtypes
                0x00000d2d       0x8c Debug/firmware/STM32F10x_StdPeriph_Driver/src/stm32f10x_cec.o
 .debug_pubtypes
                0x00000db9       0x48 Debug/firmware/STM32F10x_StdPeriph_Driver/src/stm32f10x_crc.o
 .debug_pubtypes
                0x00000e01       0x64 Debug/firmware/STM32F10x_StdPeriph_Driver/src/stm32f10x_dac.o
 .debug_pubtypes
                0x00000e65       0x46 Debug/firmware/STM32F10x_StdPeriph_Driver/src/stm32f10x_dbgmcu.o
 .debug_pubtypes
                0x00000eab       0x98 Debug/firmware/STM32F10x_StdPeriph_Driver/src/stm32f10x_dma.o
 .debug_pubtypes
                0x00000f43       0xa2 Debug/firmware/STM32F10x_StdPeriph_Driver/src/stm32f10x_exti.o
 .debug_pubtypes
                0x00000fe5       0x8d Debug/firmware/STM32F10x_StdPeriph_Driver/src/stm32f10x_flash.o
 .debug_pubtypes
                0x00001072      0x168 Debug/firmware/STM32F10x_StdPeriph_Driver/src/stm32f10x_fsmc.o
 .debug_pubtypes
                0x000011da       0xc3 Debug/firmware/STM32F10x_StdPeriph_Driver/src/stm32f10x_gpio.o
 .debug_pubtypes
                0x0000129d       0xb2 Debug/firmware/STM32F10x_StdPeriph_Driver/src/stm32f10x_i2c.o
 .debug_pubtypes
                0x0000134f       0x58 Debug/firmware/STM32F10x_StdPeriph_Driver/src/stm32f10x_iwdg.o
 .debug_pubtypes
                0x000013a7       0x5e Debug/firmware/STM32F10x_StdPeriph_Driver/src/stm32f10x_pwr.o
 .debug_pubtypes
                0x00001405       0x9e Debug/firmware/STM32F10x_StdPeriph_Driver/src/stm32f10x_rcc.o
 .debug_pubtypes
                0x000014a3       0x6c Debug/firmware/STM32F10x_StdPeriph_Driver/src/stm32f10x_rtc.o
 .debug_pubtypes
                0x0000150f       0xb2 Debug/firmware/STM32F10x_StdPeriph_Driver/src/stm32f10x_sdio.o
 .debug_pubtypes
                0x000015c1       0xc6 Debug/firmware/STM32F10x_StdPeriph_Driver/src/stm32f10x_spi.o
 .debug_pubtypes
                0x00001687       0xd8 Debug/firmware/STM32F10x_StdPeriph_Driver/src/stm32f10x_tim.o
 .debug_pubtypes
                0x0000175f       0xc9 Debug/firmware/STM32F10x_StdPeriph_Driver/src/stm32f10x_usart.o
 .debug_pubtypes
                0x00001828       0x4b Debug/firmware/STM32F10x_StdPeriph_Driver/src/stm32f10x_wwdg.o
 .debug_pubtypes
                0x00001873       0x50 Debug/firmware/CMSIS/CM3/CoreSupport/core_cm3.o
 .debug_pubtypes
                0x000018c3       0x5a Debug/firmware/CMSIS/CM3/DeviceSupport/ST/STM32F10x/system_stm32f10x.o

.debug_aranges  0x00000000     0x1a90
 .debug_aranges
                0x00000000       0x20 Debug/src/ad7843.o
 .debug_aranges
                0x00000020       0x38 Debug/src/config.o
 .debug_aranges
                0x00000058       0x28 Debug/src/displayTask.o
 .debug_aranges
                0x00000080       0x40 Debug/src/main.o
 .debug_aranges
                0x000000c0       0x58 Debug/src/rtc.o
 .debug_aranges
                0x00000118       0x50 Debug/src/stm32f10x_it.o
 .debug_aranges
                0x00000168       0x20 Debug/src/syscalls.o
 .debug_aranges
                0x00000188       0x20 Debug/src/util.o
 .debug_aranges
                0x000001a8       0x38 Debug/FreeRTOS/heap_2.o
 .debug_aranges
                0x000001e0       0x40 Debug/FreeRTOS/list.o
 .debug_aranges
                0x00000220       0x70 Debug/FreeRTOS/port.o
 .debug_aranges
                0x00000290       0xa8 Debug/FreeRTOS/queue.o
 .debug_aranges
                0x00000338      0x128 Debug/FreeRTOS/tasks.o
 .debug_aranges
                0x00000460       0x90 Debug/src/lib/lcd/lcd.o
 .debug_aranges
                0x000004f0       0x60 Debug/src/lib/lcd/MI0283QT-2.o
 .debug_aranges
                0x00000550       0x20 Debug/src/lib/fat_sd/fattime.o
 .debug_aranges
                0x00000570      0x180 Debug/src/lib/fat_sd/ff.o
 .debug_aranges
                0x000006f0       0xc8 Debug/src/lib/fat_sd/sd_spi_stm32.o
 .debug_aranges
                0x000007b8       0xa8 Debug/src/lib/minIni/minIni.o
 .debug_aranges
                0x00000860       0x40 Debug/firmware/STM32F10x_StdPeriph_Driver/src/misc.o
 .debug_aranges
                0x000008a0      0x138 Debug/firmware/STM32F10x_StdPeriph_Driver/src/stm32f10x_adc.o
 .debug_aranges
                0x000009d8       0x78 Debug/firmware/STM32F10x_StdPeriph_Driver/src/stm32f10x_bkp.o
 .debug_aranges
                0x00000a50       0xb8 Debug/firmware/STM32F10x_StdPeriph_Driver/src/stm32f10x_can.o
 .debug_aranges
                0x00000b08       0x88 Debug/firmware/STM32F10x_StdPeriph_Driver/src/stm32f10x_cec.o
 .debug_aranges
                0x00000b90       0x48 Debug/firmware/STM32F10x_StdPeriph_Driver/src/stm32f10x_crc.o
 .debug_aranges
                0x00000bd8       0x78 Debug/firmware/STM32F10x_StdPeriph_Driver/src/stm32f10x_dac.o
 .debug_aranges
                0x00000c50       0x30 Debug/firmware/STM32F10x_StdPeriph_Driver/src/stm32f10x_dbgmcu.o
 .debug_aranges
                0x00000c80       0x68 Debug/firmware/STM32F10x_StdPeriph_Driver/src/stm32f10x_dma.o
 .debug_aranges
                0x00000ce8       0x58 Debug/firmware/STM32F10x_StdPeriph_Driver/src/stm32f10x_exti.o
 .debug_aranges
                0x00000d40       0xf8 Debug/firmware/STM32F10x_StdPeriph_Driver/src/stm32f10x_flash.o
 .debug_aranges
                0x00000e38       0xb0 Debug/firmware/STM32F10x_StdPeriph_Driver/src/stm32f10x_fsmc.o
 .debug_aranges
                0x00000ee8       0xa8 Debug/firmware/STM32F10x_StdPeriph_Driver/src/stm32f10x_gpio.o
 .debug_aranges
                0x00000f90      0x118 Debug/firmware/STM32F10x_StdPeriph_Driver/src/stm32f10x_i2c.o
 .debug_aranges
                0x000010a8       0x48 Debug/firmware/STM32F10x_StdPeriph_Driver/src/stm32f10x_iwdg.o
 .debug_aranges
                0x000010f0       0x70 Debug/firmware/STM32F10x_StdPeriph_Driver/src/stm32f10x_pwr.o
 .debug_aranges
                0x00001160      0x160 Debug/firmware/STM32F10x_StdPeriph_Driver/src/stm32f10x_rcc.o
 .debug_aranges
                0x000012c0       0x88 Debug/firmware/STM32F10x_StdPeriph_Driver/src/stm32f10x_rtc.o
 .debug_aranges
                0x00001348      0x108 Debug/firmware/STM32F10x_StdPeriph_Driver/src/stm32f10x_sdio.o
 .debug_aranges
                0x00001450       0xd0 Debug/firmware/STM32F10x_StdPeriph_Driver/src/stm32f10x_spi.o
 .debug_aranges
                0x00001520      0x2f0 Debug/firmware/STM32F10x_StdPeriph_Driver/src/stm32f10x_tim.o
 .debug_aranges
                0x00001810      0x100 Debug/firmware/STM32F10x_StdPeriph_Driver/src/stm32f10x_usart.o
 .debug_aranges
                0x00001910       0x58 Debug/firmware/STM32F10x_StdPeriph_Driver/src/stm32f10x_wwdg.o
 .debug_aranges
                0x00001968       0xc8 Debug/firmware/CMSIS/CM3/CoreSupport/core_cm3.o
 .debug_aranges
                0x00001a30       0x38 Debug/firmware/CMSIS/CM3/DeviceSupport/ST/STM32F10x/system_stm32f10x.o
 .debug_aranges
                0x00001a68       0x28 Debug/firmware/CMSIS/CM3/DeviceSupport/ST/STM32F10x/startup/TrueSTUDIO/startup_stm32f10x_cl.o

.debug_ranges   0x00000000     0x17c8
 .debug_ranges  0x00000000       0x10 Debug/src/ad7843.o
 .debug_ranges  0x00000010       0x28 Debug/src/config.o
 .debug_ranges  0x00000038       0x18 Debug/src/displayTask.o
 .debug_ranges  0x00000050       0x30 Debug/src/main.o
 .debug_ranges  0x00000080       0x48 Debug/src/rtc.o
 .debug_ranges  0x000000c8       0x40 Debug/src/stm32f10x_it.o
 .debug_ranges  0x00000108       0x10 Debug/src/syscalls.o
 .debug_ranges  0x00000118       0x10 Debug/src/util.o
 .debug_ranges  0x00000128       0x28 Debug/FreeRTOS/heap_2.o
 .debug_ranges  0x00000150       0x30 Debug/FreeRTOS/list.o
 .debug_ranges  0x00000180       0x60 Debug/FreeRTOS/port.o
 .debug_ranges  0x000001e0       0x98 Debug/FreeRTOS/queue.o
 .debug_ranges  0x00000278      0x118 Debug/FreeRTOS/tasks.o
 .debug_ranges  0x00000390       0x80 Debug/src/lib/lcd/lcd.o
 .debug_ranges  0x00000410       0x50 Debug/src/lib/lcd/MI0283QT-2.o
 .debug_ranges  0x00000460       0x10 Debug/src/lib/fat_sd/fattime.o
 .debug_ranges  0x00000470      0x170 Debug/src/lib/fat_sd/ff.o
 .debug_ranges  0x000005e0       0xb8 Debug/src/lib/fat_sd/sd_spi_stm32.o
 .debug_ranges  0x00000698       0x98 Debug/src/lib/minIni/minIni.o
 .debug_ranges  0x00000730       0x30 Debug/firmware/STM32F10x_StdPeriph_Driver/src/misc.o
 .debug_ranges  0x00000760      0x128 Debug/firmware/STM32F10x_StdPeriph_Driver/src/stm32f10x_adc.o
 .debug_ranges  0x00000888       0x68 Debug/firmware/STM32F10x_StdPeriph_Driver/src/stm32f10x_bkp.o
 .debug_ranges  0x000008f0       0xa8 Debug/firmware/STM32F10x_StdPeriph_Driver/src/stm32f10x_can.o
 .debug_ranges  0x00000998       0x78 Debug/firmware/STM32F10x_StdPeriph_Driver/src/stm32f10x_cec.o
 .debug_ranges  0x00000a10       0x38 Debug/firmware/STM32F10x_StdPeriph_Driver/src/stm32f10x_crc.o
 .debug_ranges  0x00000a48       0x68 Debug/firmware/STM32F10x_StdPeriph_Driver/src/stm32f10x_dac.o
 .debug_ranges  0x00000ab0       0x20 Debug/firmware/STM32F10x_StdPeriph_Driver/src/stm32f10x_dbgmcu.o
 .debug_ranges  0x00000ad0       0x58 Debug/firmware/STM32F10x_StdPeriph_Driver/src/stm32f10x_dma.o
 .debug_ranges  0x00000b28       0x48 Debug/firmware/STM32F10x_StdPeriph_Driver/src/stm32f10x_exti.o
 .debug_ranges  0x00000b70       0xe8 Debug/firmware/STM32F10x_StdPeriph_Driver/src/stm32f10x_flash.o
 .debug_ranges  0x00000c58       0xa0 Debug/firmware/STM32F10x_StdPeriph_Driver/src/stm32f10x_fsmc.o
 .debug_ranges  0x00000cf8       0x98 Debug/firmware/STM32F10x_StdPeriph_Driver/src/stm32f10x_gpio.o
 .debug_ranges  0x00000d90      0x108 Debug/firmware/STM32F10x_StdPeriph_Driver/src/stm32f10x_i2c.o
 .debug_ranges  0x00000e98       0x38 Debug/firmware/STM32F10x_StdPeriph_Driver/src/stm32f10x_iwdg.o
 .debug_ranges  0x00000ed0       0x60 Debug/firmware/STM32F10x_StdPeriph_Driver/src/stm32f10x_pwr.o
 .debug_ranges  0x00000f30      0x150 Debug/firmware/STM32F10x_StdPeriph_Driver/src/stm32f10x_rcc.o
 .debug_ranges  0x00001080       0x78 Debug/firmware/STM32F10x_StdPeriph_Driver/src/stm32f10x_rtc.o
 .debug_ranges  0x000010f8       0xf8 Debug/firmware/STM32F10x_StdPeriph_Driver/src/stm32f10x_sdio.o
 .debug_ranges  0x000011f0       0xc0 Debug/firmware/STM32F10x_StdPeriph_Driver/src/stm32f10x_spi.o
 .debug_ranges  0x000012b0      0x2e0 Debug/firmware/STM32F10x_StdPeriph_Driver/src/stm32f10x_tim.o
 .debug_ranges  0x00001590       0xf0 Debug/firmware/STM32F10x_StdPeriph_Driver/src/stm32f10x_usart.o
 .debug_ranges  0x00001680       0x48 Debug/firmware/STM32F10x_StdPeriph_Driver/src/stm32f10x_wwdg.o
 .debug_ranges  0x000016c8       0xb8 Debug/firmware/CMSIS/CM3/CoreSupport/core_cm3.o
 .debug_ranges  0x00001780       0x28 Debug/firmware/CMSIS/CM3/DeviceSupport/ST/STM32F10x/system_stm32f10x.o
 .debug_ranges  0x000017a8       0x20 Debug/firmware/CMSIS/CM3/DeviceSupport/ST/STM32F10x/startup/TrueSTUDIO/startup_stm32f10x_cl.o

.debug_str      0x00000000     0x6c9b
 .debug_str     0x00000000      0x331 Debug/src/ad7843.o
                                0x365 (size before relaxing)
 .debug_str     0x00000331      0x507 Debug/src/config.o
                                0x64f (size before relaxing)
 .debug_str     0x00000838       0x18 Debug/src/dbgMsg.o
                                 0xf7 (size before relaxing)
 .debug_str     0x00000850       0x9b Debug/src/displayTask.o
                                0x394 (size before relaxing)
 .debug_str     0x000008eb      0x2f2 Debug/src/main.o
                                0xa12 (size before relaxing)
 .debug_str     0x00000bdd       0xb1 Debug/src/rtc.o
                                0x1c5 (size before relaxing)
 .debug_str     0x00000c8e       0x96 Debug/src/stm32f10x_it.o
                                0x199 (size before relaxing)
 .debug_str     0x00000d24       0x28 Debug/src/syscalls.o
                                 0x84 (size before relaxing)
 .debug_str     0x00000d4c       0x21 Debug/src/util.o
                                 0xfb (size before relaxing)
 .debug_str     0x00000d6d      0x15b Debug/FreeRTOS/heap_2.o
                                0x22d (size before relaxing)
 .debug_str     0x00000ec8      0x123 Debug/FreeRTOS/list.o
                                0x213 (size before relaxing)
 .debug_str     0x00000feb      0x141 Debug/FreeRTOS/port.o
                                0x231 (size before relaxing)
 .debug_str     0x0000112c      0x34d Debug/FreeRTOS/queue.o
                                0x4e2 (size before relaxing)
 .debug_str     0x00001479      0x679 Debug/FreeRTOS/tasks.o
                                0x8a3 (size before relaxing)
 .debug_str     0x00001af2       0x1b Debug/src/font/font_8x12.o
                                 0x7f (size before relaxing)
 .debug_str     0x00001b0d       0x1a Debug/src/font/font_8x8.o
                                 0x7e (size before relaxing)
 .debug_str     0x00001b27       0x1c Debug/src/font/font_clock.o
                                 0x80 (size before relaxing)
 .debug_str     0x00001b43      0x2ad Debug/src/lib/lcd/lcd.o
                                0x4a0 (size before relaxing)
 .debug_str     0x00001df0       0x8b Debug/src/lib/lcd/MI0283QT-2.o
                                0x23c (size before relaxing)
 .debug_str     0x00001e7b       0x25 Debug/src/lib/fat_sd/fattime.o
                                0x141 (size before relaxing)
 .debug_str     0x00001ea0      0x34e Debug/src/lib/fat_sd/ff.o
                                0x64d (size before relaxing)
 .debug_str     0x000021ee      0x1e9 Debug/src/lib/fat_sd/sd_spi_stm32.o
                                0x596 (size before relaxing)
 .debug_str     0x000023d7      0x17d Debug/src/lib/minIni/minIni.o
                                0x39d (size before relaxing)
 .debug_str     0x00002554      0x104 Debug/firmware/STM32F10x_StdPeriph_Driver/src/misc.o
                                0x354 (size before relaxing)
 .debug_str     0x00002658      0x537 Debug/firmware/STM32F10x_StdPeriph_Driver/src/stm32f10x_adc.o
                                0x68c (size before relaxing)
 .debug_str     0x00002b8f      0x399 Debug/firmware/STM32F10x_StdPeriph_Driver/src/stm32f10x_bkp.o
                                0x546 (size before relaxing)
 .debug_str     0x00002f28      0x474 Debug/firmware/STM32F10x_StdPeriph_Driver/src/stm32f10x_can.o
                                0x602 (size before relaxing)
 .debug_str     0x0000339c      0x1a9 Debug/firmware/STM32F10x_StdPeriph_Driver/src/stm32f10x_cec.o
                                0x307 (size before relaxing)
 .debug_str     0x00003545       0xb9 Debug/firmware/STM32F10x_StdPeriph_Driver/src/stm32f10x_crc.o
                                0x1cc (size before relaxing)
 .debug_str     0x000035fe      0x20a Debug/firmware/STM32F10x_StdPeriph_Driver/src/stm32f10x_dac.o
                                0x338 (size before relaxing)
 .debug_str     0x00003808       0x8d Debug/firmware/STM32F10x_StdPeriph_Driver/src/stm32f10x_dbgmcu.o
                                0x198 (size before relaxing)
 .debug_str     0x00003895      0x1e8 Debug/firmware/STM32F10x_StdPeriph_Driver/src/stm32f10x_dma.o
                                0x327 (size before relaxing)
 .debug_str     0x00003a7d       0xef Debug/firmware/STM32F10x_StdPeriph_Driver/src/stm32f10x_exti.o
                                0x2ef (size before relaxing)
 .debug_str     0x00003b6c      0x3f8 Debug/firmware/STM32F10x_StdPeriph_Driver/src/stm32f10x_flash.o
                                0x579 (size before relaxing)
 .debug_str     0x00003f64      0x5b4 Debug/firmware/STM32F10x_StdPeriph_Driver/src/stm32f10x_fsmc.o
                                0x6ff (size before relaxing)
 .debug_str     0x00004518      0x244 Debug/firmware/STM32F10x_StdPeriph_Driver/src/stm32f10x_gpio.o
                                0x4aa (size before relaxing)
 .debug_str     0x0000475c      0x3ec Debug/firmware/STM32F10x_StdPeriph_Driver/src/stm32f10x_i2c.o
                                0x5cf (size before relaxing)
 .debug_str     0x00004b48       0xd7 Debug/firmware/STM32F10x_StdPeriph_Driver/src/stm32f10x_iwdg.o
                                0x1ed (size before relaxing)
 .debug_str     0x00004c1f      0x117 Debug/firmware/STM32F10x_StdPeriph_Driver/src/stm32f10x_pwr.o
                                0x24c (size before relaxing)
 .debug_str     0x00004d36      0x50f Debug/firmware/STM32F10x_StdPeriph_Driver/src/stm32f10x_rcc.o
                                0x6f3 (size before relaxing)
 .debug_str     0x00005245      0x180 Debug/firmware/STM32F10x_StdPeriph_Driver/src/stm32f10x_rtc.o
                                0x32b (size before relaxing)
 .debug_str     0x000053c5      0x470 Debug/firmware/STM32F10x_StdPeriph_Driver/src/stm32f10x_sdio.o
                                0x5cc (size before relaxing)
 .debug_str     0x00005835      0x2af Debug/firmware/STM32F10x_StdPeriph_Driver/src/stm32f10x_spi.o
                                0x5db (size before relaxing)
 .debug_str     0x00005ae4      0xaf1 Debug/firmware/STM32F10x_StdPeriph_Driver/src/stm32f10x_tim.o
                                0xd6e (size before relaxing)
 .debug_str     0x000065d5      0x41f Debug/firmware/STM32F10x_StdPeriph_Driver/src/stm32f10x_usart.o
                                0x621 (size before relaxing)
 .debug_str     0x000069f4       0xd3 Debug/firmware/STM32F10x_StdPeriph_Driver/src/stm32f10x_wwdg.o
                                0x1f9 (size before relaxing)
 .debug_str     0x00006ac7      0x156 Debug/firmware/CMSIS/CM3/CoreSupport/core_cm3.o
                                0x25a (size before relaxing)
 .debug_str     0x00006c1d       0x7e Debug/firmware/CMSIS/CM3/DeviceSupport/ST/STM32F10x/system_stm32f10x.o
                                0x26a (size before relaxing)

.comment        0x00000000       0x2a
 .comment       0x00000000       0x2a Debug/src/ad7843.o
                                 0x2b (size before relaxing)
 .comment       0x00000000       0x2b Debug/src/config.o
 .comment       0x00000000       0x2b Debug/src/dbgMsg.o
 .comment       0x00000000       0x2b Debug/src/displayTask.o
 .comment       0x00000000       0x2b Debug/src/main.o
 .comment       0x00000000       0x2b Debug/src/rtc.o
 .comment       0x00000000       0x2b Debug/src/stm32f10x_it.o
 .comment       0x00000000       0x2b Debug/src/syscalls.o
 .comment       0x00000000       0x2b Debug/src/util.o
 .comment       0x00000000       0x2b Debug/FreeRTOS/heap_2.o
 .comment       0x00000000       0x2b Debug/FreeRTOS/list.o
 .comment       0x00000000       0x2b Debug/FreeRTOS/port.o
 .comment       0x00000000       0x2b Debug/FreeRTOS/queue.o
 .comment       0x00000000       0x2b Debug/FreeRTOS/tasks.o
 .comment       0x00000000       0x2b Debug/src/font/font_8x12.o
 .comment       0x00000000       0x2b Debug/src/font/font_8x8.o
 .comment       0x00000000       0x2b Debug/src/font/font_clock.o
 .comment       0x00000000       0x2b Debug/src/lib/lcd/lcd.o
 .comment       0x00000000       0x2b Debug/src/lib/lcd/MI0283QT-2.o
 .comment       0x00000000       0x2b Debug/src/lib/fat_sd/fattime.o
 .comment       0x00000000       0x2b Debug/src/lib/fat_sd/ff.o
 .comment       0x00000000       0x2b Debug/src/lib/fat_sd/sd_spi_stm32.o
 .comment       0x00000000       0x2b Debug/src/lib/minIni/minIni.o
 .comment       0x00000000       0x2b Debug/firmware/STM32F10x_StdPeriph_Driver/src/misc.o
 .comment       0x00000000       0x2b Debug/firmware/STM32F10x_StdPeriph_Driver/src/stm32f10x_adc.o
 .comment       0x00000000       0x2b Debug/firmware/STM32F10x_StdPeriph_Driver/src/stm32f10x_bkp.o
 .comment       0x00000000       0x2b Debug/firmware/STM32F10x_StdPeriph_Driver/src/stm32f10x_can.o
 .comment       0x00000000       0x2b Debug/firmware/STM32F10x_StdPeriph_Driver/src/stm32f10x_cec.o
 .comment       0x00000000       0x2b Debug/firmware/STM32F10x_StdPeriph_Driver/src/stm32f10x_crc.o
 .comment       0x00000000       0x2b Debug/firmware/STM32F10x_StdPeriph_Driver/src/stm32f10x_dac.o
 .comment       0x00000000       0x2b Debug/firmware/STM32F10x_StdPeriph_Driver/src/stm32f10x_dbgmcu.o
 .comment       0x00000000       0x2b Debug/firmware/STM32F10x_StdPeriph_Driver/src/stm32f10x_dma.o
 .comment       0x00000000       0x2b Debug/firmware/STM32F10x_StdPeriph_Driver/src/stm32f10x_exti.o
 .comment       0x00000000       0x2b Debug/firmware/STM32F10x_StdPeriph_Driver/src/stm32f10x_flash.o
 .comment       0x00000000       0x2b Debug/firmware/STM32F10x_StdPeriph_Driver/src/stm32f10x_fsmc.o
 .comment       0x00000000       0x2b Debug/firmware/STM32F10x_StdPeriph_Driver/src/stm32f10x_gpio.o
 .comment       0x00000000       0x2b Debug/firmware/STM32F10x_StdPeriph_Driver/src/stm32f10x_i2c.o
 .comment       0x00000000       0x2b Debug/firmware/STM32F10x_StdPeriph_Driver/src/stm32f10x_iwdg.o
 .comment       0x00000000       0x2b Debug/firmware/STM32F10x_StdPeriph_Driver/src/stm32f10x_pwr.o
 .comment       0x00000000       0x2b Debug/firmware/STM32F10x_StdPeriph_Driver/src/stm32f10x_rcc.o
 .comment       0x00000000       0x2b Debug/firmware/STM32F10x_StdPeriph_Driver/src/stm32f10x_rtc.o
 .comment       0x00000000       0x2b Debug/firmware/STM32F10x_StdPeriph_Driver/src/stm32f10x_sdio.o
 .comment       0x00000000       0x2b Debug/firmware/STM32F10x_StdPeriph_Driver/src/stm32f10x_spi.o
 .comment       0x00000000       0x2b Debug/firmware/STM32F10x_StdPeriph_Driver/src/stm32f10x_tim.o
 .comment       0x00000000       0x2b Debug/firmware/STM32F10x_StdPeriph_Driver/src/stm32f10x_usart.o
 .comment       0x00000000       0x2b Debug/firmware/STM32F10x_StdPeriph_Driver/src/stm32f10x_wwdg.o
 .comment       0x00000000       0x2b Debug/firmware/CMSIS/CM3/CoreSupport/core_cm3.o
 .comment       0x00000000       0x2b Debug/firmware/CMSIS/CM3/DeviceSupport/ST/STM32F10x/system_stm32f10x.o

.debug_frame    0x00000000     0x5494
 .debug_frame   0x00000000       0x30 Debug/src/ad7843.o
 .debug_frame   0x00000030       0x84 Debug/src/config.o
 .debug_frame   0x000000b4       0x54 Debug/src/displayTask.o
 .debug_frame   0x00000108       0xa8 Debug/src/main.o
 .debug_frame   0x000001b0      0x104 Debug/src/rtc.o
 .debug_frame   0x000002b4       0xbc Debug/src/stm32f10x_it.o
 .debug_frame   0x00000370       0x2c Debug/src/syscalls.o
 .debug_frame   0x0000039c       0x30 Debug/src/util.o
 .debug_frame   0x000003cc       0x80 Debug/FreeRTOS/heap_2.o
 .debug_frame   0x0000044c       0x9c Debug/FreeRTOS/list.o
 .debug_frame   0x000004e8      0x110 Debug/FreeRTOS/port.o
 .debug_frame   0x000005f8      0x244 Debug/FreeRTOS/queue.o
 .debug_frame   0x0000083c      0x428 Debug/FreeRTOS/tasks.o
 .debug_frame   0x00000c64      0x1e8 Debug/src/lib/lcd/lcd.o
 .debug_frame   0x00000e4c      0x124 Debug/src/lib/lcd/MI0283QT-2.o
 .debug_frame   0x00000f70       0x30 Debug/src/lib/fat_sd/fattime.o
 .debug_frame   0x00000fa0      0x59c Debug/src/lib/fat_sd/ff.o
 .debug_frame   0x0000153c      0x294 Debug/src/lib/fat_sd/sd_spi_stm32.o
 .debug_frame   0x000017d0      0x258 Debug/src/lib/minIni/minIni.o
 .debug_frame   0x00001a28       0x9c Debug/firmware/STM32F10x_StdPeriph_Driver/src/misc.o
 .debug_frame   0x00001ac4      0x400 Debug/firmware/STM32F10x_StdPeriph_Driver/src/stm32f10x_adc.o
 .debug_frame   0x00001ec4      0x150 Debug/firmware/STM32F10x_StdPeriph_Driver/src/stm32f10x_bkp.o
 .debug_frame   0x00002014      0x24c Debug/firmware/STM32F10x_StdPeriph_Driver/src/stm32f10x_can.o
 .debug_frame   0x00002260      0x190 Debug/firmware/STM32F10x_StdPeriph_Driver/src/stm32f10x_cec.o
 .debug_frame   0x000023f0       0xac Debug/firmware/STM32F10x_StdPeriph_Driver/src/stm32f10x_crc.o
 .debug_frame   0x0000249c      0x160 Debug/firmware/STM32F10x_StdPeriph_Driver/src/stm32f10x_dac.o
 .debug_frame   0x000025fc       0x5c Debug/firmware/STM32F10x_StdPeriph_Driver/src/stm32f10x_dbgmcu.o
 .debug_frame   0x00002658      0x128 Debug/firmware/STM32F10x_StdPeriph_Driver/src/stm32f10x_dma.o
 .debug_frame   0x00002780       0xec Debug/firmware/STM32F10x_StdPeriph_Driver/src/stm32f10x_exti.o
 .debug_frame   0x0000286c      0x338 Debug/firmware/STM32F10x_StdPeriph_Driver/src/stm32f10x_flash.o
 .debug_frame   0x00002ba4      0x220 Debug/firmware/STM32F10x_StdPeriph_Driver/src/stm32f10x_fsmc.o
 .debug_frame   0x00002dc4      0x210 Debug/firmware/STM32F10x_StdPeriph_Driver/src/stm32f10x_gpio.o
 .debug_frame   0x00002fd4      0x398 Debug/firmware/STM32F10x_StdPeriph_Driver/src/stm32f10x_i2c.o
 .debug_frame   0x0000336c       0xb0 Debug/firmware/STM32F10x_StdPeriph_Driver/src/stm32f10x_iwdg.o
 .debug_frame   0x0000341c      0x140 Debug/firmware/STM32F10x_StdPeriph_Driver/src/stm32f10x_pwr.o
 .debug_frame   0x0000355c      0x484 Debug/firmware/STM32F10x_StdPeriph_Driver/src/stm32f10x_rcc.o
 .debug_frame   0x000039e0      0x194 Debug/firmware/STM32F10x_StdPeriph_Driver/src/stm32f10x_rtc.o
 .debug_frame   0x00003b74      0x340 Debug/firmware/STM32F10x_StdPeriph_Driver/src/stm32f10x_sdio.o
 .debug_frame   0x00003eb4      0x29c Debug/firmware/STM32F10x_StdPeriph_Driver/src/stm32f10x_spi.o
 .debug_frame   0x00004150      0xa20 Debug/firmware/STM32F10x_StdPeriph_Driver/src/stm32f10x_tim.o
 .debug_frame   0x00004b70      0x344 Debug/firmware/STM32F10x_StdPeriph_Driver/src/stm32f10x_usart.o
 .debug_frame   0x00004eb4       0xe4 Debug/firmware/STM32F10x_StdPeriph_Driver/src/stm32f10x_wwdg.o
 .debug_frame   0x00004f98      0x280 Debug/firmware/CMSIS/CM3/CoreSupport/core_cm3.o
 .debug_frame   0x00005218       0x80 Debug/firmware/CMSIS/CM3/DeviceSupport/ST/STM32F10x/system_stm32f10x.o
 .debug_frame   0x00005298       0x2c /home/irrenhaus/Dropbox/_apps/CodeSourcery/bin/../lib/gcc/arm-none-eabi/4.5.1/../../../../arm-none-eabi/lib/thumb2/libc.a(lib_a-init.o)
 .debug_frame   0x000052c4       0x2c /home/irrenhaus/Dropbox/_apps/CodeSourcery/bin/../lib/gcc/arm-none-eabi/4.5.1/../../../../arm-none-eabi/lib/thumb2/libc.a(lib_a-memcmp.o)
 .debug_frame   0x000052f0       0x30 /home/irrenhaus/Dropbox/_apps/CodeSourcery/bin/../lib/gcc/arm-none-eabi/4.5.1/../../../../arm-none-eabi/lib/thumb2/libc.a(lib_a-memcpy.o)
 .debug_frame   0x00005320       0x2c /home/irrenhaus/Dropbox/_apps/CodeSourcery/bin/../lib/gcc/arm-none-eabi/4.5.1/../../../../arm-none-eabi/lib/thumb2/libc.a(lib_a-memset.o)
 .debug_frame   0x0000534c       0x2c /home/irrenhaus/Dropbox/_apps/CodeSourcery/bin/../lib/gcc/arm-none-eabi/4.5.1/../../../../arm-none-eabi/lib/thumb2/libc.a(lib_a-strchr.o)
 .debug_frame   0x00005378       0x30 /home/irrenhaus/Dropbox/_apps/CodeSourcery/bin/../lib/gcc/arm-none-eabi/4.5.1/../../../../arm-none-eabi/lib/thumb2/libc.a(lib_a-strcmp.o)
 .debug_frame   0x000053a8       0x20 /home/irrenhaus/Dropbox/_apps/CodeSourcery/bin/../lib/gcc/arm-none-eabi/4.5.1/../../../../arm-none-eabi/lib/thumb2/libc.a(lib_a-strlen.o)
 .debug_frame   0x000053c8       0x2c /home/irrenhaus/Dropbox/_apps/CodeSourcery/bin/../lib/gcc/arm-none-eabi/4.5.1/../../../../arm-none-eabi/lib/thumb2/libc.a(lib_a-strncasecmp.o)
 .debug_frame   0x000053f4       0x2c /home/irrenhaus/Dropbox/_apps/CodeSourcery/bin/../lib/gcc/arm-none-eabi/4.5.1/../../../../arm-none-eabi/lib/thumb2/libc.a(lib_a-strncpy.o)
 .debug_frame   0x00005420       0x54 /home/irrenhaus/Dropbox/_apps/CodeSourcery/bin/../lib/gcc/arm-none-eabi/4.5.1/../../../../arm-none-eabi/lib/thumb2/libc.a(lib_a-strtol.o)
 .debug_frame   0x00005474       0x20 /home/irrenhaus/Dropbox/_apps/CodeSourcery/bin/../lib/gcc/arm-none-eabi/4.5.1/thumb2/libgcc.a(_udivsi3.o)

Cross Reference Table

Symbol                                            File
ADC1_2_IRQHandler                                 Debug/firmware/CMSIS/CM3/DeviceSupport/ST/STM32F10x/startup/TrueSTUDIO/startup_stm32f10x_cl.o
ADC_AnalogWatchdogCmd                             Debug/firmware/STM32F10x_StdPeriph_Driver/src/stm32f10x_adc.o
ADC_AnalogWatchdogSingleChannelConfig             Debug/firmware/STM32F10x_StdPeriph_Driver/src/stm32f10x_adc.o
ADC_AnalogWatchdogThresholdsConfig                Debug/firmware/STM32F10x_StdPeriph_Driver/src/stm32f10x_adc.o
ADC_AutoInjectedConvCmd                           Debug/firmware/STM32F10x_StdPeriph_Driver/src/stm32f10x_adc.o
ADC_ClearFlag                                     Debug/firmware/STM32F10x_StdPeriph_Driver/src/stm32f10x_adc.o
ADC_ClearITPendingBit                             Debug/firmware/STM32F10x_StdPeriph_Driver/src/stm32f10x_adc.o
ADC_Cmd                                           Debug/firmware/STM32F10x_StdPeriph_Driver/src/stm32f10x_adc.o
ADC_DMACmd                                        Debug/firmware/STM32F10x_StdPeriph_Driver/src/stm32f10x_adc.o
ADC_DeInit                                        Debug/firmware/STM32F10x_StdPeriph_Driver/src/stm32f10x_adc.o
ADC_DiscModeChannelCountConfig                    Debug/firmware/STM32F10x_StdPeriph_Driver/src/stm32f10x_adc.o