Archive member included because of file (symbol)

c:/program files (x86)/atollic/truestudio stm32 lite 1.4.0/armtools/bin/../lib/gcc/arm-atollic-eabi/4.4.1/../../../../arm-atollic-eabi/lib/thumb/thumb2\libc.a(lib_a-atexit.o)
                              c:/program files (x86)/atollic/truestudio stm32 lite 1.4.0/armtools/bin/../lib/gcc/arm-atollic-eabi/4.4.1/../../../../arm-atollic-eabi/lib/thumb/thumb2/crt0.o (atexit)
c:/program files (x86)/atollic/truestudio stm32 lite 1.4.0/armtools/bin/../lib/gcc/arm-atollic-eabi/4.4.1/../../../../arm-atollic-eabi/lib/thumb/thumb2\libc.a(lib_a-exit.o)
                              c:/program files (x86)/atollic/truestudio stm32 lite 1.4.0/armtools/bin/../lib/gcc/arm-atollic-eabi/4.4.1/../../../../arm-atollic-eabi/lib/thumb/thumb2/crt0.o (exit)
c:/program files (x86)/atollic/truestudio stm32 lite 1.4.0/armtools/bin/../lib/gcc/arm-atollic-eabi/4.4.1/../../../../arm-atollic-eabi/lib/thumb/thumb2\libc.a(lib_a-impure.o)
                              c:/program files (x86)/atollic/truestudio stm32 lite 1.4.0/armtools/bin/../lib/gcc/arm-atollic-eabi/4.4.1/../../../../arm-atollic-eabi/lib/thumb/thumb2\libc.a(lib_a-exit.o) (_global_impure_ptr)
c:/program files (x86)/atollic/truestudio stm32 lite 1.4.0/armtools/bin/../lib/gcc/arm-atollic-eabi/4.4.1/../../../../arm-atollic-eabi/lib/thumb/thumb2\libc.a(lib_a-init.o)
                              c:/program files (x86)/atollic/truestudio stm32 lite 1.4.0/armtools/bin/../lib/gcc/arm-atollic-eabi/4.4.1/../../../../arm-atollic-eabi/lib/thumb/thumb2/crt0.o (__libc_fini_array)
c:/program files (x86)/atollic/truestudio stm32 lite 1.4.0/armtools/bin/../lib/gcc/arm-atollic-eabi/4.4.1/../../../../arm-atollic-eabi/lib/thumb/thumb2\libc.a(lib_a-memcmp.o)
                              Debug/FreeRTOS/tasks.o (memcmp)
c:/program files (x86)/atollic/truestudio stm32 lite 1.4.0/armtools/bin/../lib/gcc/arm-atollic-eabi/4.4.1/../../../../arm-atollic-eabi/lib/thumb/thumb2\libc.a(lib_a-memcpy.o)
                              Debug/src/main.o (memcpy)
c:/program files (x86)/atollic/truestudio stm32 lite 1.4.0/armtools/bin/../lib/gcc/arm-atollic-eabi/4.4.1/../../../../arm-atollic-eabi/lib/thumb/thumb2\libc.a(lib_a-memset.o)
                              c:/program files (x86)/atollic/truestudio stm32 lite 1.4.0/armtools/bin/../lib/gcc/arm-atollic-eabi/4.4.1/../../../../arm-atollic-eabi/lib/thumb/thumb2/crt0.o (memset)
c:/program files (x86)/atollic/truestudio stm32 lite 1.4.0/armtools/bin/../lib/gcc/arm-atollic-eabi/4.4.1/../../../../arm-atollic-eabi/lib/thumb/thumb2\libc.a(lib_a-sprintf.o)
                              Debug/src/displayTask.o (sprintf)
c:/program files (x86)/atollic/truestudio stm32 lite 1.4.0/armtools/bin/../lib/gcc/arm-atollic-eabi/4.4.1/../../../../arm-atollic-eabi/lib/thumb/thumb2\libc.a(lib_a-strchr.o)
                              Debug/src/lib/minIni/minIni.o (strchr)
c:/program files (x86)/atollic/truestudio stm32 lite 1.4.0/armtools/bin/../lib/gcc/arm-atollic-eabi/4.4.1/../../../../arm-atollic-eabi/lib/thumb/thumb2\libc.a(lib_a-strcmp.o)
                              Debug/src/lib/minIni/minIni.o (strcmp)
c:/program files (x86)/atollic/truestudio stm32 lite 1.4.0/armtools/bin/../lib/gcc/arm-atollic-eabi/4.4.1/../../../../arm-atollic-eabi/lib/thumb/thumb2\libc.a(lib_a-strlen.o)
                              Debug/src/lib/minIni/minIni.o (strlen)
c:/program files (x86)/atollic/truestudio stm32 lite 1.4.0/armtools/bin/../lib/gcc/arm-atollic-eabi/4.4.1/../../../../arm-atollic-eabi/lib/thumb/thumb2\libc.a(lib_a-strncasecmp.o)
                              Debug/src/lib/minIni/minIni.o (strncasecmp)
c:/program files (x86)/atollic/truestudio stm32 lite 1.4.0/armtools/bin/../lib/gcc/arm-atollic-eabi/4.4.1/../../../../arm-atollic-eabi/lib/thumb/thumb2\libc.a(lib_a-strncpy.o)
                              Debug/FreeRTOS/tasks.o (strncpy)
c:/program files (x86)/atollic/truestudio stm32 lite 1.4.0/armtools/bin/../lib/gcc/arm-atollic-eabi/4.4.1/../../../../arm-atollic-eabi/lib/thumb/thumb2\libc.a(lib_a-strtol.o)
                              Debug/src/lib/minIni/minIni.o (strtol)
c:/program files (x86)/atollic/truestudio stm32 lite 1.4.0/armtools/bin/../lib/gcc/arm-atollic-eabi/4.4.1/../../../../arm-atollic-eabi/lib/thumb/thumb2\libc.a(lib_a-svfprintf.o)
                              c:/program files (x86)/atollic/truestudio stm32 lite 1.4.0/armtools/bin/../lib/gcc/arm-atollic-eabi/4.4.1/../../../../arm-atollic-eabi/lib/thumb/thumb2\libc.a(lib_a-sprintf.o) (_svfprintf_r)
c:/program files (x86)/atollic/truestudio stm32 lite 1.4.0/armtools/bin/../lib/gcc/arm-atollic-eabi/4.4.1/../../../../arm-atollic-eabi/lib/thumb/thumb2\libc.a(lib_a-syscalls.o)
                              c:/program files (x86)/atollic/truestudio stm32 lite 1.4.0/armtools/bin/../lib/gcc/arm-atollic-eabi/4.4.1/../../../../arm-atollic-eabi/lib/thumb/thumb2/crt0.o (initialise_monitor_handles)
[...]
Memory Configuration

Name             Origin             Length             Attributes
FLASH            0x08000000         0x00010000         xr
RAM              0x20000000         0x00005000         xrw
MEMORY_B1        0x60000000         0x00000000         xr
*default*        0x00000000         0xffffffff

Linker script and memory map

LOAD c:/program files (x86)/atollic/truestudio stm32 lite 1.4.0/armtools/bin/../lib/gcc/arm-atollic-eabi/4.4.1/thumb/thumb2/crti.o
LOAD c:/program files (x86)/atollic/truestudio stm32 lite 1.4.0/armtools/bin/../lib/gcc/arm-atollic-eabi/4.4.1/thumb/thumb2/crtbegin.o
LOAD c:/program files (x86)/atollic/truestudio stm32 lite 1.4.0/armtools/bin/../lib/gcc/arm-atollic-eabi/4.4.1/../../../../arm-atollic-eabi/lib/thumb/thumb2/crt0.o
LOAD Debug/src/ad7843.o
LOAD Debug/src/config.o
LOAD Debug/src/dbgMsg.o
LOAD Debug/src/displayTask.o
LOAD Debug/src/main.o
LOAD Debug/src/rtc.o
LOAD Debug/src/stm32f10x_it.o
LOAD Debug/src/util.o
LOAD Debug/FreeRTOS/heap_2.o
LOAD Debug/FreeRTOS/list.o
LOAD Debug/FreeRTOS/port.o
LOAD Debug/FreeRTOS/queue.o
LOAD Debug/FreeRTOS/tasks.o
LOAD Debug/src/font/font_8x12.o
LOAD Debug/src/font/font_8x8.o
LOAD Debug/src/font/font_clock.o
LOAD Debug/src/lib/lcd/lcd.o
LOAD Debug/src/lib/lcd/MI0283QT-2.o
LOAD Debug/src/lib/fat_sd/fattime.o
LOAD Debug/src/lib/fat_sd/ff.o
LOAD Debug/src/lib/fat_sd/sd_spi_stm32.o
LOAD Debug/src/lib/minIni/minIni.o
LOAD Debug/firmware/STM32F10x_StdPeriph_Driver/src/misc.o
LOAD Debug/firmware/STM32F10x_StdPeriph_Driver/src/stm32f10x_adc.o
LOAD Debug/firmware/STM32F10x_StdPeriph_Driver/src/stm32f10x_bkp.o
LOAD Debug/firmware/STM32F10x_StdPeriph_Driver/src/stm32f10x_can.o
LOAD Debug/firmware/STM32F10x_StdPeriph_Driver/src/stm32f10x_cec.o
LOAD Debug/firmware/STM32F10x_StdPeriph_Driver/src/stm32f10x_crc.o
LOAD Debug/firmware/STM32F10x_StdPeriph_Driver/src/stm32f10x_dac.o
LOAD Debug/firmware/STM32F10x_StdPeriph_Driver/src/stm32f10x_dbgmcu.o
LOAD Debug/firmware/STM32F10x_StdPeriph_Driver/src/stm32f10x_dma.o
LOAD Debug/firmware/STM32F10x_StdPeriph_Driver/src/stm32f10x_exti.o
LOAD Debug/firmware/STM32F10x_StdPeriph_Driver/src/stm32f10x_flash.o
LOAD Debug/firmware/STM32F10x_StdPeriph_Driver/src/stm32f10x_fsmc.o
LOAD Debug/firmware/STM32F10x_StdPeriph_Driver/src/stm32f10x_gpio.o
LOAD Debug/firmware/STM32F10x_StdPeriph_Driver/src/stm32f10x_i2c.o
LOAD Debug/firmware/STM32F10x_StdPeriph_Driver/src/stm32f10x_iwdg.o
LOAD Debug/firmware/STM32F10x_StdPeriph_Driver/src/stm32f10x_pwr.o
LOAD Debug/firmware/STM32F10x_StdPeriph_Driver/src/stm32f10x_rcc.o
LOAD Debug/firmware/STM32F10x_StdPeriph_Driver/src/stm32f10x_rtc.o
LOAD Debug/firmware/STM32F10x_StdPeriph_Driver/src/stm32f10x_sdio.o
LOAD Debug/firmware/STM32F10x_StdPeriph_Driver/src/stm32f10x_spi.o
LOAD Debug/firmware/STM32F10x_StdPeriph_Driver/src/stm32f10x_tim.o
LOAD Debug/firmware/STM32F10x_StdPeriph_Driver/src/stm32f10x_usart.o
LOAD Debug/firmware/STM32F10x_StdPeriph_Driver/src/stm32f10x_wwdg.o
LOAD Debug/firmware/CMSIS/CM3/CoreSupport/core_cm3.o
LOAD Debug/firmware/CMSIS/CM3/DeviceSupport/ST/STM32F10x/system_stm32f10x.o
LOAD Debug/firmware/CMSIS/CM3/DeviceSupport/ST/STM32F10x/startup/TrueSTUDIO/startup_stm32f10x_cl.o
START GROUP
LOAD c:/program files (x86)/atollic/truestudio stm32 lite 1.4.0/armtools/bin/../lib/gcc/arm-atollic-eabi/4.4.1/thumb/thumb2\libgcc.a
LOAD c:/program files (x86)/atollic/truestudio stm32 lite 1.4.0/armtools/bin/../lib/gcc/arm-atollic-eabi/4.4.1/../../../../arm-atollic-eabi/lib/thumb/thumb2\libc.a
END GROUP
LOAD c:/program files (x86)/atollic/truestudio stm32 lite 1.4.0/armtools/bin/../lib/gcc/arm-atollic-eabi/4.4.1/thumb/thumb2/crtend.o
LOAD c:/program files (x86)/atollic/truestudio stm32 lite 1.4.0/armtools/bin/../lib/gcc/arm-atollic-eabi/4.4.1/thumb/thumb2/crtn.o
                0x20005000                _estack = 0x20005000
                0x00000000                _Min_Heap_Size = 0x0
                0x00000100                _Min_Stack_Size = 0x100

.isr_vector     0x08000000      0x1e4
                0x08000000                . = ALIGN (0x4)
 *(.isr_vector)
 .isr_vector    0x08000000      0x1e4 Debug/firmware/CMSIS/CM3/DeviceSupport/ST/STM32F10x/startup/TrueSTUDIO/startup_stm32f10x_cl.o
                0x08000000                g_pfnVectors
                0x080001e4                . = ALIGN (0x4)

.text           0x080001e8     0x9ea0
                0x080001e8                . = ALIGN (0x4)
 *(.text)
 .text          0x080001e8       0x54 c:/program files (x86)/atollic/truestudio stm32 lite 1.4.0/armtools/bin/../lib/gcc/arm-atollic-eabi/4.4.1/thumb/thumb2/crtbegin.o
 .text          0x0800023c       0x88 c:/program files (x86)/atollic/truestudio stm32 lite 1.4.0/armtools/bin/../lib/gcc/arm-atollic-eabi/4.4.1/thumb/thumb2\libgcc.a(_udivsi3.o)
                0x0800023c                __udivsi3
                0x0800023c                __aeabi_uidiv
                0x080002b4                __aeabi_uidivmod
 .text          0x080002c4       0xa4 c:/program files (x86)/atollic/truestudio stm32 lite 1.4.0/armtools/bin/../lib/gcc/arm-atollic-eabi/4.4.1/thumb/thumb2\libgcc.a(_divsi3.o)
                0x080002c4                __aeabi_idiv
                0x080002c4                __divsi3
                0x08000358                __aeabi_idivmod
 .text          0x08000368        0x4 c:/program files (x86)/atollic/truestudio stm32 lite 1.4.0/armtools/bin/../lib/gcc/arm-atollic-eabi/4.4.1/thumb/thumb2\libgcc.a(_dvmd_tls.o)
                0x08000368                __aeabi_ldiv0
                0x08000368                __div0
                0x08000368                __aeabi_idiv0
 .text          0x0800036c      0x370 c:/program files (x86)/atollic/truestudio stm32 lite 1.4.0/armtools/bin/../lib/gcc/arm-atollic-eabi/4.4.1/thumb/thumb2\libgcc.a(_arm_addsubdf3.o)
                0x08000680                __floatdidf
                0x08000610                __floatsidf
                0x080005f0                __aeabi_ui2d
                0x0800036c                __aeabi_drsub
                0x08000634                __extendsfdf2
                0x08000378                __adddf3
                0x080005f0                __floatunsidf
                0x08000378                __aeabi_dadd
                0x08000670                __aeabi_ul2d
                0x08000374                __aeabi_dsub
                0x08000670                __floatundidf
                0x08000610                __aeabi_i2d
                0x08000680                __aeabi_l2d
                0x08000634                __aeabi_f2d
                0x08000374                __subdf3
 .text          0x080006dc      0x424 c:/program files (x86)/atollic/truestudio stm32 lite 1.4.0/armtools/bin/../lib/gcc/arm-atollic-eabi/4.4.1/thumb/thumb2\libgcc.a(_arm_muldivdf3.o)
                0x08000930                __aeabi_ddiv
                0x080006dc                __aeabi_dmul
                0x08000930                __divdf3
                0x080006dc                __muldf3
 .text          0x08000b00      0x10c c:/program files (x86)/atollic/truestudio stm32 lite 1.4.0/armtools/bin/../lib/gcc/arm-atollic-eabi/4.4.1/thumb/thumb2\libgcc.a(_arm_cmpdf2.o)
                0x08000bd0                __aeabi_dcmple
                0x08000b10                __cmpdf2
                0x08000b10                __eqdf2
                0x08000b00                __gtdf2
                0x08000b98                __aeabi_cdcmple
                0x08000b88                __aeabi_cdrcmple
                0x08000b08                __ltdf2
                0x08000bbc                __aeabi_dcmplt
                0x08000b08                __ledf2
                0x08000bf8                __aeabi_dcmpgt
                0x08000be4                __aeabi_dcmpge
                0x08000b10                __nedf2
                0x08000ba8                __aeabi_dcmpeq
                0x08000b98                __aeabi_cdcmpeq
                0x08000b00                __gedf2
 .text          0x08000c0c       0x50 c:/program files (x86)/atollic/truestudio stm32 lite 1.4.0/armtools/bin/../lib/gcc/arm-atollic-eabi/4.4.1/thumb/thumb2\libgcc.a(_arm_fixdfsi.o)
                0x08000c0c                __fixdfsi
                0x08000c0c                __aeabi_d2iz
 .text          0x08000c5c       0x18 c:/program files (x86)/atollic/truestudio stm32 lite 1.4.0/armtools/bin/../lib/gcc/arm-atollic-eabi/4.4.1/thumb/thumb2\libgcc.a(_aeabi_uldivmod.o)
                0x08000c5c                __aeabi_uldivmod
 .text          0x08000c74       0x60 c:/program files (x86)/atollic/truestudio stm32 lite 1.4.0/armtools/bin/../lib/gcc/arm-atollic-eabi/4.4.1/thumb/thumb2\libgcc.a(bpabi.o)
                0x08000c74                __gnu_uldivmod_helper
                0x08000ca4                __gnu_ldivmod_helper
 .text          0x08000cd4      0xa94 c:/program files (x86)/atollic/truestudio stm32 lite 1.4.0/armtools/bin/../lib/gcc/arm-atollic-eabi/4.4.1/thumb/thumb2\libgcc.a(unwind-arm.o)
                0x0800140c                __gnu_Unwind_RaiseException
                0x080010e4                __aeabi_unwind_cpp_pr0
                0x08000de4                _Unwind_GetCFA
                0x08000d28                _Unwind_VRS_Set
                0x0800121c                __gnu_Unwind_Backtrace
                0x080014dc                _Unwind_VRS_Pop
                0x080010cc                __aeabi_unwind_cpp_pr2
                0x08000dec                _Unwind_DeleteException
                0x08000de8                _Unwind_Complete
                0x080014a0                __gnu_Unwind_Resume
                0x080013c8                __gnu_Unwind_ForcedUnwind
                0x08001488                __gnu_Unwind_Resume_or_Rethrow
                0x08000ce0                _Unwind_VRS_Get
                0x080010d8                __aeabi_unwind_cpp_pr1
 .text          0x08001768      0x1ac c:/program files (x86)/atollic/truestudio stm32 lite 1.4.0/armtools/bin/../lib/gcc/arm-atollic-eabi/4.4.1/thumb/thumb2\libgcc.a(libunwind.o)
                0x080018cc                ___Unwind_ForcedUnwind
                0x08001788                __gnu_Unwind_Save_VFP
                0x080018a8                _Unwind_Resume_or_Rethrow
                0x080018a8                ___Unwind_Resume_or_Rethrow
                0x080018f0                _Unwind_Backtrace
                0x08001768                __restore_core_regs
                0x080017a8                __gnu_Unwind_Save_VFP_D_16_to_31
                0x08001798                __gnu_Unwind_Save_VFP_D
                0x080018f0                ___Unwind_Backtrace
                0x08001860                ___Unwind_RaiseException
                0x08001884                ___Unwind_Resume
                0x080017b0                __gnu_Unwind_Restore_WMMXD
                0x08001780                __gnu_Unwind_Restore_VFP
                0x08001884                _Unwind_Resume
                0x08001790                __gnu_Unwind_Restore_VFP_D
                0x080017a0                __gnu_Unwind_Restore_VFP_D_16_to_31
                0x08001860                _Unwind_RaiseException
                0x08001768                restore_core_regs
                0x0800184c                __gnu_Unwind_Save_WMMXC
                0x08001838                __gnu_Unwind_Restore_WMMXC
                0x080018cc                _Unwind_ForcedUnwind
                0x080017f4                __gnu_Unwind_Save_WMMXD
 .text          0x08001914      0x398 c:/program files (x86)/atollic/truestudio stm32 lite 1.4.0/armtools/bin/../lib/gcc/arm-atollic-eabi/4.4.1/thumb/thumb2\libgcc.a(pr-support.o)
                0x0800198c                _Unwind_GetRegionStart
                0x08001998                __gnu_unwind_execute
                0x08001944                _Unwind_GetTextRelBase
                0x08001978                _Unwind_GetLanguageSpecificData
                0x08001c80                __gnu_unwind_frame
                0x0800194c                _Unwind_GetDataRelBase
 .text          0x08001cac      0x358 c:/program files (x86)/atollic/truestudio stm32 lite 1.4.0/armtools/bin/../lib/gcc/arm-atollic-eabi/4.4.1/thumb/thumb2\libgcc.a(_divdi3.o)
                0x08001cac                __divdi3
 .text          0x08002004      0x300 c:/program files (x86)/atollic/truestudio stm32 lite 1.4.0/armtools/bin/../lib/gcc/arm-atollic-eabi/4.4.1/thumb/thumb2\libgcc.a(_udivdi3.o)
                0x08002004                __udivdi3
 *(.text*)
 .text.NVIC_SetPriority
                0x08002304       0x5c Debug/src/config.o
 .text.SysTick_Config
                0x08002360       0x64 Debug/src/config.o
 .text.configureNVIC
                0x080023c4        0xc Debug/src/config.o
                0x080023c4                configureNVIC
 .text.configureSystem
                0x080023d0      0x104 Debug/src/config.o
                0x080023d0                configureSystem
 .text.initDisplay
                0x080024d4       0x98 Debug/src/displayTask.o
                0x080024d4                initDisplay
 .text.displayTask
                0x0800256c      0x2ac Debug/src/displayTask.o
                0x0800256c                displayTask
 .text.vApplicationTickHook
                0x08002818       0x58 Debug/src/main.o
                0x08002818                vApplicationTickHook
 .text.EXTI15_10_IRQHandler
                0x08002870       0x6c Debug/src/main.o
                0x08002870                EXTI15_10_IRQHandler
 .text.touchTask
                0x080028dc      0x1b0 Debug/src/main.o
                0x080028dc                touchTask
 .text.main     0x08002a8c      0x214 Debug/src/main.o
                0x08002a8c                main
 .text.rtc_init
                0x08002ca0       0xa8 Debug/src/rtc.o
                0x08002ca0                rtc_init
 .text.NMI_Handler
                0x08002d48        0xc Debug/src/stm32f10x_it.o
                0x08002d48                NMI_Handler
 .text.HardFault_Handler
                0x08002d54       0x18 Debug/src/stm32f10x_it.o
                0x08002d54                HardFault_Handler
 .text.MemManage_Handler
                0x08002d6c        0x8 Debug/src/stm32f10x_it.o
                0x08002d6c                MemManage_Handler
 .text.BusFault_Handler
                0x08002d74        0x8 Debug/src/stm32f10x_it.o
                0x08002d74                BusFault_Handler
 .text.UsageFault_Handler
                0x08002d7c        0x8 Debug/src/stm32f10x_it.o
                0x08002d7c                UsageFault_Handler
 .text.DebugMon_Handler
                0x08002d84        0xc Debug/src/stm32f10x_it.o
                0x08002d84                DebugMon_Handler
 .text.vApplicationStackOverflowHook
                0x08002d90        0x8 Debug/src/stm32f10x_it.o
                0x08002d90                vApplicationStackOverflowHook
 .text.delay_ms
                0x08002d98       0x18 Debug/src/util.o
                0x08002d98                delay_ms
 .text.pvPortMalloc
                0x08002db0      0x1b4 Debug/FreeRTOS/heap_2.o
                0x08002db0                pvPortMalloc
 .text.vPortFree
                0x08002f64       0x88 Debug/FreeRTOS/heap_2.o
                0x08002f64                vPortFree
 .text.vListInitialise
                0x08002fec       0x48 Debug/FreeRTOS/list.o
                0x08002fec                vListInitialise
 .text.vListInitialiseItem
                0x08003034       0x1c Debug/FreeRTOS/list.o
                0x08003034                vListInitialiseItem
 .text.vListInsertEnd
                0x08003050       0x50 Debug/FreeRTOS/list.o
                0x08003050                vListInsertEnd
 .text.vListInsert
                0x080030a0       0x74 Debug/FreeRTOS/list.o
                0x080030a0                vListInsert
 .text.vListRemove
                0x08003114       0x54 Debug/FreeRTOS/list.o
                0x08003114                vListRemove
 .text.pxPortInitialiseStack
                0x08003168       0x60 Debug/FreeRTOS/port.o
                0x08003168                pxPortInitialiseStack
 .text.SVC_Handler
                0x080031c8       0x20 Debug/FreeRTOS/port.o
                0x080031c8                SVC_Handler
 .text.vPortStartFirstTask
                0x080031e8       0x10 Debug/FreeRTOS/port.o
                0x080031e8                vPortStartFirstTask
 .text.xPortStartScheduler
                0x080031f8       0x54 Debug/FreeRTOS/port.o
                0x080031f8                xPortStartScheduler
 .text.vPortYieldFromISR
                0x0800324c       0x18 Debug/FreeRTOS/port.o
                0x0800324c                vPortYieldFromISR
 .text.vPortEnterCritical
                0x08003264       0x2c Debug/FreeRTOS/port.o
                0x08003264                vPortEnterCritical
 .text.vPortExitCritical
                0x08003290       0x38 Debug/FreeRTOS/port.o
                0x08003290                vPortExitCritical
 .text.PendSV_Handler
                0x080032c8       0x3c Debug/FreeRTOS/port.o
                0x080032c8                PendSV_Handler
 .text.SysTick_Handler
                0x08003304       0x38 Debug/FreeRTOS/port.o
                0x08003304                SysTick_Handler
 .text.prvSetupTimerInterrupt
                0x0800333c       0x40 Debug/FreeRTOS/port.o
 .text.xTaskGenericCreate
                0x0800337c      0x1a0 Debug/FreeRTOS/tasks.o
                0x0800337c                xTaskGenericCreate
 .text.vTaskDelay
                0x0800351c       0xb8 Debug/FreeRTOS/tasks.o
                0x0800351c                vTaskDelay
 .text.vTaskStartScheduler
                0x080035d4       0x78 Debug/FreeRTOS/tasks.o
                0x080035d4                vTaskStartScheduler
 .text.vTaskSuspendAll
                0x0800364c       0x24 Debug/FreeRTOS/tasks.o
                0x0800364c                vTaskSuspendAll
 .text.xTaskResumeAll
                0x08003670      0x160 Debug/FreeRTOS/tasks.o
                0x08003670                xTaskResumeAll
 .text.xTaskGetTickCount
                0x080037d0       0x28 Debug/FreeRTOS/tasks.o
                0x080037d0                xTaskGetTickCount
 .text.vTaskIncrementTick
                0x080037f8      0x150 Debug/FreeRTOS/tasks.o
                0x080037f8                vTaskIncrementTick
 .text.vTaskSwitchContext
                0x08003948      0x150 Debug/FreeRTOS/tasks.o
                0x08003948                vTaskSwitchContext
 .text.prvIdleTask
                0x08003a98       0x24 Debug/FreeRTOS/tasks.o
 .text.prvInitialiseTCBVariables
                0x08003abc       0x7c Debug/FreeRTOS/tasks.o
 .text.prvInitialiseTaskLists
                0x08003b38       0xa4 Debug/FreeRTOS/tasks.o
 .text.prvCheckTasksWaitingTermination
                0x08003bdc       0xa8 Debug/FreeRTOS/tasks.o
 .text.prvAllocateTCBAndStack
                0x08003c84       0x74 Debug/FreeRTOS/tasks.o
 .text.prvDeleteTCB
                0x08003cf8       0x20 Debug/FreeRTOS/tasks.o
 .text.lcd_checkbit
                0x08003d18       0x38 Debug/src/lib/lcd/lcd.o
                0x08003d18                lcd_checkbit
 .text.lcd_puts
                0x08003d50       0x64 Debug/src/lib/lcd/lcd.o
                0x08003d50                lcd_puts
 .text.lcd_putc
                0x08003db4      0x224 Debug/src/lib/lcd/lcd.o
                0x08003db4                lcd_putc
 .text.lcd_clear
                0x08003fd8       0x48 Debug/src/lib/lcd/lcd.o
                0x08003fd8                lcd_clear
 .text.lcd_init
                0x08004020        0xc Debug/src/lib/lcd/lcd.o
                0x08004020                lcd_init
 .text.ssi_write
                0x0800402c       0x24 Debug/src/lib/lcd/MI0283QT-2.o
                0x0800402c                ssi_write
 .text.lcd_draw
                0x08004050       0x28 Debug/src/lib/lcd/MI0283QT-2.o
                0x08004050                lcd_draw
 .text.lcd_drawstop
                0x08004078       0x1c Debug/src/lib/lcd/MI0283QT-2.o
                0x08004078                lcd_drawstop
 .text.lcd_drawstart
                0x08004094       0x5c Debug/src/lib/lcd/MI0283QT-2.o
                0x08004094                lcd_drawstart
 .text.lcd_setarea
                0x080040f0       0x80 Debug/src/lib/lcd/MI0283QT-2.o
                0x080040f0                lcd_setarea
 .text.lcd_cmd  0x08004170       0x88 Debug/src/lib/lcd/MI0283QT-2.o
                0x08004170                lcd_cmd
 .text.lcd_reset
                0x080041f8      0x1c8 Debug/src/lib/lcd/MI0283QT-2.o
                0x080041f8                lcd_reset
 .text.socket_is_write_protected
                0x080043c0       0x10 Debug/src/lib/fat_sd/sd_spi_stm32.o
 .text.socket_is_empty
                0x080043d0       0x10 Debug/src/lib/fat_sd/sd_spi_stm32.o
 .text.disk_timerproc
                0x080043e0      0x104 Debug/src/lib/fat_sd/sd_spi_stm32.o
                0x080043e0                disk_timerproc
 .text.NVIC_PriorityGroupConfig
                0x080044e4       0x28 Debug/firmware/STM32F10x_StdPeriph_Driver/src/misc.o
                0x080044e4                NVIC_PriorityGroupConfig
 .text.NVIC_Init
                0x0800450c       0xec Debug/firmware/STM32F10x_StdPeriph_Driver/src/misc.o
                0x0800450c                NVIC_Init
 .text.BKP_DeInit
                0x080045f8       0x18 Debug/firmware/STM32F10x_StdPeriph_Driver/src/stm32f10x_bkp.o
                0x080045f8                BKP_DeInit
 .text.BKP_WriteBackupRegister
                0x08004610       0x38 Debug/firmware/STM32F10x_StdPeriph_Driver/src/stm32f10x_bkp.o
                0x08004610                BKP_WriteBackupRegister
 .text.EXTI_Init
                0x08004648      0x14c Debug/firmware/STM32F10x_StdPeriph_Driver/src/stm32f10x_exti.o
                0x08004648                EXTI_Init
 .text.EXTI_GetITStatus
                0x08004794       0x5c Debug/firmware/STM32F10x_StdPeriph_Driver/src/stm32f10x_exti.o
                0x08004794                EXTI_GetITStatus
 .text.EXTI_ClearITPendingBit
                0x080047f0       0x20 Debug/firmware/STM32F10x_StdPeriph_Driver/src/stm32f10x_exti.o
                0x080047f0                EXTI_ClearITPendingBit
 .text.GPIO_Init
                0x08004810      0x1c0 Debug/firmware/STM32F10x_StdPeriph_Driver/src/stm32f10x_gpio.o
                0x08004810                GPIO_Init
 .text.GPIO_SetBits
                0x080049d0       0x1c Debug/firmware/STM32F10x_StdPeriph_Driver/src/stm32f10x_gpio.o
                0x080049d0                GPIO_SetBits
 .text.GPIO_ResetBits
                0x080049ec       0x1c Debug/firmware/STM32F10x_StdPeriph_Driver/src/stm32f10x_gpio.o
                0x080049ec                GPIO_ResetBits
 .text.GPIO_WriteBit
                0x08004a08       0x30 Debug/firmware/STM32F10x_StdPeriph_Driver/src/stm32f10x_gpio.o
                0x08004a08                GPIO_WriteBit
 .text.GPIO_EXTILineConfig
                0x08004a38       0xb8 Debug/firmware/STM32F10x_StdPeriph_Driver/src/stm32f10x_gpio.o
                0x08004a38                GPIO_EXTILineConfig
 .text.PWR_BackupAccessCmd
                0x08004af0       0x20 Debug/firmware/STM32F10x_StdPeriph_Driver/src/stm32f10x_pwr.o
                0x08004af0                PWR_BackupAccessCmd
 .text.RCC_DeInit
                0x08004b10       0xc4 Debug/firmware/STM32F10x_StdPeriph_Driver/src/stm32f10x_rcc.o
                0x08004b10                RCC_DeInit
 .text.RCC_HSEConfig
                0x08004bd4       0x84 Debug/firmware/STM32F10x_StdPeriph_Driver/src/stm32f10x_rcc.o
                0x08004bd4                RCC_HSEConfig
 .text.RCC_WaitForHSEStartUp
                0x08004c58       0x64 Debug/firmware/STM32F10x_StdPeriph_Driver/src/stm32f10x_rcc.o
                0x08004c58                RCC_WaitForHSEStartUp
 .text.RCC_PLLConfig
                0x08004cbc       0x4c Debug/firmware/STM32F10x_StdPeriph_Driver/src/stm32f10x_rcc.o
                0x08004cbc                RCC_PLLConfig
 .text.RCC_PLLCmd
                0x08004d08       0x20 Debug/firmware/STM32F10x_StdPeriph_Driver/src/stm32f10x_rcc.o
                0x08004d08                RCC_PLLCmd
 .text.RCC_PREDIV1Config
                0x08004d28       0x50 Debug/firmware/STM32F10x_StdPeriph_Driver/src/stm32f10x_rcc.o
                0x08004d28                RCC_PREDIV1Config
 .text.RCC_PREDIV2Config
                0x08004d78       0x44 Debug/firmware/STM32F10x_StdPeriph_Driver/src/stm32f10x_rcc.o
                0x08004d78                RCC_PREDIV2Config
 .text.RCC_PLL2Config
                0x08004dbc       0x44 Debug/firmware/STM32F10x_StdPeriph_Driver/src/stm32f10x_rcc.o
                0x08004dbc                RCC_PLL2Config
 .text.RCC_PLL2Cmd
                0x08004e00       0x20 Debug/firmware/STM32F10x_StdPeriph_Driver/src/stm32f10x_rcc.o
                0x08004e00                RCC_PLL2Cmd
 .text.RCC_SYSCLKConfig
                0x08004e20       0x44 Debug/firmware/STM32F10x_StdPeriph_Driver/src/stm32f10x_rcc.o
                0x08004e20                RCC_SYSCLKConfig
 .text.RCC_GetSYSCLKSource
                0x08004e64       0x1c Debug/firmware/STM32F10x_StdPeriph_Driver/src/stm32f10x_rcc.o
                0x08004e64                RCC_GetSYSCLKSource
 .text.RCC_HCLKConfig
                0x08004e80       0x44 Debug/firmware/STM32F10x_StdPeriph_Driver/src/stm32f10x_rcc.o
                0x08004e80                RCC_HCLKConfig
 .text.RCC_PCLK1Config
                0x08004ec4       0x44 Debug/firmware/STM32F10x_StdPeriph_Driver/src/stm32f10x_rcc.o
                0x08004ec4                RCC_PCLK1Config
 .text.RCC_PCLK2Config
                0x08004f08       0x48 Debug/firmware/STM32F10x_StdPeriph_Driver/src/stm32f10x_rcc.o
                0x08004f08                RCC_PCLK2Config
 .text.RCC_LSICmd
                0x08004f50       0x20 Debug/firmware/STM32F10x_StdPeriph_Driver/src/stm32f10x_rcc.o
                0x08004f50                RCC_LSICmd
 .text.RCC_RTCCLKConfig
                0x08004f70       0x2c Debug/firmware/STM32F10x_StdPeriph_Driver/src/stm32f10x_rcc.o
                0x08004f70                RCC_RTCCLKConfig
 .text.RCC_RTCCLKCmd
                0x08004f9c       0x20 Debug/firmware/STM32F10x_StdPeriph_Driver/src/stm32f10x_rcc.o
                0x08004f9c                RCC_RTCCLKCmd
 .text.RCC_APB2PeriphClockCmd
                0x08004fbc       0x58 Debug/firmware/STM32F10x_StdPeriph_Driver/src/stm32f10x_rcc.o
                0x08004fbc                RCC_APB2PeriphClockCmd
 .text.RCC_APB1PeriphClockCmd
                0x08005014       0x58 Debug/firmware/STM32F10x_StdPeriph_Driver/src/stm32f10x_rcc.o
                0x08005014                RCC_APB1PeriphClockCmd
 .text.RCC_BackupResetCmd
                0x0800506c       0x20 Debug/firmware/STM32F10x_StdPeriph_Driver/src/stm32f10x_rcc.o
                0x0800506c                RCC_BackupResetCmd
 .text.RCC_GetFlagStatus
                0x0800508c       0x90 Debug/firmware/STM32F10x_StdPeriph_Driver/src/stm32f10x_rcc.o
                0x0800508c                RCC_GetFlagStatus
 .text.RTC_EnterConfigMode
                0x0800511c       0x28 Debug/firmware/STM32F10x_StdPeriph_Driver/src/stm32f10x_rtc.o
                0x0800511c                RTC_EnterConfigMode
 .text.RTC_ExitConfigMode
                0x08005144       0x34 Debug/firmware/STM32F10x_StdPeriph_Driver/src/stm32f10x_rtc.o
                0x08005144                RTC_ExitConfigMode
 .text.RTC_GetCounter
                0x08005178       0x3c Debug/firmware/STM32F10x_StdPeriph_Driver/src/stm32f10x_rtc.o
                0x08005178                RTC_GetCounter
 .text.RTC_SetCounter
                0x080051b4       0x38 Debug/firmware/STM32F10x_StdPeriph_Driver/src/stm32f10x_rtc.o
                0x080051b4                RTC_SetCounter
 .text.RTC_SetPrescaler
                0x080051ec       0x3c Debug/firmware/STM32F10x_StdPeriph_Driver/src/stm32f10x_rtc.o
                0x080051ec                RTC_SetPrescaler
 .text.RTC_WaitForLastTask
                0x08005228       0x20 Debug/firmware/STM32F10x_StdPeriph_Driver/src/stm32f10x_rtc.o
                0x08005228                RTC_WaitForLastTask
 .text.RTC_WaitForSynchro
                0x08005248       0x48 Debug/firmware/STM32F10x_StdPeriph_Driver/src/stm32f10x_rtc.o
                0x08005248                RTC_WaitForSynchro
 .text.SPI_Init
                0x08005290       0xa4 Debug/firmware/STM32F10x_StdPeriph_Driver/src/stm32f10x_spi.o
                0x08005290                SPI_Init
 .text.SPI_Cmd  0x08005334       0x48 Debug/firmware/STM32F10x_StdPeriph_Driver/src/stm32f10x_spi.o
                0x08005334                SPI_Cmd
 .text.SPI_I2S_SendData
                0x0800537c       0x1c Debug/firmware/STM32F10x_StdPeriph_Driver/src/stm32f10x_spi.o
                0x0800537c                SPI_I2S_SendData
 .text.SPI_I2S_ReceiveData
                0x08005398       0x1c Debug/firmware/STM32F10x_StdPeriph_Driver/src/stm32f10x_spi.o
                0x08005398                SPI_I2S_ReceiveData
 .text.SPI_I2S_GetFlagStatus
                0x080053b4       0x40 Debug/firmware/STM32F10x_StdPeriph_Driver/src/stm32f10x_spi.o
                0x080053b4                SPI_I2S_GetFlagStatus
 .text.SystemInit
                0x080053f4       0xc4 Debug/firmware/CMSIS/CM3/DeviceSupport/ST/STM32F10x/system_stm32f10x.o
                0x080053f4                SystemInit
 .text.SetSysClock
                0x080054b8        0xc Debug/firmware/CMSIS/CM3/DeviceSupport/ST/STM32F10x/system_stm32f10x.o
 .text.SetSysClockTo72
                0x080054c4      0x20c Debug/firmware/CMSIS/CM3/DeviceSupport/ST/STM32F10x/system_stm32f10x.o
 .text.Reset_Handler
                0x080056d0       0x48 Debug/firmware/CMSIS/CM3/DeviceSupport/ST/STM32F10x/startup/TrueSTUDIO/startup_stm32f10x_cl.o
                0x080056d0                Reset_Handler
 .text.Default_Handler
                0x08005718        0x2 Debug/firmware/CMSIS/CM3/DeviceSupport/ST/STM32F10x/startup/TrueSTUDIO/startup_stm32f10x_cl.o
                0x08005718                EXTI2_IRQHandler
                0x08005718                TIM1_CC_IRQHandler
                0x08005718                TIM6_IRQHandler
                0x08005718                PVD_IRQHandler
                0x08005718                CAN2_RX1_IRQHandler
                0x08005718                EXTI3_IRQHandler
                0x08005718                EXTI0_IRQHandler
                0x08005718                I2C2_EV_IRQHandler
                0x08005718                CAN1_RX0_IRQHandler
                0x08005718                CAN2_SCE_IRQHandler
                0x08005718                ADC1_2_IRQHandler
                0x08005718                SPI1_IRQHandler
                0x08005718                TAMPER_IRQHandler
                0x08005718                CAN2_RX0_IRQHandler
                0x08005718                DMA2_Channel2_IRQHandler
                0x08005718                DMA1_Channel4_IRQHandler
                0x08005718                USART3_IRQHandler
                0x08005718                RTC_IRQHandler
                0x08005718                DMA1_Channel7_IRQHandler
                0x08005718                CAN1_RX1_IRQHandler
                0x08005718                UART5_IRQHandler
                0x08005718                TIM4_IRQHandler
                0x08005718                DMA2_Channel1_IRQHandler
                0x08005718                I2C1_EV_IRQHandler
                0x08005718                DMA1_Channel6_IRQHandler
                0x08005718                UART4_IRQHandler
                0x08005718                DMA2_Channel4_IRQHandler
                0x08005718                TIM3_IRQHandler
                0x08005718                RCC_IRQHandler
                0x08005718                TIM1_TRG_COM_IRQHandler
                0x08005718                DMA1_Channel1_IRQHandler
                0x08005718                Default_Handler
                0x08005718                TIM7_IRQHandler
                0x08005718                CAN2_TX_IRQHandler
                0x08005718                TIM5_IRQHandler
                0x08005718                EXTI9_5_IRQHandler
                0x08005718                ETH_WKUP_IRQHandler
                0x08005718                SPI2_IRQHandler
                0x08005718                CAN1_TX_IRQHandler
                0x08005718                DMA2_Channel5_IRQHandler
                0x08005718                DMA1_Channel5_IRQHandler
                0x08005718                EXTI4_IRQHandler
                0x08005718                DMA1_Channel3_IRQHandler
                0x08005718                ETH_IRQHandler
                0x08005718                TIM1_UP_IRQHandler
                0x08005718                WWDG_IRQHandler
                0x08005718                TIM2_IRQHandler
                0x08005718                OTG_FS_WKUP_IRQHandler
                0x08005718                TIM1_BRK_IRQHandler
                0x08005718                EXTI1_IRQHandler
                0x08005718                RTCAlarm_IRQHandler
                0x08005718                USART2_IRQHandler
                0x08005718                I2C2_ER_IRQHandler
                0x08005718                DMA1_Channel2_IRQHandler
                0x08005718                CAN1_SCE_IRQHandler
                0x08005718                FLASH_IRQHandler
                0x08005718                USART1_IRQHandler
                0x08005718                OTG_FS_IRQHandler
                0x08005718                SPI3_IRQHandler
                0x08005718                I2C1_ER_IRQHandler
                0x08005718                DMA2_Channel3_IRQHandler
 *fill*         0x0800571a        0x2 00
 .text.__libc_init_array
                0x0800571c       0x4c c:/program files (x86)/atollic/truestudio stm32 lite 1.4.0/armtools/bin/../lib/gcc/arm-atollic-eabi/4.4.1/../../../../arm-atollic-eabi/lib/thumb/thumb2\libc.a(lib_a-init.o)
                0x0800571c                __libc_init_array
 .text.memcmp   0x08005768       0x24 c:/program files (x86)/atollic/truestudio stm32 lite 1.4.0/armtools/bin/../lib/gcc/arm-atollic-eabi/4.4.1/../../../../arm-atollic-eabi/lib/thumb/thumb2\libc.a(lib_a-memcmp.o)
                0x08005768                memcmp
 .text.memcpy   0x0800578c       0x18 c:/program files (x86)/atollic/truestudio stm32 lite 1.4.0/armtools/bin/../lib/gcc/arm-atollic-eabi/4.4.1/../../../../arm-atollic-eabi/lib/thumb/thumb2\libc.a(lib_a-memcpy.o)
                0x0800578c                memcpy
 .text.memset   0x080057a4       0x10 c:/program files (x86)/atollic/truestudio stm32 lite 1.4.0/armtools/bin/../lib/gcc/arm-atollic-eabi/4.4.1/../../../../arm-atollic-eabi/lib/thumb/thumb2\libc.a(lib_a-memset.o)
                0x080057a4                memset
 .text.sprintf  0x080057b4       0x48 c:/program files (x86)/atollic/truestudio stm32 lite 1.4.0/armtools/bin/../lib/gcc/arm-atollic-eabi/4.4.1/../../../../arm-atollic-eabi/lib/thumb/thumb2\libc.a(lib_a-sprintf.o)
                0x080057b4                sprintf
 .text.strlen   0x080057fc       0x10 c:/program files (x86)/atollic/truestudio stm32 lite 1.4.0/armtools/bin/../lib/gcc/arm-atollic-eabi/4.4.1/../../../../arm-atollic-eabi/lib/thumb/thumb2\libc.a(lib_a-strlen.o)
                0x080057fc                strlen
 .text.strncpy  0x0800580c       0x30 c:/program files (x86)/atollic/truestudio stm32 lite 1.4.0/armtools/bin/../lib/gcc/arm-atollic-eabi/4.4.1/../../../../arm-atollic-eabi/lib/thumb/thumb2\libc.a(lib_a-strncpy.o)
                0x0800580c                strncpy
 .text.__sprint_r
                0x0800583c      0x108 c:/program files (x86)/atollic/truestudio stm32 lite 1.4.0/armtools/bin/../lib/gcc/arm-atollic-eabi/4.4.1/../../../../arm-atollic-eabi/lib/thumb/thumb2\libc.a(lib_a-svfprintf.o)
 .text._svfprintf_r
                0x08005944     0x111c c:/program files (x86)/atollic/truestudio stm32 lite 1.4.0/armtools/bin/../lib/gcc/arm-atollic-eabi/4.4.1/../../../../arm-atollic-eabi/lib/thumb/thumb2\libc.a(lib_a-svfprintf.o)
                0x08005944                _svfprintf_r
 .text._getpid  0x08006a60        0x4 c:/program files (x86)/atollic/truestudio stm32 lite 1.4.0/armtools/bin/../lib/gcc/arm-atollic-eabi/4.4.1/../../../../arm-atollic-eabi/lib/thumb/thumb2\libc.a(lib_a-syscalls.o)
                0x08006a60                _getpid
 .text._kill    0x08006a64       0x10 c:/program files (x86)/atollic/truestudio stm32 lite 1.4.0/armtools/bin/../lib/gcc/arm-atollic-eabi/4.4.1/../../../../arm-atollic-eabi/lib/thumb/thumb2\libc.a(lib_a-syscalls.o)
                0x08006a64                _kill
 .text._exit    0x08006a74        0xc c:/program files (x86)/atollic/truestudio stm32 lite 1.4.0/armtools/bin/../lib/gcc/arm-atollic-eabi/4.4.1/../../../../arm-atollic-eabi/lib/thumb/thumb2\libc.a(lib_a-syscalls.o)
                0x08006a74                _exit
 .text._sbrk    0x08006a80       0x34 c:/program files (x86)/atollic/truestudio stm32 lite 1.4.0/armtools/bin/../lib/gcc/arm-atollic-eabi/4.4.1/../../../../arm-atollic-eabi/lib/thumb/thumb2\libc.a(lib_a-syscalls.o)
                0x08006a80                _sbrk
 .text.quorem   0x08006ab4      0x144 c:/program files (x86)/atollic/truestudio stm32 lite 1.4.0/armtools/bin/../lib/gcc/arm-atollic-eabi/4.4.1/../../../../arm-atollic-eabi/lib/thumb/thumb2\libc.a(lib_a-dtoa.o)
 .text._dtoa_r  0x08006bf8      0xc50 c:/program files (x86)/atollic/truestudio stm32 lite 1.4.0/armtools/bin/../lib/gcc/arm-atollic-eabi/4.4.1/../../../../arm-atollic-eabi/lib/thumb/thumb2\libc.a(lib_a-dtoa.o)
                0x08006bf8                _dtoa_r
 .text._malloc_trim_r
                0x08007848       0xa4 c:/program files (x86)/atollic/truestudio stm32 lite 1.4.0/armtools/bin/../lib/gcc/arm-atollic-eabi/4.4.1/../../../../arm-atollic-eabi/lib/thumb/thumb2\libc.a(lib_a-freer.o)
                0x08007848                _malloc_trim_r
 .text._free_r  0x080078ec      0x1c0 c:/program files (x86)/atollic/truestudio stm32 lite 1.4.0/armtools/bin/../lib/gcc/arm-atollic-eabi/4.4.1/../../../../arm-atollic-eabi/lib/thumb/thumb2\libc.a(lib_a-freer.o)
                0x080078ec                _free_r
 .text._localeconv_r
                0x08007aac        0x8 c:/program files (x86)/atollic/truestudio stm32 lite 1.4.0/armtools/bin/../lib/gcc/arm-atollic-eabi/4.4.1/../../../../arm-atollic-eabi/lib/thumb/thumb2\libc.a(lib_a-locale.o)
                0x08007aac                _localeconv_r
 .text.malloc   0x08007ab4       0x14 c:/program files (x86)/atollic/truestudio stm32 lite 1.4.0/armtools/bin/../lib/gcc/arm-atollic-eabi/4.4.1/../../../../arm-atollic-eabi/lib/thumb/thumb2\libc.a(lib_a-malloc.o)
                0x08007ab4                malloc
 .text._malloc_r
                0x08007ac8      0x490 c:/program files (x86)/atollic/truestudio stm32 lite 1.4.0/armtools/bin/../lib/gcc/arm-atollic-eabi/4.4.1/../../../../arm-atollic-eabi/lib/thumb/thumb2\libc.a(lib_a-mallocr.o)
                0x08007ac8                _malloc_r
 .text.memchr   0x08007f58       0x18 c:/program files (x86)/atollic/truestudio stm32 lite 1.4.0/armtools/bin/../lib/gcc/arm-atollic-eabi/4.4.1/../../../../arm-atollic-eabi/lib/thumb/thumb2\libc.a(lib_a-memchr.o)
                0x08007f58                memchr
 .text.memmove  0x08007f70       0x3c c:/program files (x86)/atollic/truestudio stm32 lite 1.4.0/armtools/bin/../lib/gcc/arm-atollic-eabi/4.4.1/../../../../arm-atollic-eabi/lib/thumb/thumb2\libc.a(lib_a-memmove.o)
                0x08007f70                memmove
 .text.__malloc_lock
                0x08007fac        0x4 c:/program files (x86)/atollic/truestudio stm32 lite 1.4.0/armtools/bin/../lib/gcc/arm-atollic-eabi/4.4.1/../../../../arm-atollic-eabi/lib/thumb/thumb2\libc.a(lib_a-mlock.o)
                0x08007fac                __malloc_lock
 .text.__malloc_unlock
                0x08007fb0        0x4 c:/program files (x86)/atollic/truestudio stm32 lite 1.4.0/armtools/bin/../lib/gcc/arm-atollic-eabi/4.4.1/../../../../arm-atollic-eabi/lib/thumb/thumb2\libc.a(lib_a-mlock.o)
                0x08007fb0                __malloc_unlock
 .text.__hi0bits
                0x08007fb4       0x40 c:/program files (x86)/atollic/truestudio stm32 lite 1.4.0/armtools/bin/../lib/gcc/arm-atollic-eabi/4.4.1/../../../../arm-atollic-eabi/lib/thumb/thumb2\libc.a(lib_a-mprec.o)
                0x08007fb4                __hi0bits
 .text.__lo0bits
                0x08007ff4       0x68 c:/program files (x86)/atollic/truestudio stm32 lite 1.4.0/armtools/bin/../lib/gcc/arm-atollic-eabi/4.4.1/../../../../arm-atollic-eabi/lib/thumb/thumb2\libc.a(lib_a-mprec.o)
                0x08007ff4                __lo0bits
 .text.__mcmp   0x0800805c       0x40 c:/program files (x86)/atollic/truestudio stm32 lite 1.4.0/armtools/bin/../lib/gcc/arm-atollic-eabi/4.4.1/../../../../arm-atollic-eabi/lib/thumb/thumb2\libc.a(lib_a-mprec.o)
                0x0800805c                __mcmp
 .text._Bfree   0x0800809c       0x30 c:/program files (x86)/atollic/truestudio stm32 lite 1.4.0/armtools/bin/../lib/gcc/arm-atollic-eabi/4.4.1/../../../../arm-atollic-eabi/lib/thumb/thumb2\libc.a(lib_a-mprec.o)
                0x0800809c                _Bfree
 .text._Balloc  0x080080cc       0x64 c:/program files (x86)/atollic/truestudio stm32 lite 1.4.0/armtools/bin/../lib/gcc/arm-atollic-eabi/4.4.1/../../../../arm-atollic-eabi/lib/thumb/thumb2\libc.a(lib_a-mprec.o)
                0x080080cc                _Balloc
 .text.__d2b    0x08008130       0xbc c:/program files (x86)/atollic/truestudio stm32 lite 1.4.0/armtools/bin/../lib/gcc/arm-atollic-eabi/4.4.1/../../../../arm-atollic-eabi/lib/thumb/thumb2\libc.a(lib_a-mprec.o)
                0x08008130                __d2b
 .text.__mdiff  0x080081ec      0x110 c:/program files (x86)/atollic/truestudio stm32 lite 1.4.0/armtools/bin/../lib/gcc/arm-atollic-eabi/4.4.1/../../../../arm-atollic-eabi/lib/thumb/thumb2\libc.a(lib_a-mprec.o)
                0x080081ec                __mdiff
 .text.__lshift
                0x080082fc       0xb8 c:/program files (x86)/atollic/truestudio stm32 lite 1.4.0/armtools/bin/../lib/gcc/arm-atollic-eabi/4.4.1/../../../../arm-atollic-eabi/lib/thumb/thumb2\libc.a(lib_a-mprec.o)
                0x080082fc                __lshift
 .text.__multiply
                0x080083b4      0x13c c:/program files (x86)/atollic/truestudio stm32 lite 1.4.0/armtools/bin/../lib/gcc/arm-atollic-eabi/4.4.1/../../../../arm-atollic-eabi/lib/thumb/thumb2\libc.a(lib_a-mprec.o)
                0x080083b4                __multiply
 .text.__i2b    0x080084f0       0x14 c:/program files (x86)/atollic/truestudio stm32 lite 1.4.0/armtools/bin/../lib/gcc/arm-atollic-eabi/4.4.1/../../../../arm-atollic-eabi/lib/thumb/thumb2\libc.a(lib_a-mprec.o)
                0x080084f0                __i2b
 .text.__multadd
                0x08008504       0x7c c:/program files (x86)/atollic/truestudio stm32 lite 1.4.0/armtools/bin/../lib/gcc/arm-atollic-eabi/4.4.1/../../../../arm-atollic-eabi/lib/thumb/thumb2\libc.a(lib_a-mprec.o)
                0x08008504                __multadd
 .text.__pow5mult
                0x08008580       0x9c c:/program files (x86)/atollic/truestudio stm32 lite 1.4.0/armtools/bin/../lib/gcc/arm-atollic-eabi/4.4.1/../../../../arm-atollic-eabi/lib/thumb/thumb2\libc.a(lib_a-mprec.o)
                0x08008580                __pow5mult
 .text._realloc_r
                0x0800861c      0x324 c:/program files (x86)/atollic/truestudio stm32 lite 1.4.0/armtools/bin/../lib/gcc/arm-atollic-eabi/4.4.1/../../../../arm-atollic-eabi/lib/thumb/thumb2\libc.a(lib_a-reallocr.o)
                0x0800861c                _realloc_r
 .text.__isinfd
                0x08008940       0x20 c:/program files (x86)/atollic/truestudio stm32 lite 1.4.0/armtools/bin/../lib/gcc/arm-atollic-eabi/4.4.1/../../../../arm-atollic-eabi/lib/thumb/thumb2\libc.a(lib_a-s_isinfd.o)
                0x08008940                __isinfd
 .text.__isnand
                0x08008960       0x18 c:/program files (x86)/atollic/truestudio stm32 lite 1.4.0/armtools/bin/../lib/gcc/arm-atollic-eabi/4.4.1/../../../../arm-atollic-eabi/lib/thumb/thumb2\libc.a(lib_a-s_isnand.o)
                0x08008960                __isnand
 .text._sbrk_r  0x08008978       0x24 c:/program files (x86)/atollic/truestudio stm32 lite 1.4.0/armtools/bin/../lib/gcc/arm-atollic-eabi/4.4.1/../../../../arm-atollic-eabi/lib/thumb/thumb2\libc.a(lib_a-sbrkr.o)
                0x08008978                _sbrk_r
 .text._calloc_r
                0x0800899c       0x5c c:/program files (x86)/atollic/truestudio stm32 lite 1.4.0/armtools/bin/../lib/gcc/arm-atollic-eabi/4.4.1/../../../../arm-atollic-eabi/lib/thumb/thumb2\libc.a(lib_a-callocr.o)
                0x0800899c                _calloc_r
 .text.abort    0x080089f8        0xc c:/program files (x86)/atollic/truestudio stm32 lite 1.4.0/armtools/bin/../lib/gcc/arm-atollic-eabi/4.4.1/../../../../arm-atollic-eabi/lib/thumb/thumb2\libc.a(lib_a-abort.o)
                0x080089f8                abort
 .text._raise_r
                0x08008a04       0x54 c:/program files (x86)/atollic/truestudio stm32 lite 1.4.0/armtools/bin/../lib/gcc/arm-atollic-eabi/4.4.1/../../../../arm-atollic-eabi/lib/thumb/thumb2\libc.a(lib_a-signal.o)
                0x08008a04                _raise_r
 .text.raise    0x08008a58       0x14 c:/program files (x86)/atollic/truestudio stm32 lite 1.4.0/armtools/bin/../lib/gcc/arm-atollic-eabi/4.4.1/../../../../arm-atollic-eabi/lib/thumb/thumb2\libc.a(lib_a-signal.o)
                0x08008a58                raise
 .text._getpid_r
                0x08008a6c        0x8 c:/program files (x86)/atollic/truestudio stm32 lite 1.4.0/armtools/bin/../lib/gcc/arm-atollic-eabi/4.4.1/../../../../arm-atollic-eabi/lib/thumb/thumb2\libc.a(lib_a-signalr.o)
                0x08008a6c                _getpid_r
 .text._kill_r  0x08008a74       0x24 c:/program files (x86)/atollic/truestudio stm32 lite 1.4.0/armtools/bin/../lib/gcc/arm-atollic-eabi/4.4.1/../../../../arm-atollic-eabi/lib/thumb/thumb2\libc.a(lib_a-signalr.o)
                0x08008a74                _kill_r
 *(.rodata)
 .rodata        0x08008a98       0x3c Debug/src/displayTask.o
 .rodata        0x08008ad4       0x34 Debug/src/main.o
 .rodata        0x08008b08        0x8 Debug/FreeRTOS/tasks.o
 *(.rodata*)
 .rodata.heapSTRUCT_SIZE
                0x08008b10        0x2 Debug/FreeRTOS/heap_2.o
 *fill*         0x08008b12        0x2 00
 .rodata.ucExpectedStackBytes.3339
                0x08008b14       0x14 Debug/FreeRTOS/tasks.o
 .rodata.font2  0x08008b28      0xa80 Debug/src/font/font_8x12.o
                0x08008b28                font2
 .rodata.font1  0x080095a8      0x700 Debug/src/font/font_8x8.o
                0x080095a8                font1
 .rodata.font3  0x08009ca8      0x1b8 Debug/src/font/font_clock.o
                0x08009ca8                font3
 .rodata.socket_state_mask_cp
                0x08009e60        0x4 Debug/src/lib/fat_sd/sd_spi_stm32.o
 .rodata.socket_state_mask_wp
                0x08009e64        0x4 Debug/src/lib/fat_sd/sd_spi_stm32.o
 .rodata.str1.1
                0x08009e68        0x2 c:/program files (x86)/atollic/truestudio stm32 lite 1.4.0/armtools/bin/../lib/gcc/arm-atollic-eabi/4.4.1/../../../../arm-atollic-eabi/lib/thumb/thumb2\libc.a(lib_a-impure.o)
 *fill*         0x08009e6a        0x2 00
 .rodata.zeroes.3547
                0x08009e6c       0x10 c:/program files (x86)/atollic/truestudio stm32 lite 1.4.0/armtools/bin/../lib/gcc/arm-atollic-eabi/4.4.1/../../../../arm-atollic-eabi/lib/thumb/thumb2\libc.a(lib_a-svfprintf.o)
 .rodata.str1.1
                0x08009e7c       0x34 c:/program files (x86)/atollic/truestudio stm32 lite 1.4.0/armtools/bin/../lib/gcc/arm-atollic-eabi/4.4.1/../../../../arm-atollic-eabi/lib/thumb/thumb2\libc.a(lib_a-svfprintf.o)
 .rodata.blanks.3546
                0x08009eb0       0x10 c:/program files (x86)/atollic/truestudio stm32 lite 1.4.0/armtools/bin/../lib/gcc/arm-atollic-eabi/4.4.1/../../../../arm-atollic-eabi/lib/thumb/thumb2\libc.a(lib_a-svfprintf.o)
 .rodata.str1.1
                0x08009ec0        0xd c:/program files (x86)/atollic/truestudio stm32 lite 1.4.0/armtools/bin/../lib/gcc/arm-atollic-eabi/4.4.1/../../../../arm-atollic-eabi/lib/thumb/thumb2\libc.a(lib_a-dtoa.o)
                                  0xf (size before relaxing)
 *fill*         0x08009ecd        0x3 00
 .rodata.__sf_fake_stdin
                0x08009ed0       0x20 c:/program files (x86)/atollic/truestudio stm32 lite 1.4.0/armtools/bin/../lib/gcc/arm-atollic-eabi/4.4.1/../../../../arm-atollic-eabi/lib/thumb/thumb2\libc.a(lib_a-findfp.o)
                0x08009ed0                __sf_fake_stdin
 .rodata.__sf_fake_stdout
                0x08009ef0       0x20 c:/program files (x86)/atollic/truestudio stm32 lite 1.4.0/armtools/bin/../lib/gcc/arm-atollic-eabi/4.4.1/../../../../arm-atollic-eabi/lib/thumb/thumb2\libc.a(lib_a-findfp.o)
                0x08009ef0                __sf_fake_stdout
 .rodata.__sf_fake_stderr
                0x08009f10       0x20 c:/program files (x86)/atollic/truestudio stm32 lite 1.4.0/armtools/bin/../lib/gcc/arm-atollic-eabi/4.4.1/../../../../arm-atollic-eabi/lib/thumb/thumb2\libc.a(lib_a-findfp.o)
                0x08009f10                __sf_fake_stderr
 .rodata.lconv  0x08009f30       0x30 c:/program files (x86)/atollic/truestudio stm32 lite 1.4.0/armtools/bin/../lib/gcc/arm-atollic-eabi/4.4.1/../../../../arm-atollic-eabi/lib/thumb/thumb2\libc.a(lib_a-locale.o)
 .rodata.str1.1
                0x08009f60        0xd c:/program files (x86)/atollic/truestudio stm32 lite 1.4.0/armtools/bin/../lib/gcc/arm-atollic-eabi/4.4.1/../../../../arm-atollic-eabi/lib/thumb/thumb2\libc.a(lib_a-locale.o)
                                 0x10 (size before relaxing)
 *fill*         0x08009f6d        0x3 00
 .rodata.p05.2461
                0x08009f70        0xc c:/program files (x86)/atollic/truestudio stm32 lite 1.4.0/armtools/bin/../lib/gcc/arm-atollic-eabi/4.4.1/../../../../arm-atollic-eabi/lib/thumb/thumb2\libc.a(lib_a-mprec.o)
 *fill*         0x08009f7c        0x4 00
 .rodata.__mprec_tens
                0x08009f80       0xc8 c:/program files (x86)/atollic/truestudio stm32 lite 1.4.0/armtools/bin/../lib/gcc/arm-atollic-eabi/4.4.1/../../../../arm-atollic-eabi/lib/thumb/thumb2\libc.a(lib_a-mprec.o)
                0x08009f80                __mprec_tens
 .rodata.__mprec_bigtens
                0x0800a048       0x28 c:/program files (x86)/atollic/truestudio stm32 lite 1.4.0/armtools/bin/../lib/gcc/arm-atollic-eabi/4.4.1/../../../../arm-atollic-eabi/lib/thumb/thumb2\libc.a(lib_a-mprec.o)
                0x0800a048                __mprec_bigtens
 *(.glue_7)
 .glue_7        0x0800a070        0x0 c:/program files (x86)/atollic/truestudio stm32 lite 1.4.0/armtools/bin/../lib/gcc/arm-atollic-eabi/4.4.1/thumb/thumb2/crti.o
 .glue_7        0x0800a070        0x0 c:/program files (x86)/atollic/truestudio stm32 lite 1.4.0/armtools/bin/../lib/gcc/arm-atollic-eabi/4.4.1/thumb/thumb2/crtbegin.o
 .glue_7        0x0800a070        0x0 c:/program files (x86)/atollic/truestudio stm32 lite 1.4.0/armtools/bin/../lib/gcc/arm-atollic-eabi/4.4.1/../../../../arm-atollic-eabi/lib/thumb/thumb2/crt0.o
 .glue_7        0x0800a070        0x0 Debug/src/ad7843.o
 .glue_7        0x0800a070        0x0 Debug/src/config.o
 .glue_7        0x0800a070        0x0 Debug/src/dbgMsg.o
 .glue_7        0x0800a070        0x0 Debug/src/displayTask.o
 .glue_7        0x0800a070        0x0 Debug/src/main.o
 .glue_7        0x0800a070        0x0 Debug/src/rtc.o
 .glue_7        0x0800a070        0x0 Debug/src/stm32f10x_it.o
 .glue_7        0x0800a070        0x0 Debug/src/util.o
 .glue_7        0x0800a070        0x0 Debug/FreeRTOS/heap_2.o
 .glue_7        0x0800a070        0x0 Debug/FreeRTOS/list.o
 .glue_7        0x0800a070        0x0 Debug/FreeRTOS/port.o
 .glue_7        0x0800a070        0x0 Debug/FreeRTOS/queue.o
 .glue_7        0x0800a070        0x0 Debug/FreeRTOS/tasks.o
 .glue_7        0x0800a070        0x0 Debug/src/font/font_8x12.o
 .glue_7        0x0800a070        0x0 Debug/src/font/font_8x8.o
 .glue_7        0x0800a070        0x0 Debug/src/font/font_clock.o
 .glue_7        0x0800a070        0x0 Debug/src/lib/lcd/lcd.o
 .glue_7        0x0800a070        0x0 Debug/src/lib/lcd/MI0283QT-2.o
 .glue_7        0x0800a070        0x0 Debug/src/lib/fat_sd/fattime.o
 .glue_7        0x0800a070        0x0 Debug/src/lib/fat_sd/ff.o
 .glue_7        0x0800a070        0x0 Debug/src/lib/fat_sd/sd_spi_stm32.o
 .glue_7        0x0800a070        0x0 Debug/src/lib/minIni/minIni.o
 .glue_7        0x0800a070        0x0 Debug/firmware/STM32F10x_StdPeriph_Driver/src/misc.o
 .glue_7        0x0800a070        0x0 Debug/firmware/STM32F10x_StdPeriph_Driver/src/stm32f10x_adc.o
 .glue_7        0x0800a070        0x0 Debug/firmware/STM32F10x_StdPeriph_Driver/src/stm32f10x_bkp.o
 .glue_7        0x0800a070        0x0 Debug/firmware/STM32F10x_StdPeriph_Driver/src/stm32f10x_can.o
 .glue_7        0x0800a070        0x0 Debug/firmware/STM32F10x_StdPeriph_Driver/src/stm32f10x_cec.o
 .glue_7        0x0800a070        0x0 Debug/firmware/STM32F10x_StdPeriph_Driver/src/stm32f10x_crc.o
 .glue_7        0x0800a070        0x0 Debug/firmware/STM32F10x_StdPeriph_Driver/src/stm32f10x_dac.o
 .glue_7        0x0800a070        0x0 Debug/firmware/STM32F10x_StdPeriph_Driver/src/stm32f10x_dbgmcu.o
 .glue_7        0x0800a070        0x0 Debug/firmware/STM32F10x_StdPeriph_Driver/src/stm32f10x_dma.o
 .glue_7        0x0800a070        0x0 Debug/firmware/STM32F10x_StdPeriph_Driver/src/stm32f10x_exti.o
 .glue_7        0x0800a070        0x0 Debug/firmware/STM32F10x_StdPeriph_Driver/src/stm32f10x_flash.o
 .glue_7        0x0800a070        0x0 Debug/firmware/STM32F10x_StdPeriph_Driver/src/stm32f10x_fsmc.o
 .glue_7        0x0800a070        0x0 Debug/firmware/STM32F10x_StdPeriph_Driver/src/stm32f10x_gpio.o
 .glue_7        0x0800a070        0x0 Debug/firmware/STM32F10x_StdPeriph_Driver/src/stm32f10x_i2c.o
 .glue_7        0x0800a070        0x0 Debug/firmware/STM32F10x_StdPeriph_Driver/src/stm32f10x_iwdg.o
 .glue_7        0x0800a070        0x0 Debug/firmware/STM32F10x_StdPeriph_Driver/src/stm32f10x_pwr.o
 .glue_7        0x0800a070        0x0 Debug/firmware/STM32F10x_StdPeriph_Driver/src/stm32f10x_rcc.o
 .glue_7        0x0800a070        0x0 Debug/firmware/STM32F10x_StdPeriph_Driver/src/stm32f10x_rtc.o
 .glue_7        0x0800a070        0x0 Debug/firmware/STM32F10x_StdPeriph_Driver/src/stm32f10x_sdio.o
 .glue_7        0x0800a070        0x0 Debug/firmware/STM32F10x_StdPeriph_Driver/src/stm32f10x_spi.o
 .glue_7        0x0800a070        0x0 Debug/firmware/STM32F10x_StdPeriph_Driver/src/stm32f10x_tim.o
 .glue_7        0x0800a070        0x0 Debug/firmware/STM32F10x_StdPeriph_Driver/src/stm32f10x_usart.o
 .glue_7        0x0800a070        0x0 Debug/firmware/STM32F10x_StdPeriph_Driver/src/stm32f10x_wwdg.o
 .glue_7        0x0800a070        0x0 Debug/firmware/CMSIS/CM3/CoreSupport/core_cm3.o
 .glue_7        0x0800a070        0x0 Debug/firmware/CMSIS/CM3/DeviceSupport/ST/STM32F10x/system_stm32f10x.o
 .glue_7        0x0800a070        0x0 Debug/firmware/CMSIS/CM3/DeviceSupport/ST/STM32F10x/startup/TrueSTUDIO/startup_stm32f10x_cl.o
 .glue_7        0x0800a070        0x0 c:/program files (x86)/atollic/truestudio stm32 lite 1.4.0/armtools/bin/../lib/gcc/arm-atollic-eabi/4.4.1/../../../../arm-atollic-eabi/lib/thumb/thumb2\libc.a(lib_a-atexit.o)
 .glue_7        0x0800a070        0x0 c:/program files (x86)/atollic/truestudio stm32 lite 1.4.0/armtools/bin/../lib/gcc/arm-atollic-eabi/4.4.1/../../../../arm-atollic-eabi/lib/thumb/thumb2\libc.a(lib_a-exit.o)
 .glue_7        0x0800a070        0x0 c:/program files (x86)/atollic/truestudio stm32 lite 1.4.0/armtools/bin/../lib/gcc/arm-atollic-eabi/4.4.1/../../../../arm-atollic-eabi/lib/thumb/thumb2\libc.a(lib_a-impure.o)
 .glue_7        0x0800a070        0x0 c:/program files (x86)/atollic/truestudio stm32 lite 1.4.0/armtools/bin/../lib/gcc/arm-atollic-eabi/4.4.1/../../../../arm-atollic-eabi/lib/thumb/thumb2\libc.a(lib_a-init.o)
 .glue_7        0x0800a070        0x0 c:/program files (x86)/atollic/truestudio stm32 lite 1.4.0/armtools/bin/../lib/gcc/arm-atollic-eabi/4.4.1/../../../../arm-atollic-eabi/lib/thumb/thumb2\libc.a(lib_a-memcmp.o)
 .glue_7        0x0800a070        0x0 c:/program files (x86)/atollic/truestudio stm32 lite 1.4.0/armtools/bin/../lib/gcc/arm-atollic-eabi/4.4.1/../../../../arm-atollic-eabi/lib/thumb/thumb2\libc.a(lib_a-memcpy.o)
 .glue_7        0x0800a070        0x0 c:/program files (x86)/atollic/truestudio stm32 lite 1.4.0/armtools/bin/../lib/gcc/arm-atollic-eabi/4.4.1/../../../../arm-atollic-eabi/lib/thumb/thumb2\libc.a(lib_a-memset.o)
 .glue_7        0x0800a070        0x0 c:/program files (x86)/atollic/truestudio stm32 lite 1.4.0/armtools/bin/../lib/gcc/arm-atollic-eabi/4.4.1/../../../../arm-atollic-eabi/lib/thumb/thumb2\libc.a(lib_a-sprintf.o)
 .glue_7        0x0800a070        0x0 c:/program files (x86)/atollic/truestudio stm32 lite 1.4.0/armtools/bin/../lib/gcc/arm-atollic-eabi/4.4.1/../../../../arm-atollic-eabi/lib/thumb/thumb2\libc.a(lib_a-strchr.o)
 .glue_7        0x0800a070        0x0 c:/program files (x86)/atollic/truestudio stm32 lite 1.4.0/armtools/bin/../lib/gcc/arm-atollic-eabi/4.4.1/../../../../arm-atollic-eabi/lib/thumb/thumb2\libc.a(lib_a-strcmp.o)
 .glue_7        0x0800a070        0x0 c:/program files (x86)/atollic/truestudio stm32 lite 1.4.0/armtools/bin/../lib/gcc/arm-atollic-eabi/4.4.1/../../../../arm-atollic-eabi/lib/thumb/thumb2\libc.a(lib_a-strlen.o)
 .glue_7        0x0800a070        0x0 c:/program files (x86)/atollic/truestudio stm32 lite 1.4.0/armtools/bin/../lib/gcc/arm-atollic-eabi/4.4.1/../../../../arm-atollic-eabi/lib/thumb/thumb2\libc.a(lib_a-strncasecmp.o)
 .glue_7        0x0800a070        0x0 c:/program files (x86)/atollic/truestudio stm32 lite 1.4.0/armtools/bin/../lib/gcc/arm-atollic-eabi/4.4.1/../../../../arm-atollic-eabi/lib/thumb/thumb2\libc.a(lib_a-strncpy.o)
 .glue_7        0x0800a070        0x0 c:/program files (x86)/atollic/truestudio stm32 lite 1.4.0/armtools/bin/../lib/gcc/arm-atollic-eabi/4.4.1/../../../../arm-atollic-eabi/lib/thumb/thumb2\libc.a(lib_a-strtol.o)
 .glue_7        0x0800a070        0x0 c:/program files (x86)/atollic/truestudio stm32 lite 1.4.0/armtools/bin/../lib/gcc/arm-atollic-eabi/4.4.1/../../../../arm-atollic-eabi/lib/thumb/thumb2\libc.a(lib_a-svfprintf.o)
 .glue_7        0x0800a070        0x0 c:/program files (x86)/atollic/truestudio stm32 lite 1.4.0/armtools/bin/../lib/gcc/arm-atollic-eabi/4.4.1/../../../../arm-atollic-eabi/lib/thumb/thumb2\libc.a(lib_a-syscalls.o)
 .glue_7        0x0800a070        0x0 c:/program files (x86)/atollic/truestudio stm32 lite 1.4.0/armtools/bin/../lib/gcc/arm-atollic-eabi/4.4.1/../../../../arm-atollic-eabi/lib/thumb/thumb2\libc.a(lib_a-__atexit.o)
 .glue_7        0x0800a070        0x0 c:/program files (x86)/atollic/truestudio stm32 lite 1.4.0/armtools/bin/../lib/gcc/arm-atollic-eabi/4.4.1/../../../../arm-atollic-eabi/lib/thumb/thumb2\libc.a(lib_a-__call_atexit.o)
 .glue_7        0x0800a070        0x0 c:/program files (x86)/atollic/truestudio stm32 lite 1.4.0/armtools/bin/../lib/gcc/arm-atollic-eabi/4.4.1/../../../../arm-atollic-eabi/lib/thumb/thumb2\libc.a(lib_a-ctype_.o)
 .glue_7        0x0800a070        0x0 c:/program files (x86)/atollic/truestudio stm32 lite 1.4.0/armtools/bin/../lib/gcc/arm-atollic-eabi/4.4.1/../../../../arm-atollic-eabi/lib/thumb/thumb2\libc.a(lib_a-dtoa.o)
 .glue_7        0x0800a070        0x0 c:/program files (x86)/atollic/truestudio stm32 lite 1.4.0/armtools/bin/../lib/gcc/arm-atollic-eabi/4.4.1/../../../../arm-atollic-eabi/lib/thumb/thumb2\libc.a(lib_a-findfp.o)
 .glue_7        0x0800a070        0x0 c:/program files (x86)/atollic/truestudio stm32 lite 1.4.0/armtools/bin/../lib/gcc/arm-atollic-eabi/4.4.1/../../../../arm-atollic-eabi/lib/thumb/thumb2\libc.a(lib_a-freer.o)
 .glue_7        0x0800a070        0x0 c:/program files (x86)/atollic/truestudio stm32 lite 1.4.0/armtools/bin/../lib/gcc/arm-atollic-eabi/4.4.1/../../../../arm-atollic-eabi/lib/thumb/thumb2\libc.a(lib_a-fwalk.o)
 .glue_7        0x0800a070        0x0 c:/program files (x86)/atollic/truestudio stm32 lite 1.4.0/armtools/bin/../lib/gcc/arm-atollic-eabi/4.4.1/../../../../arm-atollic-eabi/lib/thumb/thumb2\libc.a(lib_a-locale.o)
 .glue_7        0x0800a070        0x0 c:/program files (x86)/atollic/truestudio stm32 lite 1.4.0/armtools/bin/../lib/gcc/arm-atollic-eabi/4.4.1/../../../../arm-atollic-eabi/lib/thumb/thumb2\libc.a(lib_a-malloc.o)
 .glue_7        0x0800a070        0x0 c:/program files (x86)/atollic/truestudio stm32 lite 1.4.0/armtools/bin/../lib/gcc/arm-atollic-eabi/4.4.1/../../../../arm-atollic-eabi/lib/thumb/thumb2\libc.a(lib_a-mallocr.o)
 .glue_7        0x0800a070        0x0 c:/program files (x86)/atollic/truestudio stm32 lite 1.4.0/armtools/bin/../lib/gcc/arm-atollic-eabi/4.4.1/../../../../arm-atollic-eabi/lib/thumb/thumb2\libc.a(lib_a-memchr.o)
 .glue_7        0x0800a070        0x0 c:/program files (x86)/atollic/truestudio stm32 lite 1.4.0/armtools/bin/../lib/gcc/arm-atollic-eabi/4.4.1/../../../../arm-atollic-eabi/lib/thumb/thumb2\libc.a(lib_a-memmove.o)
 .glue_7        0x0800a070        0x0 c:/program files (x86)/atollic/truestudio stm32 lite 1.4.0/armtools/bin/../lib/gcc/arm-atollic-eabi/4.4.1/../../../../arm-atollic-eabi/lib/thumb/thumb2\libc.a(lib_a-mlock.o)
 .glue_7        0x0800a070        0x0 c:/program files (x86)/atollic/truestudio stm32 lite 1.4.0/armtools/bin/../lib/gcc/arm-atollic-eabi/4.4.1/../../../../arm-atollic-eabi/lib/thumb/thumb2\libc.a(lib_a-mprec.o)
 .glue_7        0x0800a070        0x0 c:/program files (x86)/atollic/truestudio stm32 lite 1.4.0/armtools/bin/../lib/gcc/arm-atollic-eabi/4.4.1/../../../../arm-atollic-eabi/lib/thumb/thumb2\libc.a(lib_a-reallocr.o)
 .glue_7        0x0800a070        0x0 c:/program files (x86)/atollic/truestudio stm32 lite 1.4.0/armtools/bin/../lib/gcc/arm-atollic-eabi/4.4.1/../../../../arm-atollic-eabi/lib/thumb/thumb2\libc.a(lib_a-reent.o)
 .glue_7        0x0800a070        0x0 c:/program files (x86)/atollic/truestudio stm32 lite 1.4.0/armtools/bin/../lib/gcc/arm-atollic-eabi/4.4.1/../../../../arm-atollic-eabi/lib/thumb/thumb2\libc.a(lib_a-s_isinfd.o)
 .glue_7        0x0800a070        0x0 c:/program files (x86)/atollic/truestudio stm32 lite 1.4.0/armtools/bin/../lib/gcc/arm-atollic-eabi/4.4.1/../../../../arm-atollic-eabi/lib/thumb/thumb2\libc.a(lib_a-s_isnand.o)
 .glue_7        0x0800a070        0x0 c:/program files (x86)/atollic/truestudio stm32 lite 1.4.0/armtools/bin/../lib/gcc/arm-atollic-eabi/4.4.1/../../../../arm-atollic-eabi/lib/thumb/thumb2\libc.a(lib_a-sbrkr.o)
 .glue_7        0x0800a070        0x0 c:/program files (x86)/atollic/truestudio stm32 lite 1.4.0/armtools/bin/../lib/gcc/arm-atollic-eabi/4.4.1/../../../../arm-atollic-eabi/lib/thumb/thumb2\libc.a(lib_a-stdio.o)
 .glue_7        0x0800a070        0x0 c:/program files (x86)/atollic/truestudio stm32 lite 1.4.0/armtools/bin/../lib/gcc/arm-atollic-eabi/4.4.1/../../../../arm-atollic-eabi/lib/thumb/thumb2\libc.a(lib_a-writer.o)
 .glue_7        0x0800a070        0x0 c:/program files (x86)/atollic/truestudio stm32 lite 1.4.0/armtools/bin/../lib/gcc/arm-atollic-eabi/4.4.1/../../../../arm-atollic-eabi/lib/thumb/thumb2\libc.a(lib_a-callocr.o)
 .glue_7        0x0800a070        0x0 c:/program files (x86)/atollic/truestudio stm32 lite 1.4.0/armtools/bin/../lib/gcc/arm-atollic-eabi/4.4.1/../../../../arm-atollic-eabi/lib/thumb/thumb2\libc.a(lib_a-closer.o)
 .glue_7        0x0800a070        0x0 c:/program files (x86)/atollic/truestudio stm32 lite 1.4.0/armtools/bin/../lib/gcc/arm-atollic-eabi/4.4.1/../../../../arm-atollic-eabi/lib/thumb/thumb2\libc.a(lib_a-fclose.o)
 .glue_7        0x0800a070        0x0 c:/program files (x86)/atollic/truestudio stm32 lite 1.4.0/armtools/bin/../lib/gcc/arm-atollic-eabi/4.4.1/../../../../arm-atollic-eabi/lib/thumb/thumb2\libc.a(lib_a-fflush.o)
 .glue_7        0x0800a070        0x0 c:/program files (x86)/atollic/truestudio stm32 lite 1.4.0/armtools/bin/../lib/gcc/arm-atollic-eabi/4.4.1/../../../../arm-atollic-eabi/lib/thumb/thumb2\libc.a(lib_a-lseekr.o)
 .glue_7        0x0800a070        0x0 c:/program files (x86)/atollic/truestudio stm32 lite 1.4.0/armtools/bin/../lib/gcc/arm-atollic-eabi/4.4.1/../../../../arm-atollic-eabi/lib/thumb/thumb2\libc.a(lib_a-readr.o)
 .glue_7        0x0800a070        0x0 c:/program files (x86)/atollic/truestudio stm32 lite 1.4.0/armtools/bin/../lib/gcc/arm-atollic-eabi/4.4.1/thumb/thumb2\libgcc.a(_udivsi3.o)
 .glue_7        0x0800a070        0x0 c:/program files (x86)/atollic/truestudio stm32 lite 1.4.0/armtools/bin/../lib/gcc/arm-atollic-eabi/4.4.1/thumb/thumb2\libgcc.a(_divsi3.o)
 .glue_7        0x0800a070        0x0 c:/program files (x86)/atollic/truestudio stm32 lite 1.4.0/armtools/bin/../lib/gcc/arm-atollic-eabi/4.4.1/thumb/thumb2\libgcc.a(_dvmd_tls.o)
 .glue_7        0x0800a070        0x0 c:/program files (x86)/atollic/truestudio stm32 lite 1.4.0/armtools/bin/../lib/gcc/arm-atollic-eabi/4.4.1/thumb/thumb2\libgcc.a(_arm_addsubdf3.o)
 .glue_7        0x0800a070        0x0 c:/program files (x86)/atollic/truestudio stm32 lite 1.4.0/armtools/bin/../lib/gcc/arm-atollic-eabi/4.4.1/thumb/thumb2\libgcc.a(_arm_muldivdf3.o)
 .glue_7        0x0800a070        0x0 c:/program files (x86)/atollic/truestudio stm32 lite 1.4.0/armtools/bin/../lib/gcc/arm-atollic-eabi/4.4.1/thumb/thumb2\libgcc.a(_arm_cmpdf2.o)
 .glue_7        0x0800a070        0x0 c:/program files (x86)/atollic/truestudio stm32 lite 1.4.0/armtools/bin/../lib/gcc/arm-atollic-eabi/4.4.1/thumb/thumb2\libgcc.a(_arm_fixdfsi.o)
 .glue_7        0x0800a070        0x0 c:/program files (x86)/atollic/truestudio stm32 lite 1.4.0/armtools/bin/../lib/gcc/arm-atollic-eabi/4.4.1/thumb/thumb2\libgcc.a(_aeabi_uldivmod.o)
 .glue_7        0x0800a070        0x0 c:/program files (x86)/atollic/truestudio stm32 lite 1.4.0/armtools/bin/../lib/gcc/arm-atollic-eabi/4.4.1/thumb/thumb2\libgcc.a(bpabi.o)
 .glue_7        0x0800a070        0x0 c:/program files (x86)/atollic/truestudio stm32 lite 1.4.0/armtools/bin/../lib/gcc/arm-atollic-eabi/4.4.1/thumb/thumb2\libgcc.a(unwind-arm.o)
 .glue_7        0x0800a070        0x0 c:/program files (x86)/atollic/truestudio stm32 lite 1.4.0/armtools/bin/../lib/gcc/arm-atollic-eabi/4.4.1/thumb/thumb2\libgcc.a(libunwind.o)
 .glue_7        0x0800a070        0x0 c:/program files (x86)/atollic/truestudio stm32 lite 1.4.0/armtools/bin/../lib/gcc/arm-atollic-eabi/4.4.1/thumb/thumb2\libgcc.a(pr-support.o)
 .glue_7        0x0800a070        0x0 c:/program files (x86)/atollic/truestudio stm32 lite 1.4.0/armtools/bin/../lib/gcc/arm-atollic-eabi/4.4.1/thumb/thumb2\libgcc.a(_divdi3.o)
 .glue_7        0x0800a070        0x0 c:/program files (x86)/atollic/truestudio stm32 lite 1.4.0/armtools/bin/../lib/gcc/arm-atollic-eabi/4.4.1/thumb/thumb2\libgcc.a(_udivdi3.o)
 .glue_7        0x0800a070        0x0 c:/program files (x86)/atollic/truestudio stm32 lite 1.4.0/armtools/bin/../lib/gcc/arm-atollic-eabi/4.4.1/../../../../arm-atollic-eabi/lib/thumb/thumb2\libc.a(lib_a-abort.o)
 .glue_7        0x0800a070        0x0 c:/program files (x86)/atollic/truestudio stm32 lite 1.4.0/armtools/bin/../lib/gcc/arm-atollic-eabi/4.4.1/../../../../arm-atollic-eabi/lib/thumb/thumb2\libc.a(lib_a-signal.o)
 .glue_7        0x0800a070        0x0 c:/program files (x86)/atollic/truestudio stm32 lite 1.4.0/armtools/bin/../lib/gcc/arm-atollic-eabi/4.4.1/../../../../arm-atollic-eabi/lib/thumb/thumb2\libc.a(lib_a-signalr.o)
 .glue_7        0x0800a070        0x0 c:/program files (x86)/atollic/truestudio stm32 lite 1.4.0/armtools/bin/../lib/gcc/arm-atollic-eabi/4.4.1/thumb/thumb2/crtend.o
 .glue_7        0x0800a070        0x0 c:/program files (x86)/atollic/truestudio stm32 lite 1.4.0/armtools/bin/../lib/gcc/arm-atollic-eabi/4.4.1/thumb/thumb2/crtn.o
 *(.glue_7t)
 .glue_7t       0x0800a070        0x0 c:/program files (x86)/atollic/truestudio stm32 lite 1.4.0/armtools/bin/../lib/gcc/arm-atollic-eabi/4.4.1/thumb/thumb2/crti.o
 .glue_7t       0x0800a070        0x0 c:/program files (x86)/atollic/truestudio stm32 lite 1.4.0/armtools/bin/../lib/gcc/arm-atollic-eabi/4.4.1/thumb/thumb2/crtbegin.o
 .glue_7t       0x0800a070        0x0 c:/program files (x86)/atollic/truestudio stm32 lite 1.4.0/armtools/bin/../lib/gcc/arm-atollic-eabi/4.4.1/../../../../arm-atollic-eabi/lib/thumb/thumb2/crt0.o
 .glue_7t       0x0800a070        0x0 Debug/src/ad7843.o
 .glue_7t       0x0800a070        0x0 Debug/src/config.o
 .glue_7t       0x0800a070        0x0 Debug/src/dbgMsg.o
 .glue_7t       0x0800a070        0x0 Debug/src/displayTask.o
 .glue_7t       0x0800a070        0x0 Debug/src/main.o
 .glue_7t       0x0800a070        0x0 Debug/src/rtc.o
 .glue_7t       0x0800a070        0x0 Debug/src/stm32f10x_it.o
 .glue_7t       0x0800a070        0x0 Debug/src/util.o
 .glue_7t       0x0800a070        0x0 Debug/FreeRTOS/heap_2.o
 .glue_7t       0x0800a070        0x0 Debug/FreeRTOS/list.o
 .glue_7t       0x0800a070        0x0 Debug/FreeRTOS/port.o
 .glue_7t       0x0800a070        0x0 Debug/FreeRTOS/queue.o
 .glue_7t       0x0800a070        0x0 Debug/FreeRTOS/tasks.o
 .glue_7t       0x0800a070        0x0 Debug/src/font/font_8x12.o
 .glue_7t       0x0800a070        0x0 Debug/src/font/font_8x8.o
 .glue_7t       0x0800a070        0x0 Debug/src/font/font_clock.o
 .glue_7t       0x0800a070        0x0 Debug/src/lib/lcd/lcd.o
 .glue_7t       0x0800a070        0x0 Debug/src/lib/lcd/MI0283QT-2.o
 .glue_7t       0x0800a070        0x0 Debug/src/lib/fat_sd/fattime.o
 .glue_7t       0x0800a070        0x0 Debug/src/lib/fat_sd/ff.o
 .glue_7t       0x0800a070        0x0 Debug/src/lib/fat_sd/sd_spi_stm32.o
 .glue_7t       0x0800a070        0x0 Debug/src/lib/minIni/minIni.o
 .glue_7t       0x0800a070        0x0 Debug/firmware/STM32F10x_StdPeriph_Driver/src/misc.o
 .glue_7t       0x0800a070        0x0 Debug/firmware/STM32F10x_StdPeriph_Driver/src/stm32f10x_adc.o
 .glue_7t       0x0800a070        0x0 Debug/firmware/STM32F10x_StdPeriph_Driver/src/stm32f10x_bkp.o
 .glue_7t       0x0800a070        0x0 Debug/firmware/STM32F10x_StdPeriph_Driver/src/stm32f10x_can.o
 .glue_7t       0x0800a070        0x0 Debug/firmware/STM32F10x_StdPeriph_Driver/src/stm32f10x_cec.o
 .glue_7t       0x0800a070        0x0 Debug/firmware/STM32F10x_StdPeriph_Driver/src/stm32f10x_crc.o
 .glue_7t       0x0800a070        0x0 Debug/firmware/STM32F10x_StdPeriph_Driver/src/stm32f10x_dac.o
 .glue_7t       0x0800a070        0x0 Debug/firmware/STM32F10x_StdPeriph_Driver/src/stm32f10x_dbgmcu.o
 .glue_7t       0x0800a070        0x0 Debug/firmware/STM32F10x_StdPeriph_Driver/src/stm32f10x_dma.o
 .glue_7t       0x0800a070        0x0 Debug/firmware/STM32F10x_StdPeriph_Driver/src/stm32f10x_exti.o
 .glue_7t       0x0800a070        0x0 Debug/firmware/STM32F10x_StdPeriph_Driver/src/stm32f10x_flash.o
 .glue_7t       0x0800a070        0x0 Debug/firmware/STM32F10x_StdPeriph_Driver/src/stm32f10x_fsmc.o
 .glue_7t       0x0800a070        0x0 Debug/firmware/STM32F10x_StdPeriph_Driver/src/stm32f10x_gpio.o
 .glue_7t       0x0800a070        0x0 Debug/firmware/STM32F10x_StdPeriph_Driver/src/stm32f10x_i2c.o
 .glue_7t       0x0800a070        0x0 Debug/firmware/STM32F10x_StdPeriph_Driver/src/stm32f10x_iwdg.o
 .glue_7t       0x0800a070        0x0 Debug/firmware/STM32F10x_StdPeriph_Driver/src/stm32f10x_pwr.o
 .glue_7t       0x0800a070        0x0 Debug/firmware/STM32F10x_StdPeriph_Driver/src/stm32f10x_rcc.o
 .glue_7t       0x0800a070        0x0 Debug/firmware/STM32F10x_StdPeriph_Driver/src/stm32f10x_rtc.o
 .glue_7t       0x0800a070        0x0 Debug/firmware/STM32F10x_StdPeriph_Driver/src/stm32f10x_sdio.o
 .glue_7t       0x0800a070        0x0 Debug/firmware/STM32F10x_StdPeriph_Driver/src/stm32f10x_spi.o
 .glue_7t       0x0800a070        0x0 Debug/firmware/STM32F10x_StdPeriph_Driver/src/stm32f10x_tim.o
 .glue_7t       0x0800a070        0x0 Debug/firmware/STM32F10x_StdPeriph_Driver/src/stm32f10x_usart.o
 .glue_7t       0x0800a070        0x0 Debug/firmware/STM32F10x_StdPeriph_Driver/src/stm32f10x_wwdg.o
 .glue_7t       0x0800a070        0x0 Debug/firmware/CMSIS/CM3/CoreSupport/core_cm3.o
 .glue_7t       0x0800a070        0x0 Debug/firmware/CMSIS/CM3/DeviceSupport/ST/STM32F10x/system_stm32f10x.o
 .glue_7t       0x0800a070        0x0 Debug/firmware/CMSIS/CM3/DeviceSupport/ST/STM32F10x/startup/TrueSTUDIO/startup_stm32f10x_cl.o
 .glue_7t       0x0800a070        0x0 c:/program files (x86)/atollic/truestudio stm32 lite 1.4.0/armtools/bin/../lib/gcc/arm-atollic-eabi/4.4.1/../../../../arm-atollic-eabi/lib/thumb/thumb2\libc.a(lib_a-atexit.o)
 .glue_7t       0x0800a070        0x0 c:/program files (x86)/atollic/truestudio stm32 lite 1.4.0/armtools/bin/../lib/gcc/arm-atollic-eabi/4.4.1/../../../../arm-atollic-eabi/lib/thumb/thumb2\libc.a(lib_a-exit.o)
 .glue_7t       0x0800a070        0x0 c:/program files (x86)/atollic/truestudio stm32 lite 1.4.0/armtools/bin/../lib/gcc/arm-atollic-eabi/4.4.1/../../../../arm-atollic-eabi/lib/thumb/thumb2\libc.a(lib_a-impure.o)
 .glue_7t       0x0800a070        0x0 c:/program files (x86)/atollic/truestudio stm32 lite 1.4.0/armtools/bin/../lib/gcc/arm-atollic-eabi/4.4.1/../../../../arm-atollic-eabi/lib/thumb/thumb2\libc.a(lib_a-init.o)
 .glue_7t       0x0800a070        0x0 c:/program files (x86)/atollic/truestudio stm32 lite 1.4.0/armtools/bin/../lib/gcc/arm-atollic-eabi/4.4.1/../../../../arm-atollic-eabi/lib/thumb/thumb2\libc.a(lib_a-memcmp.o)
 .glue_7t       0x0800a070        0x0 c:/program files (x86)/atollic/truestudio stm32 lite 1.4.0/armtools/bin/../lib/gcc/arm-atollic-eabi/4.4.1/../../../../arm-atollic-eabi/lib/thumb/thumb2\libc.a(lib_a-memcpy.o)
 .glue_7t       0x0800a070        0x0 c:/program files (x86)/atollic/truestudio stm32 lite 1.4.0/armtools/bin/../lib/gcc/arm-atollic-eabi/4.4.1/../../../../arm-atollic-eabi/lib/thumb/thumb2\libc.a(lib_a-memset.o)
 .glue_7t       0x0800a070        0x0 c:/program files (x86)/atollic/truestudio stm32 lite 1.4.0/armtools/bin/../lib/gcc/arm-atollic-eabi/4.4.1/../../../../arm-atollic-eabi/lib/thumb/thumb2\libc.a(lib_a-sprintf.o)
 .glue_7t       0x0800a070        0x0 c:/program files (x86)/atollic/truestudio stm32 lite 1.4.0/armtools/bin/../lib/gcc/arm-atollic-eabi/4.4.1/../../../../arm-atollic-eabi/lib/thumb/thumb2\libc.a(lib_a-strchr.o)
 .glue_7t       0x0800a070        0x0 c:/program files (x86)/atollic/truestudio stm32 lite 1.4.0/armtools/bin/../lib/gcc/arm-atollic-eabi/4.4.1/../../../../arm-atollic-eabi/lib/thumb/thumb2\libc.a(lib_a-strcmp.o)
 .glue_7t       0x0800a070        0x0 c:/program files (x86)/atollic/truestudio stm32 lite 1.4.0/armtools/bin/../lib/gcc/arm-atollic-eabi/4.4.1/../../../../arm-atollic-eabi/lib/thumb/thumb2\libc.a(lib_a-strlen.o)
 .glue_7t       0x0800a070        0x0 c:/program files (x86)/atollic/truestudio stm32 lite 1.4.0/armtools/bin/../lib/gcc/arm-atollic-eabi/4.4.1/../../../../arm-atollic-eabi/lib/thumb/thumb2\libc.a(lib_a-strncasecmp.o)
 .glue_7t       0x0800a070        0x0 c:/program files (x86)/atollic/truestudio stm32 lite 1.4.0/armtools/bin/../lib/gcc/arm-atollic-eabi/4.4.1/../../../../arm-atollic-eabi/lib/thumb/thumb2\libc.a(lib_a-strncpy.o)
 .glue_7t       0x0800a070        0x0 c:/program files (x86)/atollic/truestudio stm32 lite 1.4.0/armtools/bin/../lib/gcc/arm-atollic-eabi/4.4.1/../../../../arm-atollic-eabi/lib/thumb/thumb2\libc.a(lib_a-strtol.o)
 .glue_7t       0x0800a070        0x0 c:/program files (x86)/atollic/truestudio stm32 lite 1.4.0/armtools/bin/../lib/gcc/arm-atollic-eabi/4.4.1/../../../../arm-atollic-eabi/lib/thumb/thumb2\libc.a(lib_a-svfprintf.o)
 .glue_7t       0x0800a070        0x0 c:/program files (x86)/atollic/truestudio stm32 lite 1.4.0/armtools/bin/../lib/gcc/arm-atollic-eabi/4.4.1/../../../../arm-atollic-eabi/lib/thumb/thumb2\libc.a(lib_a-syscalls.o)
 .glue_7t       0x0800a070        0x0 c:/program files (x86)/atollic/truestudio stm32 lite 1.4.0/armtools/bin/../lib/gcc/arm-atollic-eabi/4.4.1/../../../../arm-atollic-eabi/lib/thumb/thumb2\libc.a(lib_a-__atexit.o)
 .glue_7t       0x0800a070        0x0 c:/program files (x86)/atollic/truestudio stm32 lite 1.4.0/armtools/bin/../lib/gcc/arm-atollic-eabi/4.4.1/../../../../arm-atollic-eabi/lib/thumb/thumb2\libc.a(lib_a-__call_atexit.o)
 .glue_7t       0x0800a070        0x0 c:/program files (x86)/atollic/truestudio stm32 lite 1.4.0/armtools/bin/../lib/gcc/arm-atollic-eabi/4.4.1/../../../../arm-atollic-eabi/lib/thumb/thumb2\libc.a(lib_a-ctype_.o)
 .glue_7t       0x0800a070        0x0 c:/program files (x86)/atollic/truestudio stm32 lite 1.4.0/armtools/bin/../lib/gcc/arm-atollic-eabi/4.4.1/../../../../arm-atollic-eabi/lib/thumb/thumb2\libc.a(lib_a-dtoa.o)
 .glue_7t       0x0800a070        0x0 c:/program files (x86)/atollic/truestudio stm32 lite 1.4.0/armtools/bin/../lib/gcc/arm-atollic-eabi/4.4.1/../../../../arm-atollic-eabi/lib/thumb/thumb2\libc.a(lib_a-findfp.o)
 .glue_7t       0x0800a070        0x0 c:/program files (x86)/atollic/truestudio stm32 lite 1.4.0/armtools/bin/../lib/gcc/arm-atollic-eabi/4.4.1/../../../../arm-atollic-eabi/lib/thumb/thumb2\libc.a(lib_a-freer.o)
 .glue_7t       0x0800a070        0x0 c:/program files (x86)/atollic/truestudio stm32 lite 1.4.0/armtools/bin/../lib/gcc/arm-atollic-eabi/4.4.1/../../../../arm-atollic-eabi/lib/thumb/thumb2\libc.a(lib_a-fwalk.o)
 .glue_7t       0x0800a070        0x0 c:/program files (x86)/atollic/truestudio stm32 lite 1.4.0/armtools/bin/../lib/gcc/arm-atollic-eabi/4.4.1/../../../../arm-atollic-eabi/lib/thumb/thumb2\libc.a(lib_a-locale.o)
 .glue_7t       0x0800a070        0x0 c:/program files (x86)/atollic/truestudio stm32 lite 1.4.0/armtools/bin/../lib/gcc/arm-atollic-eabi/4.4.1/../../../../arm-atollic-eabi/lib/thumb/thumb2\libc.a(lib_a-malloc.o)
 .glue_7t       0x0800a070        0x0 c:/program files (x86)/atollic/truestudio stm32 lite 1.4.0/armtools/bin/../lib/gcc/arm-atollic-eabi/4.4.1/../../../../arm-atollic-eabi/lib/thumb/thumb2\libc.a(lib_a-mallocr.o)
 .glue_7t       0x0800a070        0x0 c:/program files (x86)/atollic/truestudio stm32 lite 1.4.0/armtools/bin/../lib/gcc/arm-atollic-eabi/4.4.1/../../../../arm-atollic-eabi/lib/thumb/thumb2\libc.a(lib_a-memchr.o)
 .glue_7t       0x0800a070        0x0 c:/program files (x86)/atollic/truestudio stm32 lite 1.4.0/armtools/bin/../lib/gcc/arm-atollic-eabi/4.4.1/../../../../arm-atollic-eabi/lib/thumb/thumb2\libc.a(lib_a-memmove.o)
 .glue_7t       0x0800a070        0x0 c:/program files (x86)/atollic/truestudio stm32 lite 1.4.0/armtools/bin/../lib/gcc/arm-atollic-eabi/4.4.1/../../../../arm-atollic-eabi/lib/thumb/thumb2\libc.a(lib_a-mlock.o)
 .glue_7t       0x0800a070        0x0 c:/program files (x86)/atollic/truestudio stm32 lite 1.4.0/armtools/bin/../lib/gcc/arm-atollic-eabi/4.4.1/../../../../arm-atollic-eabi/lib/thumb/thumb2\libc.a(lib_a-mprec.o)
 .glue_7t       0x0800a070        0x0 c:/program files (x86)/atollic/truestudio stm32 lite 1.4.0/armtools/bin/../lib/gcc/arm-atollic-eabi/4.4.1/../../../../arm-atollic-eabi/lib/thumb/thumb2\libc.a(lib_a-reallocr.o)
 .glue_7t       0x0800a070        0x0 c:/program files (x86)/atollic/truestudio stm32 lite 1.4.0/armtools/bin/../lib/gcc/arm-atollic-eabi/4.4.1/../../../../arm-atollic-eabi/lib/thumb/thumb2\libc.a(lib_a-reent.o)
 .glue_7t       0x0800a070        0x0 c:/program files (x86)/atollic/truestudio stm32 lite 1.4.0/armtools/bin/../lib/gcc/arm-atollic-eabi/4.4.1/../../../../arm-atollic-eabi/lib/thumb/thumb2\libc.a(lib_a-s_isinfd.o)
 .glue_7t       0x0800a070        0x0 c:/program files (x86)/atollic/truestudio stm32 lite 1.4.0/armtools/bin/../lib/gcc/arm-atollic-eabi/4.4.1/../../../../arm-atollic-eabi/lib/thumb/thumb2\libc.a(lib_a-s_isnand.o)
 .glue_7t       0x0800a070        0x0 c:/program files (x86)/atollic/truestudio stm32 lite 1.4.0/armtools/bin/../lib/gcc/arm-atollic-eabi/4.4.1/../../../../arm-atollic-eabi/lib/thumb/thumb2\libc.a(lib_a-sbrkr.o)
 .glue_7t       0x0800a070        0x0 c:/program files (x86)/atollic/truestudio stm32 lite 1.4.0/armtools/bin/../lib/gcc/arm-atollic-eabi/4.4.1/../../../../arm-atollic-eabi/lib/thumb/thumb2\libc.a(lib_a-stdio.o)
 .glue_7t       0x0800a070        0x0 c:/program files (x86)/atollic/truestudio stm32 lite 1.4.0/armtools/bin/../lib/gcc/arm-atollic-eabi/4.4.1/../../../../arm-atollic-eabi/lib/thumb/thumb2\libc.a(lib_a-writer.o)
 .glue_7t       0x0800a070        0x0 c:/program files (x86)/atollic/truestudio stm32 lite 1.4.0/armtools/bin/../lib/gcc/arm-atollic-eabi/4.4.1/../../../../arm-atollic-eabi/lib/thumb/thumb2\libc.a(lib_a-callocr.o)
 .glue_7t       0x0800a070        0x0 c:/program files (x86)/atollic/truestudio stm32 lite 1.4.0/armtools/bin/../lib/gcc/arm-atollic-eabi/4.4.1/../../../../arm-atollic-eabi/lib/thumb/thumb2\libc.a(lib_a-closer.o)
 .glue_7t       0x0800a070        0x0 c:/program files (x86)/atollic/truestudio stm32 lite 1.4.0/armtools/bin/../lib/gcc/arm-atollic-eabi/4.4.1/../../../../arm-atollic-eabi/lib/thumb/thumb2\libc.a(lib_a-fclose.o)
 .glue_7t       0x0800a070        0x0 c:/program files (x86)/atollic/truestudio stm32 lite 1.4.0/armtools/bin/../lib/gcc/arm-atollic-eabi/4.4.1/../../../../arm-atollic-eabi/lib/thumb/thumb2\libc.a(lib_a-fflush.o)
 .glue_7t       0x0800a070        0x0 c:/program files (x86)/atollic/truestudio stm32 lite 1.4.0/armtools/bin/../lib/gcc/arm-atollic-eabi/4.4.1/../../../../arm-atollic-eabi/lib/thumb/thumb2\libc.a(lib_a-lseekr.o)
 .glue_7t       0x0800a070        0x0 c:/program files (x86)/atollic/truestudio stm32 lite 1.4.0/armtools/bin/../lib/gcc/arm-atollic-eabi/4.4.1/../../../../arm-atollic-eabi/lib/thumb/thumb2\libc.a(lib_a-readr.o)
 .glue_7t       0x0800a070        0x0 c:/program files (x86)/atollic/truestudio stm32 lite 1.4.0/armtools/bin/../lib/gcc/arm-atollic-eabi/4.4.1/thumb/thumb2\libgcc.a(_udivsi3.o)
 .glue_7t       0x0800a070        0x0 c:/program files (x86)/atollic/truestudio stm32 lite 1.4.0/armtools/bin/../lib/gcc/arm-atollic-eabi/4.4.1/thumb/thumb2\libgcc.a(_divsi3.o)
 .glue_7t       0x0800a070        0x0 c:/program files (x86)/atollic/truestudio stm32 lite 1.4.0/armtools/bin/../lib/gcc/arm-atollic-eabi/4.4.1/thumb/thumb2\libgcc.a(_dvmd_tls.o)
 .glue_7t       0x0800a070        0x0 c:/program files (x86)/atollic/truestudio stm32 lite 1.4.0/armtools/bin/../lib/gcc/arm-atollic-eabi/4.4.1/thumb/thumb2\libgcc.a(_arm_addsubdf3.o)
 .glue_7t       0x0800a070        0x0 c:/program files (x86)/atollic/truestudio stm32 lite 1.4.0/armtools/bin/../lib/gcc/arm-atollic-eabi/4.4.1/thumb/thumb2\libgcc.a(_arm_muldivdf3.o)
 .glue_7t       0x0800a070        0x0 c:/program files (x86)/atollic/truestudio stm32 lite 1.4.0/armtools/bin/../lib/gcc/arm-atollic-eabi/4.4.1/thumb/thumb2\libgcc.a(_arm_cmpdf2.o)
 .glue_7t       0x0800a070        0x0 c:/program files (x86)/atollic/truestudio stm32 lite 1.4.0/armtools/bin/../lib/gcc/arm-atollic-eabi/4.4.1/thumb/thumb2\libgcc.a(_arm_fixdfsi.o)
 .glue_7t       0x0800a070        0x0 c:/program files (x86)/atollic/truestudio stm32 lite 1.4.0/armtools/bin/../lib/gcc/arm-atollic-eabi/4.4.1/thumb/thumb2\libgcc.a(_aeabi_uldivmod.o)
 .glue_7t       0x0800a070        0x0 c:/program files (x86)/atollic/truestudio stm32 lite 1.4.0/armtools/bin/../lib/gcc/arm-atollic-eabi/4.4.1/thumb/thumb2\libgcc.a(bpabi.o)
 .glue_7t       0x0800a070        0x0 c:/program files (x86)/atollic/truestudio stm32 lite 1.4.0/armtools/bin/../lib/gcc/arm-atollic-eabi/4.4.1/thumb/thumb2\libgcc.a(unwind-arm.o)
 .glue_7t       0x0800a070        0x0 c:/program files (x86)/atollic/truestudio stm32 lite 1.4.0/armtools/bin/../lib/gcc/arm-atollic-eabi/4.4.1/thumb/thumb2\libgcc.a(libunwind.o)
 .glue_7t       0x0800a070        0x0 c:/program files (x86)/atollic/truestudio stm32 lite 1.4.0/armtools/bin/../lib/gcc/arm-atollic-eabi/4.4.1/thumb/thumb2\libgcc.a(pr-support.o)
 .glue_7t       0x0800a070        0x0 c:/program files (x86)/atollic/truestudio stm32 lite 1.4.0/armtools/bin/../lib/gcc/arm-atollic-eabi/4.4.1/thumb/thumb2\libgcc.a(_divdi3.o)
 .glue_7t       0x0800a070        0x0 c:/program files (x86)/atollic/truestudio stm32 lite 1.4.0/armtools/bin/../lib/gcc/arm-atollic-eabi/4.4.1/thumb/thumb2\libgcc.a(_udivdi3.o)
 .glue_7t       0x0800a070        0x0 c:/program files (x86)/atollic/truestudio stm32 lite 1.4.0/armtools/bin/../lib/gcc/arm-atollic-eabi/4.4.1/../../../../arm-atollic-eabi/lib/thumb/thumb2\libc.a(lib_a-abort.o)
 .glue_7t       0x0800a070        0x0 c:/program files (x86)/atollic/truestudio stm32 lite 1.4.0/armtools/bin/../lib/gcc/arm-atollic-eabi/4.4.1/../../../../arm-atollic-eabi/lib/thumb/thumb2\libc.a(lib_a-signal.o)
 .glue_7t       0x0800a070        0x0 c:/program files (x86)/atollic/truestudio stm32 lite 1.4.0/armtools/bin/../lib/gcc/arm-atollic-eabi/4.4.1/../../../../arm-atollic-eabi/lib/thumb/thumb2\libc.a(lib_a-signalr.o)
 .glue_7t       0x0800a070        0x0 c:/program files (x86)/atollic/truestudio stm32 lite 1.4.0/armtools/bin/../lib/gcc/arm-atollic-eabi/4.4.1/thumb/thumb2/crtend.o
 .glue_7t       0x0800a070        0x0 c:/program files (x86)/atollic/truestudio stm32 lite 1.4.0/armtools/bin/../lib/gcc/arm-atollic-eabi/4.4.1/thumb/thumb2/crtn.o
 *(.eh_frame)
 .eh_frame      0x0800a070        0x0 c:/program files (x86)/atollic/truestudio stm32 lite 1.4.0/armtools/bin/../lib/gcc/arm-atollic-eabi/4.4.1/thumb/thumb2/crtbegin.o
 *(.init)
 .init          0x0800a070        0x4 c:/program files (x86)/atollic/truestudio stm32 lite 1.4.0/armtools/bin/../lib/gcc/arm-atollic-eabi/4.4.1/thumb/thumb2/crti.o
                0x0800a070                _init
 .init          0x0800a074        0x8 c:/program files (x86)/atollic/truestudio stm32 lite 1.4.0/armtools/bin/../lib/gcc/arm-atollic-eabi/4.4.1/thumb/thumb2/crtn.o
 *(.fini)
 .fini          0x0800a07c        0x4 c:/program files (x86)/atollic/truestudio stm32 lite 1.4.0/armtools/bin/../lib/gcc/arm-atollic-eabi/4.4.1/thumb/thumb2/crti.o
                0x0800a07c                _fini
 .fini          0x0800a080        0x8 c:/program files (x86)/atollic/truestudio stm32 lite 1.4.0/armtools/bin/../lib/gcc/arm-atollic-eabi/4.4.1/thumb/thumb2/crtn.o
                0x0800a088                . = ALIGN (0x4)
                0x0800a088                _etext = .

.vfp11_veneer   0x0800a088        0x0
 .vfp11_veneer  0x0800a088        0x0 c:/program files (x86)/atollic/truestudio stm32 lite 1.4.0/armtools/bin/../lib/gcc/arm-atollic-eabi/4.4.1/thumb/thumb2/crti.o
 .vfp11_veneer  0x0800a088        0x0 c:/program files (x86)/atollic/truestudio stm32 lite 1.4.0/armtools/bin/../lib/gcc/arm-atollic-eabi/4.4.1/thumb/thumb2/crtbegin.o
 .vfp11_veneer  0x0800a088        0x0 c:/program files (x86)/atollic/truestudio stm32 lite 1.4.0/armtools/bin/../lib/gcc/arm-atollic-eabi/4.4.1/../../../../arm-atollic-eabi/lib/thumb/thumb2/crt0.o
 .vfp11_veneer  0x0800a088        0x0 Debug/src/ad7843.o
 .vfp11_veneer  0x0800a088        0x0 Debug/src/config.o
 .vfp11_veneer  0x0800a088        0x0 Debug/src/dbgMsg.o
 .vfp11_veneer  0x0800a088        0x0 Debug/src/displayTask.o
 .vfp11_veneer  0x0800a088        0x0 Debug/src/main.o
 .vfp11_veneer  0x0800a088        0x0 Debug/src/rtc.o
 .vfp11_veneer  0x0800a088        0x0 Debug/src/stm32f10x_it.o
 .vfp11_veneer  0x0800a088        0x0 Debug/src/util.o
 .vfp11_veneer  0x0800a088        0x0 Debug/FreeRTOS/heap_2.o
 .vfp11_veneer  0x0800a088        0x0 Debug/FreeRTOS/list.o
 .vfp11_veneer  0x0800a088        0x0 Debug/FreeRTOS/port.o
 .vfp11_veneer  0x0800a088        0x0 Debug/FreeRTOS/queue.o
 .vfp11_veneer  0x0800a088        0x0 Debug/FreeRTOS/tasks.o
 .vfp11_veneer  0x0800a088        0x0 Debug/src/font/font_8x12.o
 .vfp11_veneer  0x0800a088        0x0 Debug/src/font/font_8x8.o
 .vfp11_veneer  0x0800a088        0x0 Debug/src/font/font_clock.o
 .vfp11_veneer  0x0800a088        0x0 Debug/src/lib/lcd/lcd.o
 .vfp11_veneer  0x0800a088        0x0 Debug/src/lib/lcd/MI0283QT-2.o
 .vfp11_veneer  0x0800a088        0x0 Debug/src/lib/fat_sd/fattime.o
 .vfp11_veneer  0x0800a088        0x0 Debug/src/lib/fat_sd/ff.o
 .vfp11_veneer  0x0800a088        0x0 Debug/src/lib/fat_sd/sd_spi_stm32.o
 .vfp11_veneer  0x0800a088        0x0 Debug/src/lib/minIni/minIni.o
 .vfp11_veneer  0x0800a088        0x0 Debug/firmware/STM32F10x_StdPeriph_Driver/src/misc.o
 .vfp11_veneer  0x0800a088        0x0 Debug/firmware/STM32F10x_StdPeriph_Driver/src/stm32f10x_adc.o
 .vfp11_veneer  0x0800a088        0x0 Debug/firmware/STM32F10x_StdPeriph_Driver/src/stm32f10x_bkp.o
 .vfp11_veneer  0x0800a088        0x0 Debug/firmware/STM32F10x_StdPeriph_Driver/src/stm32f10x_can.o
 .vfp11_veneer  0x0800a088        0x0 Debug/firmware/STM32F10x_StdPeriph_Driver/src/stm32f10x_cec.o
 .vfp11_veneer  0x0800a088        0x0 Debug/firmware/STM32F10x_StdPeriph_Driver/src/stm32f10x_crc.o
 .vfp11_veneer  0x0800a088        0x0 Debug/firmware/STM32F10x_StdPeriph_Driver/src/stm32f10x_dac.o
 .vfp11_veneer  0x0800a088        0x0 Debug/firmware/STM32F10x_StdPeriph_Driver/src/stm32f10x_dbgmcu.o
 .vfp11_veneer  0x0800a088        0x0 Debug/firmware/STM32F10x_StdPeriph_Driver/src/stm32f10x_dma.o
 .vfp11_veneer  0x0800a088        0x0 Debug/firmware/STM32F10x_StdPeriph_Driver/src/stm32f10x_exti.o
 .vfp11_veneer  0x0800a088        0x0 Debug/firmware/STM32F10x_StdPeriph_Driver/src/stm32f10x_flash.o
 .vfp11_veneer  0x0800a088        0x0 Debug/firmware/STM32F10x_StdPeriph_Driver/src/stm32f10x_fsmc.o
 .vfp11_veneer  0x0800a088        0x0 Debug/firmware/STM32F10x_StdPeriph_Driver/src/stm32f10x_gpio.o
 .vfp11_veneer  0x0800a088        0x0 Debug/firmware/STM32F10x_StdPeriph_Driver/src/stm32f10x_i2c.o
 .vfp11_veneer  0x0800a088        0x0 Debug/firmware/STM32F10x_StdPeriph_Driver/src/stm32f10x_iwdg.o
 .vfp11_veneer  0x0800a088        0x0 Debug/firmware/STM32F10x_StdPeriph_Driver/src/stm32f10x_pwr.o
 .vfp11_veneer  0x0800a088        0x0 Debug/firmware/STM32F10x_StdPeriph_Driver/src/stm32f10x_rcc.o
 .vfp11_veneer  0x0800a088        0x0 Debug/firmware/STM32F10x_StdPeriph_Driver/src/stm32f10x_rtc.o
 .vfp11_veneer  0x0800a088        0x0 Debug/firmware/STM32F10x_StdPeriph_Driver/src/stm32f10x_sdio.o
 .vfp11_veneer  0x0800a088        0x0 Debug/firmware/STM32F10x_StdPeriph_Driver/src/stm32f10x_spi.o
 .vfp11_veneer  0x0800a088        0x0 Debug/firmware/STM32F10x_StdPeriph_Driver/src/stm32f10x_tim.o
 .vfp11_veneer  0x0800a088        0x0 Debug/firmware/STM32F10x_StdPeriph_Driver/src/stm32f10x_usart.o
 .vfp11_veneer  0x0800a088        0x0 Debug/firmware/STM32F10x_StdPeriph_Driver/src/stm32f10x_wwdg.o
 .vfp11_veneer  0x0800a088        0x0 Debug/firmware/CMSIS/CM3/CoreSupport/core_cm3.o
 .vfp11_veneer  0x0800a088        0x0 Debug/firmware/CMSIS/CM3/DeviceSupport/ST/STM32F10x/system_stm32f10x.o
 .vfp11_veneer  0x0800a088        0x0 Debug/firmware/CMSIS/CM3/DeviceSupport/ST/STM32F10x/startup/TrueSTUDIO/startup_stm32f10x_cl.o
 .vfp11_veneer  0x0800a088        0x0 c:/program files (x86)/atollic/truestudio stm32 lite 1.4.0/armtools/bin/../lib/gcc/arm-atollic-eabi/4.4.1/../../../../arm-atollic-eabi/lib/thumb/thumb2\libc.a(lib_a-atexit.o)
 .vfp11_veneer  0x0800a088        0x0 c:/program files (x86)/atollic/truestudio stm32 lite 1.4.0/armtools/bin/../lib/gcc/arm-atollic-eabi/4.4.1/../../../../arm-atollic-eabi/lib/thumb/thumb2\libc.a(lib_a-exit.o)
 .vfp11_veneer  0x0800a088        0x0 c:/program files (x86)/atollic/truestudio stm32 lite 1.4.0/armtools/bin/../lib/gcc/arm-atollic-eabi/4.4.1/../../../../arm-atollic-eabi/lib/thumb/thumb2\libc.a(lib_a-impure.o)
 .vfp11_veneer  0x0800a088        0x0 c:/program files (x86)/atollic/truestudio stm32 lite 1.4.0/armtools/bin/../lib/gcc/arm-atollic-eabi/4.4.1/../../../../arm-atollic-eabi/lib/thumb/thumb2\libc.a(lib_a-init.o)
 .vfp11_veneer  0x0800a088        0x0 c:/program files (x86)/atollic/truestudio stm32 lite 1.4.0/armtools/bin/../lib/gcc/arm-atollic-eabi/4.4.1/../../../../arm-atollic-eabi/lib/thumb/thumb2\libc.a(lib_a-memcmp.o)
 .vfp11_veneer  0x0800a088        0x0 c:/program files (x86)/atollic/truestudio stm32 lite 1.4.0/armtools/bin/../lib/gcc/arm-atollic-eabi/4.4.1/../../../../arm-atollic-eabi/lib/thumb/thumb2\libc.a(lib_a-memcpy.o)
 .vfp11_veneer  0x0800a088        0x0 c:/program files (x86)/atollic/truestudio stm32 lite 1.4.0/armtools/bin/../lib/gcc/arm-atollic-eabi/4.4.1/../../../../arm-atollic-eabi/lib/thumb/thumb2\libc.a(lib_a-memset.o)
 .vfp11_veneer  0x0800a088        0x0 c:/program files (x86)/atollic/truestudio stm32 lite 1.4.0/armtools/bin/../lib/gcc/arm-atollic-eabi/4.4.1/../../../../arm-atollic-eabi/lib/thumb/thumb2\libc.a(lib_a-sprintf.o)
 .vfp11_veneer  0x0800a088        0x0 c:/program files (x86)/atollic/truestudio stm32 lite 1.4.0/armtools/bin/../lib/gcc/arm-atollic-eabi/4.4.1/../../../../arm-atollic-eabi/lib/thumb/thumb2\libc.a(lib_a-strchr.o)
 .vfp11_veneer  0x0800a088        0x0 c:/program files (x86)/atollic/truestudio stm32 lite 1.4.0/armtools/bin/../lib/gcc/arm-atollic-eabi/4.4.1/../../../../arm-atollic-eabi/lib/thumb/thumb2\libc.a(lib_a-strcmp.o)
 .vfp11_veneer  0x0800a088        0x0 c:/program files (x86)/atollic/truestudio stm32 lite 1.4.0/armtools/bin/../lib/gcc/arm-atollic-eabi/4.4.1/../../../../arm-atollic-eabi/lib/thumb/thumb2\libc.a(lib_a-strlen.o)
 .vfp11_veneer  0x0800a088        0x0 c:/program files (x86)/atollic/truestudio stm32 lite 1.4.0/armtools/bin/../lib/gcc/arm-atollic-eabi/4.4.1/../../../../arm-atollic-eabi/lib/thumb/thumb2\libc.a(lib_a-strncasecmp.o)
 .vfp11_veneer  0x0800a088        0x0 c:/program files (x86)/atollic/truestudio stm32 lite 1.4.0/armtools/bin/../lib/gcc/arm-atollic-eabi/4.4.1/../../../../arm-atollic-eabi/lib/thumb/thumb2\libc.a(lib_a-strncpy.o)